
Allocating common symbols
Common symbol       size              file

kbd_buf             0x6c              build/keyboard.o
thread_ready_list   0x10              build/thread.o
thread_all_list     0x10              build/thread.o
user_pool           0x2c              build/memory.o
k_block_descs       0xa8              build/memory.o
intr_name           0x204             build/interrupt.o
main_thread         0x4               build/thread.o
ticks               0x4               build/timer.o
kernel_vaddr        0xc               build/memory.o
syscall_table       0x80              build/syscall_init.o
idt_table           0x204             build/interrupt.o
kernel_pool         0x2c              build/memory.o
pid_lock            0x1c              build/thread.o

Discarded input sections

 .note.GNU-stack
                0x0000000000000000        0x0 build/main.o
 .note.GNU-stack
                0x0000000000000000        0x0 build/init.o
 .note.GNU-stack
                0x0000000000000000        0x0 build/interrupt.o
 .note.GNU-stack
                0x0000000000000000        0x0 build/timer.o
 .note.GNU-stack
                0x0000000000000000        0x0 build/debug.o
 .note.GNU-stack
                0x0000000000000000        0x0 build/memory.o
 .note.GNU-stack
                0x0000000000000000        0x0 build/bitmap.o
 .note.GNU-stack
                0x0000000000000000        0x0 build/string.o
 .note.GNU-stack
                0x0000000000000000        0x0 build/thread.o
 .note.GNU-stack
                0x0000000000000000        0x0 build/list.o
 .note.GNU-stack
                0x0000000000000000        0x0 build/console.o
 .note.GNU-stack
                0x0000000000000000        0x0 build/sync.o
 .note.GNU-stack
                0x0000000000000000        0x0 build/keyboard.o
 .note.GNU-stack
                0x0000000000000000        0x0 build/ioqueue.o
 .note.GNU-stack
                0x0000000000000000        0x0 build/tss.o
 .note.GNU-stack
                0x0000000000000000        0x0 build/process.o
 .note.GNU-stack
                0x0000000000000000        0x0 build/syscall_init.o
 .note.GNU-stack
                0x0000000000000000        0x0 build/syscall.o
 .note.GNU-stack
                0x0000000000000000        0x0 build/stdio.o

Memory Configuration

Name             Origin             Length             Attributes
*default*        0x0000000000000000 0xffffffffffffffff

Linker script and memory map

Address of section .text set to 0xc0001500
LOAD build/main.o
LOAD build/init.o
LOAD build/interrupt.o
LOAD build/timer.o
LOAD build/kernel.o
LOAD build/print.o
LOAD build/debug.o
LOAD build/memory.o
LOAD build/bitmap.o
LOAD build/string.o
LOAD build/thread.o
LOAD build/list.o
LOAD build/switch.o
LOAD build/console.o
LOAD build/sync.o
LOAD build/keyboard.o
LOAD build/ioqueue.o
LOAD build/tss.o
LOAD build/process.o
LOAD build/syscall_init.o
LOAD build/syscall.o
LOAD build/stdio.o
                [!provide]                        PROVIDE (__executable_start, 0x8048000)
                0x0000000008048094                . = (0x8048000 + SIZEOF_HEADERS)

.interp
 *(.interp)

.note.gnu.build-id
 *(.note.gnu.build-id)

.hash
 *(.hash)

.gnu.hash
 *(.gnu.hash)

.dynsym
 *(.dynsym)

.dynstr
 *(.dynstr)

.gnu.version
 *(.gnu.version)

.gnu.version_d
 *(.gnu.version_d)

.gnu.version_r
 *(.gnu.version_r)

.rel.dyn        0x0000000008048094        0x0
 *(.rel.init)
 *(.rel.text .rel.text.* .rel.gnu.linkonce.t.*)
 .rel.text      0x0000000008048094        0x0 build/main.o
 *(.rel.fini)
 *(.rel.rodata .rel.rodata.* .rel.gnu.linkonce.r.*)
 *(.rel.data.rel.ro .rel.data.rel.ro.* .rel.gnu.linkonce.d.rel.ro.*)
 *(.rel.data .rel.data.* .rel.gnu.linkonce.d.*)
 *(.rel.tdata .rel.tdata.* .rel.gnu.linkonce.td.*)
 *(.rel.tbss .rel.tbss.* .rel.gnu.linkonce.tb.*)
 *(.rel.ctors)
 *(.rel.dtors)
 *(.rel.got)
 *(.rel.bss .rel.bss.* .rel.gnu.linkonce.b.*)
 *(.rel.ifunc)

.rel.plt        0x0000000008048094        0x0
 *(.rel.plt)
                [!provide]                        PROVIDE (__rel_iplt_start, .)
 *(.rel.iplt)
                [!provide]                        PROVIDE (__rel_iplt_end, .)

.init
 *(SORT(.init))

.plt
 *(.plt)
 *(.iplt)

.plt.got
 *(.plt.got)

.text           0x00000000c0001500     0x433c
 *(.text.unlikely .text.*_unlikely .text.unlikely.*)
 *(.text.exit .text.exit.*)
 *(.text.startup .text.startup.*)
 *(.text.hot .text.hot.*)
 *(.text .stub .text.* .gnu.linkonce.t.*)
 .text          0x00000000c0001500      0x3d0 build/main.o
                0x00000000c0001500                main
                0x00000000c0001569                k_thread_a
                0x00000000c000166f                k_thread_b
                0x00000000c0001856                u_prog_a
                0x00000000c0001893                u_prog_b
 .text          0x00000000c00018d0       0x3c build/init.o
                0x00000000c00018d0                init_all
 .text          0x00000000c000190c      0x480 build/interrupt.o
                0x00000000c0001c7a                register_handler
                0x00000000c0001c96                idt_init
                0x00000000c0001cf8                intr_enable
                0x00000000c0001d21                intr_disable
                0x00000000c0001d4a                intr_set_status
                0x00000000c0001d68                intr_get_status
 .text          0x00000000c0001d8c      0x193 build/timer.o
                0x00000000c0001ebf                timer_init
 *fill*         0x00000000c0001f1f        0x1 
 .text          0x00000000c0001f20      0x55b build/kernel.o
                0x00000000c0001f20                intr_exit
                0x00000000c0002457                syscall_handler
 *fill*         0x00000000c000247b        0x5 
 .text          0x00000000c0002480      0x172 build/print.o
                0x00000000c0002480                put_str
                0x00000000c000249e                put_char
                0x00000000c000256b                put_int
                0x00000000c00025ce                set_cursor
 .text          0x00000000c00025f2       0xa5 build/debug.o
                0x00000000c00025f2                panic_spin
 .text          0x00000000c0002697     0x112e build/memory.o
                0x00000000c000287a                pte_ptr
                0x00000000c00028aa                pde_ptr
                0x00000000c0002921                pfree
                0x00000000c0002ada                malloc_page
                0x00000000c0002ba4                mfree_page
                0x00000000c0002d81                get_kernel_pages
                0x00000000c0002ddd                get_user_pages
                0x00000000c0002e39                get_a_page
                0x00000000c0002fb1                addr_v2p
                0x00000000c00031c6                sys_malloc
                0x00000000c00034f5                sys_free
                0x00000000c00036f6                block_desc_init
                0x00000000c0003784                mem_init
 .text          0x00000000c00037c5      0x266 build/bitmap.o
                0x00000000c00037c5                bitmap_init
                0x00000000c00037ec                bitmap_scan_test
                0x00000000c000382c                bitmap_scan
                0x00000000c0003970                bitmap_set
 .text          0x00000000c0003a2b      0x44a build/string.o
                0x00000000c0003a2b                memset
                0x00000000c0003a87                memcpy
                0x00000000c0003af3                memcmp
                0x00000000c0003b84                strcpy
                0x00000000c0003be6                strlen
                0x00000000c0003c3c                strcmp
                0x00000000c0003cc3                strchr
                0x00000000c0003d28                strrchr
                0x00000000c0003d91                strcat
                0x00000000c0003e08                strchrs
 .text          0x00000000c0003e75      0x5e4 build/thread.o
                0x00000000c0003e75                running_thread
                0x00000000c0003ed9                thread_create
                0x00000000c0003f46                init_thread
                0x00000000c0003ff0                thread_start
                0x00000000c000416b                schedule
                0x00000000c000429e                thread_block
                0x00000000c0004305                thread_unblock
                0x00000000c0004410                thread_init
 .text          0x00000000c0004459      0x1e3 build/list.o
                0x00000000c0004459                list_init
                0x00000000c0004486                list_insert_before
                0x00000000c00044c7                list_push
                0x00000000c00044e4                list_append
                0x00000000c0004501                list_remove
                0x00000000c0004537                list_pop
                0x00000000c0004556                elem_find
                0x00000000c0004591                list_traversal
                0x00000000c00045ee                list_len
                0x00000000c0004623                list_empty
 *fill*         0x00000000c000463c        0x4 
 .text          0x00000000c0004640       0x15 build/switch.o
                0x00000000c0004640                switch_to
 .text          0x00000000c0004655       0x9a build/console.o
                0x00000000c0004655                console_init
                0x00000000c0004669                console_acquire
                0x00000000c000467d                console_release
                0x00000000c0004691                console_put_str
                0x00000000c00046ae                console_put_char
                0x00000000c00046d2                console_put_int
 .text          0x00000000c00046ef      0x347 build/sync.o
                0x00000000c00046ef                sema_init
                0x00000000c0004714                lock_init
                0x00000000c0004745                sema_down
                0x00000000c0004859                sema_up
                0x00000000c000490f                lock_acquire
                0x00000000c000498b                lock_release
 .text          0x00000000c0004a36      0x2bf build/keyboard.o
                0x00000000c0004cc1                keyboard_init
 .text          0x00000000c0004cf5      0x309 build/ioqueue.o
                0x00000000c0004cf5                ioqueue_init
                0x00000000c0004d4c                ioq_full
                0x00000000c0004e84                ioq_getchar
                0x00000000c0004f40                ioq_putchar
 .text          0x00000000c0004ffe      0x1af build/tss.o
                0x00000000c0004ffe                update_tss_esp
                0x00000000c000507f                tss_init
 .text          0x00000000c00051ad      0x356 build/process.o
                0x00000000c00051ad                start_process
                0x00000000c00052a4                page_dir_activate
                0x00000000c00052d4                process_activate
                0x00000000c0005326                create_page_dir
                0x00000000c0005397                create_user_vaddr_bitmap
                0x00000000c00053d9                process_execute
 .text          0x00000000c0005503       0x64 build/syscall_init.o
                0x00000000c0005503                sys_getpid
                0x00000000c0005515                sys_write
                0x00000000c0005533                syscall_init
 .text          0x00000000c0005567       0x34 build/syscall.o
                0x00000000c0005567                getpid
                0x00000000c000557c                write
 .text          0x00000000c000559b      0x2a1 build/stdio.o
                0x00000000c0005622                vsprintf
                0x00000000c00057a6                printf
                0x00000000c0005808                sprintf
 *(.gnu.warning)

.fini
 *(SORT(.fini))
                [!provide]                        PROVIDE (__etext, .)
                [!provide]                        PROVIDE (_etext, .)
                [!provide]                        PROVIDE (etext, .)

.rodata         0x00000000c000583c      0xeb8
 *(.rodata .rodata.* .gnu.linkonce.r.*)
 .rodata        0x00000000c000583c       0x8e build/main.o
 .rodata        0x00000000c00058ca        0xa build/init.o
 .rodata        0x00000000c00058d4      0x2cd build/interrupt.o
 *fill*         0x00000000c0005ba1        0x3 
 .rodata        0x00000000c0005ba4       0x6b build/timer.o
 .rodata        0x00000000c0005c0f       0x3f build/debug.o
 *fill*         0x00000000c0005c4e        0x2 
 .rodata        0x00000000c0005c50      0x3b0 build/memory.o
 .rodata        0x00000000c0006000       0x68 build/bitmap.o
 .rodata        0x00000000c0006068       0xa2 build/string.o
 *fill*         0x00000000c000610a        0x2 
 .rodata        0x00000000c000610c      0x2b6 build/thread.o
 *fill*         0x00000000c00063c2        0x2 
 .rodata        0x00000000c00063c4      0x12f build/sync.o
 .rodata        0x00000000c00064f3       0x36 build/keyboard.o
 *fill*         0x00000000c0006529        0x3 
 .rodata        0x00000000c000652c       0x9d build/ioqueue.o
 .rodata        0x00000000c00065c9       0x27 build/tss.o
 .rodata        0x00000000c00065f0       0xdd build/process.o
 .rodata        0x00000000c00066cd       0x27 build/syscall_init.o

.rodata1
 *(.rodata1)

.eh_frame_hdr
 *(.eh_frame_hdr)
 *(.eh_frame_entry .eh_frame_entry.*)

.eh_frame       0x00000000c00066f4      0xf44
 *(.eh_frame)
 .eh_frame      0x00000000c00066f4       0xa4 build/main.o
 .eh_frame      0x00000000c0006798       0x20 build/init.o
                                         0x38 (size before relaxing)
 .eh_frame      0x00000000c00067b8      0x188 build/interrupt.o
                                        0x1a0 (size before relaxing)
 .eh_frame      0x00000000c0006940       0x8c build/timer.o
                                         0xa4 (size before relaxing)
 .eh_frame      0x00000000c00069cc       0x1c build/debug.o
                                         0x34 (size before relaxing)
 .eh_frame      0x00000000c00069e8      0x2a0 build/memory.o
                                        0x2b8 (size before relaxing)
 .eh_frame      0x00000000c0006c88       0x8c build/bitmap.o
                                         0xa4 (size before relaxing)
 .eh_frame      0x00000000c0006d14      0x140 build/string.o
                                        0x158 (size before relaxing)
 .eh_frame      0x00000000c0006e54      0x160 build/thread.o
                                        0x178 (size before relaxing)
 .eh_frame      0x00000000c0006fb4      0x140 build/list.o
                                        0x158 (size before relaxing)
 .eh_frame      0x00000000c00070f4       0xc0 build/console.o
                                         0xd8 (size before relaxing)
 .eh_frame      0x00000000c00071b4       0xc8 build/sync.o
                                         0xe0 (size before relaxing)
 .eh_frame      0x00000000c000727c       0x60 build/keyboard.o
                                         0x78 (size before relaxing)
 .eh_frame      0x00000000c00072dc      0x100 build/ioqueue.o
                                        0x118 (size before relaxing)
 .eh_frame      0x00000000c00073dc       0x64 build/tss.o
                                         0x7c (size before relaxing)
 .eh_frame      0x00000000c0007440       0xc0 build/process.o
                                         0xd8 (size before relaxing)
 .eh_frame      0x00000000c0007500       0x60 build/syscall_init.o
                                         0x78 (size before relaxing)
 .eh_frame      0x00000000c0007560       0x44 build/syscall.o
                                         0x5c (size before relaxing)
 .eh_frame      0x00000000c00075a4       0x94 build/stdio.o
                                         0xac (size before relaxing)
 *(.eh_frame.*)

.gcc_except_table
 *(.gcc_except_table .gcc_except_table.*)

.gnu_extab
 *(.gnu_extab*)

.exception_ranges
 *(.exception_ranges .exception_ranges*)
                0x00000000c0009000                . = DATA_SEGMENT_ALIGN (0x1000, 0x1000)

.eh_frame
 *(.eh_frame)
 *(.eh_frame.*)

.gnu_extab
 *(.gnu_extab)

.gcc_except_table
 *(.gcc_except_table .gcc_except_table.*)

.exception_ranges
 *(.exception_ranges .exception_ranges*)

.tdata
 *(.tdata .tdata.* .gnu.linkonce.td.*)

.tbss
 *(.tbss .tbss.* .gnu.linkonce.tb.*)
 *(.tcommon)

.preinit_array  0x00000000c0009000        0x0
                [!provide]                        PROVIDE (__preinit_array_start, .)
 *(.preinit_array)
                [!provide]                        PROVIDE (__preinit_array_end, .)

.init_array     0x00000000c0009000        0x0
                [!provide]                        PROVIDE (__init_array_start, .)
 *(SORT(.init_array.*) SORT(.ctors.*))
 *(.init_array EXCLUDE_FILE(*crtend?.o *crtend.o *crtbegin?.o *crtbegin.o) .ctors)
                [!provide]                        PROVIDE (__init_array_end, .)

.fini_array     0x00000000c0009000        0x0
                [!provide]                        PROVIDE (__fini_array_start, .)
 *(SORT(.fini_array.*) SORT(.dtors.*))
 *(.fini_array EXCLUDE_FILE(*crtend?.o *crtend.o *crtbegin?.o *crtbegin.o) .dtors)
                [!provide]                        PROVIDE (__fini_array_end, .)

.ctors
 *crtbegin.o(.ctors)
 *crtbegin?.o(.ctors)
 *(EXCLUDE_FILE(*crtend?.o *crtend.o) .ctors)
 *(SORT(.ctors.*))
 *(.ctors)

.dtors
 *crtbegin.o(.dtors)
 *crtbegin?.o(.dtors)
 *(EXCLUDE_FILE(*crtend?.o *crtend.o) .dtors)
 *(SORT(.dtors.*))
 *(.dtors)

.jcr
 *(.jcr)

.data.rel.ro
 *(.data.rel.ro.local* .gnu.linkonce.d.rel.ro.local.*)
 *(.data.rel.ro .data.rel.ro.* .gnu.linkonce.d.rel.ro.*)

.dynamic
 *(.dynamic)

.got
 *(.got)
 *(.igot)
                0x00000000c0009000                . = DATA_SEGMENT_RELRO_END (., (SIZEOF (.got.plt) >= 0xc)?0xc:0x0)

.got.plt        0x00000000c0009000        0x0
 *(.got.plt)
 *(.igot.plt)

.data           0x00000000c0009000      0x156
 *(.data .data.* .gnu.linkonce.d.*)
 .data          0x00000000c0009000        0x0 build/main.o
 .data          0x00000000c0009000        0x0 build/init.o
 .data          0x00000000c0009000        0x0 build/interrupt.o
 .data          0x00000000c0009000        0x0 build/timer.o
 .data          0x00000000c0009000       0xd2 build/kernel.o
                0x00000000c0009012                intr_entry_table
 *fill*         0x00000000c00090d2        0x2 
 .data          0x00000000c00090d4        0x8 build/print.o
 .data          0x00000000c00090dc        0x0 build/debug.o
 .data          0x00000000c00090dc        0x0 build/memory.o
 .data          0x00000000c00090dc        0x0 build/bitmap.o
 .data          0x00000000c00090dc        0x0 build/string.o
 .data          0x00000000c00090dc        0x0 build/thread.o
 .data          0x00000000c00090dc        0x0 build/list.o
 .data          0x00000000c00090dc        0x0 build/console.o
 .data          0x00000000c00090dc        0x0 build/sync.o
 *fill*         0x00000000c00090dc        0x4 
 .data          0x00000000c00090e0       0x76 build/keyboard.o
 .data          0x00000000c0009156        0x0 build/ioqueue.o
 .data          0x00000000c0009156        0x0 build/tss.o
 .data          0x00000000c0009156        0x0 build/process.o
 .data          0x00000000c0009156        0x0 build/syscall_init.o
 .data          0x00000000c0009156        0x0 build/syscall.o
 .data          0x00000000c0009156        0x0 build/stdio.o

.data1
 *(.data1)
                0x00000000c0009156                _edata = .
                [!provide]                        PROVIDE (edata, .)
                0x00000000c0009156                . = .
                0x00000000c0009156                __bss_start = .

.bss            0x00000000c0009160      0xba0
 *(.dynbss)
 *(.bss .bss.* .gnu.linkonce.b.*)
 .bss           0x00000000c0009160        0x8 build/main.o
                0x00000000c0009160                prog_a_pid
                0x00000000c0009164                prog_b_pid
 .bss           0x00000000c0009168        0x0 build/init.o
 *fill*         0x00000000c0009168       0x18 
 .bss           0x00000000c0009180      0x408 build/interrupt.o
 .bss           0x00000000c0009588        0x0 build/timer.o
 .bss           0x00000000c0009588        0x0 build/debug.o
 .bss           0x00000000c0009588        0x0 build/memory.o
 .bss           0x00000000c0009588        0x0 build/bitmap.o
 .bss           0x00000000c0009588        0x0 build/string.o
 .bss           0x00000000c0009588        0x6 build/thread.o
 .bss           0x00000000c000958e        0x0 build/list.o
 *fill*         0x00000000c000958e        0x2 
 .bss           0x00000000c0009590       0x1c build/console.o
 .bss           0x00000000c00095ac        0x0 build/sync.o
 .bss           0x00000000c00095ac       0x14 build/keyboard.o
 .bss           0x00000000c00095c0        0x0 build/ioqueue.o
 .bss           0x00000000c00095c0       0x6c build/tss.o
 .bss           0x00000000c000962c        0x0 build/process.o
 .bss           0x00000000c000962c        0x0 build/syscall_init.o
 .bss           0x00000000c000962c        0x0 build/syscall.o
 .bss           0x00000000c000962c        0x0 build/stdio.o
 *(COMMON)
 *fill*         0x00000000c000962c       0x14 
 COMMON         0x00000000c0009640      0x424 build/interrupt.o
                0x00000000c0009640                intr_name
                0x00000000c0009860                idt_table
 COMMON         0x00000000c0009a64        0x4 build/timer.o
                0x00000000c0009a64                ticks
 *fill*         0x00000000c0009a68       0x18 
 COMMON         0x00000000c0009a80      0x12c build/memory.o
                0x00000000c0009a80                user_pool
                0x00000000c0009ac0                k_block_descs
                0x00000000c0009b68                kernel_vaddr
                0x00000000c0009b80                kernel_pool
 COMMON         0x00000000c0009bac       0x40 build/thread.o
                0x00000000c0009bac                thread_ready_list
                0x00000000c0009bbc                thread_all_list
                0x00000000c0009bcc                main_thread
                0x00000000c0009bd0                pid_lock
 *fill*         0x00000000c0009bec       0x14 
 COMMON         0x00000000c0009c00       0x6c build/keyboard.o
                0x00000000c0009c00                kbd_buf
 *fill*         0x00000000c0009c6c       0x14 
 COMMON         0x00000000c0009c80       0x80 build/syscall_init.o
                0x00000000c0009c80                syscall_table
                0x00000000c0009d00                . = ALIGN ((. != 0x0)?0x4:0x1)
                0x00000000c0009d00                . = ALIGN (0x4)
                0x00000000c0009d00                . = SEGMENT_START ("ldata-segment", .)
                0x00000000c0009d00                . = ALIGN (0x4)
                0x00000000c0009d00                _end = .
                [!provide]                        PROVIDE (end, .)
                0x00000000c0009d00                . = DATA_SEGMENT_END (.)

.stab
 *(.stab)

.stabstr
 *(.stabstr)

.stab.excl
 *(.stab.excl)

.stab.exclstr
 *(.stab.exclstr)

.stab.index
 *(.stab.index)

.stab.indexstr
 *(.stab.indexstr)

.comment        0x0000000000000000       0x2d
 *(.comment)
 .comment       0x0000000000000000       0x2d build/main.o
                                         0x2e (size before relaxing)
 .comment       0x000000000000002d       0x2e build/init.o
 .comment       0x000000000000002d       0x2e build/interrupt.o
 .comment       0x000000000000002d       0x2e build/timer.o
 .comment       0x000000000000002d       0x2e build/debug.o
 .comment       0x000000000000002d       0x2e build/memory.o
 .comment       0x000000000000002d       0x2e build/bitmap.o
 .comment       0x000000000000002d       0x2e build/string.o
 .comment       0x000000000000002d       0x2e build/thread.o
 .comment       0x000000000000002d       0x2e build/list.o
 .comment       0x000000000000002d       0x2e build/console.o
 .comment       0x000000000000002d       0x2e build/sync.o
 .comment       0x000000000000002d       0x2e build/keyboard.o
 .comment       0x000000000000002d       0x2e build/ioqueue.o
 .comment       0x000000000000002d       0x2e build/tss.o
 .comment       0x000000000000002d       0x2e build/process.o
 .comment       0x000000000000002d       0x2e build/syscall_init.o
 .comment       0x000000000000002d       0x2e build/syscall.o
 .comment       0x000000000000002d       0x2e build/stdio.o

.debug
 *(.debug)

.line
 *(.line)

.debug_srcinfo
 *(.debug_srcinfo)

.debug_sfnames
 *(.debug_sfnames)

.debug_aranges
 *(.debug_aranges)

.debug_pubnames
 *(.debug_pubnames)

.debug_info
 *(.debug_info .gnu.linkonce.wi.*)

.debug_abbrev
 *(.debug_abbrev)

.debug_line
 *(.debug_line .debug_line.* .debug_line_end)

.debug_frame
 *(.debug_frame)

.debug_str
 *(.debug_str)

.debug_loc
 *(.debug_loc)

.debug_macinfo
 *(.debug_macinfo)

.debug_weaknames
 *(.debug_weaknames)

.debug_funcnames
 *(.debug_funcnames)

.debug_typenames
 *(.debug_typenames)

.debug_varnames
 *(.debug_varnames)

.debug_pubtypes
 *(.debug_pubtypes)

.debug_ranges
 *(.debug_ranges)

.debug_macro
 *(.debug_macro)

.gnu.attributes
 *(.gnu.attributes)

/DISCARD/
 *(.note.GNU-stack)
 *(.gnu_debuglink)
 *(.gnu.lto_*)
OUTPUT(build/kernel.bin elf32-i386)
