
Allocating common symbols
Common symbol       size              file

kbd_buf             0x6c              build/keyboard.o
root_dir            0x208             build/dir.o
thread_ready_list   0x10              build/thread.o
thread_all_list     0x10              build/thread.o
user_pool           0x2c              build/memory.o
channel_cnt         0x1               build/ide.o
cur_part            0x4               build/fs.o
k_block_descs       0xa8              build/memory.o
idle_thread         0x4               build/thread.o
intr_name           0x204             build/interrupt.o
main_thread         0x4               build/thread.o
channels            0xcc0             build/ide.o
ticks               0x4               build/timer.o
kernel_vaddr        0xc               build/memory.o
syscall_table       0x80              build/syscall_init.o
idt_table           0x204             build/interrupt.o
file_table          0x180             build/file.o
partition_list      0x10              build/ide.o
kernel_pool         0x2c              build/memory.o
pid_lock            0x1c              build/thread.o

Discarded input sections

 .note.GNU-stack
                0x0000000000000000        0x0 build/main.o
 .note.GNU-stack
                0x0000000000000000        0x0 build/init.o
 .note.GNU-stack
                0x0000000000000000        0x0 build/interrupt.o
 .note.GNU-stack
                0x0000000000000000        0x0 build/timer.o
 .note.GNU-stack
                0x0000000000000000        0x0 build/debug.o
 .note.GNU-stack
                0x0000000000000000        0x0 build/memory.o
 .note.GNU-stack
                0x0000000000000000        0x0 build/bitmap.o
 .note.GNU-stack
                0x0000000000000000        0x0 build/string.o
 .note.GNU-stack
                0x0000000000000000        0x0 build/thread.o
 .note.GNU-stack
                0x0000000000000000        0x0 build/list.o
 .note.GNU-stack
                0x0000000000000000        0x0 build/console.o
 .note.GNU-stack
                0x0000000000000000        0x0 build/sync.o
 .note.GNU-stack
                0x0000000000000000        0x0 build/keyboard.o
 .note.GNU-stack
                0x0000000000000000        0x0 build/ioqueue.o
 .note.GNU-stack
                0x0000000000000000        0x0 build/tss.o
 .note.GNU-stack
                0x0000000000000000        0x0 build/process.o
 .note.GNU-stack
                0x0000000000000000        0x0 build/syscall_init.o
 .note.GNU-stack
                0x0000000000000000        0x0 build/syscall.o
 .note.GNU-stack
                0x0000000000000000        0x0 build/stdio.o
 .note.GNU-stack
                0x0000000000000000        0x0 build/ide.o
 .note.GNU-stack
                0x0000000000000000        0x0 build/stdio_kernel.o
 .note.GNU-stack
                0x0000000000000000        0x0 build/fs.o
 .note.GNU-stack
                0x0000000000000000        0x0 build/inode.o
 .note.GNU-stack
                0x0000000000000000        0x0 build/file.o
 .note.GNU-stack
                0x0000000000000000        0x0 build/dir.o

Memory Configuration

Name             Origin             Length             Attributes
*default*        0x0000000000000000 0xffffffffffffffff

Linker script and memory map

Address of section .text set to 0xc0001500
LOAD build/main.o
LOAD build/init.o
LOAD build/interrupt.o
LOAD build/timer.o
LOAD build/kernel.o
LOAD build/print.o
LOAD build/debug.o
LOAD build/memory.o
LOAD build/bitmap.o
LOAD build/string.o
LOAD build/thread.o
LOAD build/list.o
LOAD build/switch.o
LOAD build/console.o
LOAD build/sync.o
LOAD build/keyboard.o
LOAD build/ioqueue.o
LOAD build/tss.o
LOAD build/process.o
LOAD build/syscall_init.o
LOAD build/syscall.o
LOAD build/stdio.o
LOAD build/ide.o
LOAD build/stdio_kernel.o
LOAD build/fs.o
LOAD build/inode.o
LOAD build/file.o
LOAD build/dir.o
                [!provide]                        PROVIDE (__executable_start, 0x8048000)
                0x0000000008048094                . = (0x8048000 + SIZEOF_HEADERS)

.interp
 *(.interp)

.note.gnu.build-id
 *(.note.gnu.build-id)

.hash
 *(.hash)

.gnu.hash
 *(.gnu.hash)

.dynsym
 *(.dynsym)

.dynstr
 *(.dynstr)

.gnu.version
 *(.gnu.version)

.gnu.version_d
 *(.gnu.version_d)

.gnu.version_r
 *(.gnu.version_r)

.rel.dyn        0x0000000008048094        0x0
 *(.rel.init)
 *(.rel.text .rel.text.* .rel.gnu.linkonce.t.*)
 .rel.text      0x0000000008048094        0x0 build/main.o
 *(.rel.fini)
 *(.rel.rodata .rel.rodata.* .rel.gnu.linkonce.r.*)
 *(.rel.data.rel.ro .rel.data.rel.ro.* .rel.gnu.linkonce.d.rel.ro.*)
 *(.rel.data .rel.data.* .rel.gnu.linkonce.d.*)
 *(.rel.tdata .rel.tdata.* .rel.gnu.linkonce.td.*)
 *(.rel.tbss .rel.tbss.* .rel.gnu.linkonce.tb.*)
 *(.rel.ctors)
 *(.rel.dtors)
 *(.rel.got)
 *(.rel.bss .rel.bss.* .rel.gnu.linkonce.b.*)
 *(.rel.ifunc)

.rel.plt        0x0000000008048094        0x0
 *(.rel.plt)
                [!provide]                        PROVIDE (__rel_iplt_start, .)
 *(.rel.iplt)
                [!provide]                        PROVIDE (__rel_iplt_end, .)

.init
 *(SORT(.init))

.plt
 *(.plt)
 *(.iplt)

.plt.got
 *(.plt.got)

.text           0x00000000c0001500     0x984f
 *(.text.unlikely .text.*_unlikely .text.unlikely.*)
 *(.text.exit .text.exit.*)
 *(.text.startup .text.startup.*)
 *(.text.hot .text.hot.*)
 *(.text .stub .text.* .gnu.linkonce.t.*)
 .text          0x00000000c0001500      0x41b build/main.o
                0x00000000c0001500                main
                0x00000000c00016df                k_thread_a
                0x00000000c0001771                k_thread_b
                0x00000000c0001803                u_prog_a
                0x00000000c000188f                u_prog_b
 .text          0x00000000c000191b       0x4b build/init.o
                0x00000000c000191b                init_all
 .text          0x00000000c0001966      0x480 build/interrupt.o
                0x00000000c0001cd4                register_handler
                0x00000000c0001cf0                idt_init
                0x00000000c0001d52                intr_enable
                0x00000000c0001d7b                intr_disable
                0x00000000c0001da4                intr_set_status
                0x00000000c0001dc2                intr_get_status
 .text          0x00000000c0001de6      0x209 build/timer.o
                0x00000000c0001f3d                mtime_sleep
                0x00000000c0001f8f                timer_init
 *fill*         0x00000000c0001fef        0x1 
 .text          0x00000000c0001ff0      0x55b build/kernel.o
                0x00000000c0001ff0                intr_exit
                0x00000000c0002527                syscall_handler
 *fill*         0x00000000c000254b        0x5 
 .text          0x00000000c0002550      0x172 build/print.o
                0x00000000c0002550                put_str
                0x00000000c000256e                put_char
                0x00000000c000263b                put_int
                0x00000000c000269e                set_cursor
 .text          0x00000000c00026c2       0xa5 build/debug.o
                0x00000000c00026c2                panic_spin
 .text          0x00000000c0002767     0x112e build/memory.o
                0x00000000c000294a                pte_ptr
                0x00000000c000297a                pde_ptr
                0x00000000c00029f1                pfree
                0x00000000c0002baa                malloc_page
                0x00000000c0002c74                mfree_page
                0x00000000c0002e51                get_kernel_pages
                0x00000000c0002ead                get_user_pages
                0x00000000c0002f09                get_a_page
                0x00000000c0003081                addr_v2p
                0x00000000c0003296                sys_malloc
                0x00000000c00035c5                sys_free
                0x00000000c00037c6                block_desc_init
                0x00000000c0003854                mem_init
 .text          0x00000000c0003895      0x266 build/bitmap.o
                0x00000000c0003895                bitmap_init
                0x00000000c00038bc                bitmap_scan_test
                0x00000000c00038fc                bitmap_scan
                0x00000000c0003a40                bitmap_set
 .text          0x00000000c0003afb      0x44a build/string.o
                0x00000000c0003afb                memset
                0x00000000c0003b57                memcpy
                0x00000000c0003bc3                memcmp
                0x00000000c0003c54                strcpy
                0x00000000c0003cb6                strlen
                0x00000000c0003d0c                strcmp
                0x00000000c0003d93                strchr
                0x00000000c0003df8                strrchr
                0x00000000c0003e61                strcat
                0x00000000c0003ed8                strchrs
 .text          0x00000000c0003f45      0x70c build/thread.o
                0x00000000c0003f5b                running_thread
                0x00000000c0003fbf                thread_create
                0x00000000c000402c                init_thread
                0x00000000c000411c                thread_start
                0x00000000c0004297                schedule
                0x00000000c00043e7                thread_block
                0x00000000c000444e                thread_unblock
                0x00000000c0004559                thread_yield
                0x00000000c00045df                thread_init
 .text          0x00000000c0004651      0x1e3 build/list.o
                0x00000000c0004651                list_init
                0x00000000c000467e                list_insert_before
                0x00000000c00046bf                list_push
                0x00000000c00046dc                list_append
                0x00000000c00046f9                list_remove
                0x00000000c000472f                list_pop
                0x00000000c000474e                elem_find
                0x00000000c0004789                list_traversal
                0x00000000c00047e6                list_len
                0x00000000c000481b                list_empty
 *fill*         0x00000000c0004834        0xc 
 .text          0x00000000c0004840       0x15 build/switch.o
                0x00000000c0004840                switch_to
 .text          0x00000000c0004855       0x9a build/console.o
                0x00000000c0004855                console_init
                0x00000000c0004869                console_acquire
                0x00000000c000487d                console_release
                0x00000000c0004891                console_put_str
                0x00000000c00048ae                console_put_char
                0x00000000c00048d2                console_put_int
 .text          0x00000000c00048ef      0x347 build/sync.o
                0x00000000c00048ef                sema_init
                0x00000000c0004914                lock_init
                0x00000000c0004945                sema_down
                0x00000000c0004a59                sema_up
                0x00000000c0004b0f                lock_acquire
                0x00000000c0004b8b                lock_release
 .text          0x00000000c0004c36      0x2bf build/keyboard.o
                0x00000000c0004ec1                keyboard_init
 .text          0x00000000c0004ef5      0x309 build/ioqueue.o
                0x00000000c0004ef5                ioqueue_init
                0x00000000c0004f4c                ioq_full
                0x00000000c0005084                ioq_getchar
                0x00000000c0005140                ioq_putchar
 .text          0x00000000c00051fe      0x1af build/tss.o
                0x00000000c00051fe                update_tss_esp
                0x00000000c000527f                tss_init
 .text          0x00000000c00053ad      0x356 build/process.o
                0x00000000c00053ad                start_process
                0x00000000c00054a4                page_dir_activate
                0x00000000c00054d4                process_activate
                0x00000000c0005526                create_page_dir
                0x00000000c0005597                create_user_vaddr_bitmap
                0x00000000c00055d9                process_execute
 .text          0x00000000c0005703       0x5a build/syscall_init.o
                0x00000000c0005703                sys_getpid
                0x00000000c0005715                syscall_init
 .text          0x00000000c000575d       0x73 build/syscall.o
                0x00000000c000575d                getpid
                0x00000000c0005772                write
                0x00000000c0005795                malloc
                0x00000000c00057b4                free
 .text          0x00000000c00057d0      0x2bb build/stdio.o
                0x00000000c0005857                vsprintf
                0x00000000c00059db                printf
                0x00000000c0005a57                sprintf
 .text          0x00000000c0005a8b      0xe04 build/ide.o
                0x00000000c0005da5                ide_read
                0x00000000c0005f33                ide_write
                0x00000000c00065c5                intr_hd_handler
                0x00000000c0006686                ide_init
 .text          0x00000000c000688f       0x62 build/stdio_kernel.o
                0x00000000c000688f                printk
 .text          0x00000000c00068f1     0x1afb build/fs.o
                0x00000000c000705d                path_depth_cnt
                0x00000000c0007387                sys_open
                0x00000000c0007634                sys_close
                0x00000000c0007689                sys_write
                0x00000000c0007773                sys_read
                0x00000000c00077f4                sys_lseek
                0x00000000c00078df                sys_unlink
                0x00000000c0007b01                sys_mkdir
                0x00000000c0007f2d                sys_opendir
                0x00000000c0008048                sys_closedir
                0x00000000c0008072                sys_readdir
                0x00000000c00080af                sys_rmdir
                0x00000000c00081d7                sys_rewinddir
                0x00000000c00081e6                filesys_init
 .text          0x00000000c00083ec      0x825 build/inode.o
                0x00000000c0008490                inode_sync
                0x00000000c0008604                inode_open
                0x00000000c000875f                inode_close
                0x00000000c00087d0                inode_delete
                0x00000000c0008935                inode_release
                0x00000000c0008bbc                inode_init
 .text          0x00000000c0008c11     0x11db build/file.o
                0x00000000c0008c11                get_free_slot_in_global
                0x00000000c0008c61                pcb_fd_install
                0x00000000c0008cca                inode_bitmap_alloc
                0x00000000c0008d18                block_bitmap_alloc
                0x00000000c0008d71                bitmap_sync
                0x00000000c0008e05                file_create
                0x00000000c00090da                file_open
                0x00000000c00091e2                file_close
                0x00000000c0009221                file_write
                0x00000000c0009a29                file_read
 .text          0x00000000c0009dec      0xf63 build/dir.o
                0x00000000c0009dec                open_root_dir
                0x00000000c0009e1b                dir_open
                0x00000000c0009e56                dir_close
                0x00000000c0009e81                search_dir_entry
                0x00000000c000a063                create_dir_entry
                0x00000000c000a0d9                sync_dir_entry
                0x00000000c000a55d                delete_dir_entry
                0x00000000c000aa47                dir_read
                0x00000000c000ac5b                dir_is_empty
                0x00000000c000ac86                dir_remove
 *(.gnu.warning)

.fini
 *(SORT(.fini))
                [!provide]                        PROVIDE (__etext, .)
                [!provide]                        PROVIDE (_etext, .)
                [!provide]                        PROVIDE (etext, .)

.rodata         0x00000000c000ad50     0x2153
 *(.rodata .rodata.* .gnu.linkonce.r.*)
 .rodata        0x00000000c000ad50      0x2b3 build/main.o
 .rodata        0x00000000c000b003        0xa build/init.o
 *fill*         0x00000000c000b00d        0x3 
 .rodata        0x00000000c000b010      0x2cd build/interrupt.o
 *fill*         0x00000000c000b2dd        0x3 
 .rodata        0x00000000c000b2e0       0x87 build/timer.o
 .rodata        0x00000000c000b367       0x3f build/debug.o
 *fill*         0x00000000c000b3a6        0x2 
 .rodata        0x00000000c000b3a8      0x3b0 build/memory.o
 .rodata        0x00000000c000b758       0x68 build/bitmap.o
 .rodata        0x00000000c000b7c0       0xa2 build/string.o
 *fill*         0x00000000c000b862        0x2 
 .rodata        0x00000000c000b864      0x2c8 build/thread.o
 .rodata        0x00000000c000bb2c      0x12f build/sync.o
 .rodata        0x00000000c000bc5b       0x36 build/keyboard.o
 *fill*         0x00000000c000bc91        0x3 
 .rodata        0x00000000c000bc94       0x9d build/ioqueue.o
 .rodata        0x00000000c000bd31       0x27 build/tss.o
 .rodata        0x00000000c000bd58       0xdd build/process.o
 .rodata        0x00000000c000be35       0x27 build/syscall_init.o
 .rodata        0x00000000c000be5c      0x1ec build/ide.o
 .rodata        0x00000000c000c048      0x79d build/fs.o
 *fill*         0x00000000c000c7e5        0x3 
 .rodata        0x00000000c000c7e8       0xbb build/inode.o
 *fill*         0x00000000c000c8a3        0x1 
 .rodata        0x00000000c000c8a4      0x3fc build/file.o
 .rodata        0x00000000c000cca0      0x203 build/dir.o

.rodata1
 *(.rodata1)

.eh_frame_hdr
 *(.eh_frame_hdr)
 *(.eh_frame_entry .eh_frame_entry.*)

.eh_frame       0x00000000c000cea4     0x1880
 *(.eh_frame)
 .eh_frame      0x00000000c000cea4       0xa4 build/main.o
 .eh_frame      0x00000000c000cf48       0x20 build/init.o
                                         0x38 (size before relaxing)
 .eh_frame      0x00000000c000cf68      0x188 build/interrupt.o
                                        0x1a0 (size before relaxing)
 .eh_frame      0x00000000c000d0f0       0xcc build/timer.o
                                         0xe4 (size before relaxing)
 .eh_frame      0x00000000c000d1bc       0x1c build/debug.o
                                         0x34 (size before relaxing)
 .eh_frame      0x00000000c000d1d8      0x2a0 build/memory.o
                                        0x2b8 (size before relaxing)
 .eh_frame      0x00000000c000d478       0x8c build/bitmap.o
                                         0xa4 (size before relaxing)
 .eh_frame      0x00000000c000d504      0x140 build/string.o
                                        0x158 (size before relaxing)
 .eh_frame      0x00000000c000d644      0x19c build/thread.o
                                        0x1b4 (size before relaxing)
 .eh_frame      0x00000000c000d7e0      0x140 build/list.o
                                        0x158 (size before relaxing)
 .eh_frame      0x00000000c000d920       0xc0 build/console.o
                                         0xd8 (size before relaxing)
 .eh_frame      0x00000000c000d9e0       0xc8 build/sync.o
                                         0xe0 (size before relaxing)
 .eh_frame      0x00000000c000daa8       0x60 build/keyboard.o
                                         0x78 (size before relaxing)
 .eh_frame      0x00000000c000db08      0x100 build/ioqueue.o
                                        0x118 (size before relaxing)
 .eh_frame      0x00000000c000dc08       0x64 build/tss.o
                                         0x7c (size before relaxing)
 .eh_frame      0x00000000c000dc6c       0xc0 build/process.o
                                         0xd8 (size before relaxing)
 .eh_frame      0x00000000c000dd2c       0x40 build/syscall_init.o
                                         0x58 (size before relaxing)
 .eh_frame      0x00000000c000dd6c       0x8c build/syscall.o
                                         0xa4 (size before relaxing)
 .eh_frame      0x00000000c000ddf8       0x94 build/stdio.o
                                         0xac (size before relaxing)
 .eh_frame      0x00000000c000de8c      0x258 build/ide.o
                                        0x270 (size before relaxing)
 .eh_frame      0x00000000c000e0e4       0x28 build/stdio_kernel.o
                                         0x40 (size before relaxing)
 .eh_frame      0x00000000c000e10c      0x288 build/fs.o
                                        0x2a0 (size before relaxing)
 .eh_frame      0x00000000c000e394       0xec build/inode.o
                                        0x104 (size before relaxing)
 .eh_frame      0x00000000c000e480      0x140 build/file.o
                                        0x158 (size before relaxing)
 .eh_frame      0x00000000c000e5c0      0x164 build/dir.o
                                        0x17c (size before relaxing)
 *(.eh_frame.*)

.gcc_except_table
 *(.gcc_except_table .gcc_except_table.*)

.gnu_extab
 *(.gnu_extab*)

.exception_ranges
 *(.exception_ranges .exception_ranges*)
                0x00000000c0010000                . = DATA_SEGMENT_ALIGN (0x1000, 0x1000)

.eh_frame
 *(.eh_frame)
 *(.eh_frame.*)

.gnu_extab
 *(.gnu_extab)

.gcc_except_table
 *(.gcc_except_table .gcc_except_table.*)

.exception_ranges
 *(.exception_ranges .exception_ranges*)

.tdata
 *(.tdata .tdata.* .gnu.linkonce.td.*)

.tbss
 *(.tbss .tbss.* .gnu.linkonce.tb.*)
 *(.tcommon)

.preinit_array  0x00000000c0010000        0x0
                [!provide]                        PROVIDE (__preinit_array_start, .)
 *(.preinit_array)
                [!provide]                        PROVIDE (__preinit_array_end, .)

.init_array     0x00000000c0010000        0x0
                [!provide]                        PROVIDE (__init_array_start, .)
 *(SORT(.init_array.*) SORT(.ctors.*))
 *(.init_array EXCLUDE_FILE(*crtend?.o *crtend.o *crtbegin?.o *crtbegin.o) .ctors)
                [!provide]                        PROVIDE (__init_array_end, .)

.fini_array     0x00000000c0010000        0x0
                [!provide]                        PROVIDE (__fini_array_start, .)
 *(SORT(.fini_array.*) SORT(.dtors.*))
 *(.fini_array EXCLUDE_FILE(*crtend?.o *crtend.o *crtbegin?.o *crtbegin.o) .dtors)
                [!provide]                        PROVIDE (__fini_array_end, .)

.ctors
 *crtbegin.o(.ctors)
 *crtbegin?.o(.ctors)
 *(EXCLUDE_FILE(*crtend?.o *crtend.o) .ctors)
 *(SORT(.ctors.*))
 *(.ctors)

.dtors
 *crtbegin.o(.dtors)
 *crtbegin?.o(.dtors)
 *(EXCLUDE_FILE(*crtend?.o *crtend.o) .dtors)
 *(SORT(.dtors.*))
 *(.dtors)

.jcr
 *(.jcr)

.data.rel.ro
 *(.data.rel.ro.local* .gnu.linkonce.d.rel.ro.local.*)
 *(.data.rel.ro .data.rel.ro.* .gnu.linkonce.d.rel.ro.*)

.dynamic
 *(.dynamic)

.got
 *(.got)
 *(.igot)
                0x00000000c0010000                . = DATA_SEGMENT_RELRO_END (., (SIZEOF (.got.plt) >= 0xc)?0xc:0x0)

.got.plt        0x00000000c0010000        0x0
 *(.got.plt)
 *(.igot.plt)

.data           0x00000000c0010000      0x156
 *(.data .data.* .gnu.linkonce.d.*)
 .data          0x00000000c0010000        0x0 build/main.o
 .data          0x00000000c0010000        0x0 build/init.o
 .data          0x00000000c0010000        0x0 build/interrupt.o
 .data          0x00000000c0010000        0x0 build/timer.o
 .data          0x00000000c0010000       0xd2 build/kernel.o
                0x00000000c0010012                intr_entry_table
 *fill*         0x00000000c00100d2        0x2 
 .data          0x00000000c00100d4        0x8 build/print.o
 .data          0x00000000c00100dc        0x0 build/debug.o
 .data          0x00000000c00100dc        0x0 build/memory.o
 .data          0x00000000c00100dc        0x0 build/bitmap.o
 .data          0x00000000c00100dc        0x0 build/string.o
 .data          0x00000000c00100dc        0x0 build/thread.o
 .data          0x00000000c00100dc        0x0 build/list.o
 .data          0x00000000c00100dc        0x0 build/console.o
 .data          0x00000000c00100dc        0x0 build/sync.o
 *fill*         0x00000000c00100dc        0x4 
 .data          0x00000000c00100e0       0x76 build/keyboard.o
 .data          0x00000000c0010156        0x0 build/ioqueue.o
 .data          0x00000000c0010156        0x0 build/tss.o
 .data          0x00000000c0010156        0x0 build/process.o
 .data          0x00000000c0010156        0x0 build/syscall_init.o
 .data          0x00000000c0010156        0x0 build/syscall.o
 .data          0x00000000c0010156        0x0 build/stdio.o
 .data          0x00000000c0010156        0x0 build/ide.o
 .data          0x00000000c0010156        0x0 build/stdio_kernel.o
 .data          0x00000000c0010156        0x0 build/fs.o
 .data          0x00000000c0010156        0x0 build/inode.o
 .data          0x00000000c0010156        0x0 build/file.o
 .data          0x00000000c0010156        0x0 build/dir.o

.data1
 *(.data1)
                0x00000000c0010156                _edata = .
                [!provide]                        PROVIDE (edata, .)
                0x00000000c0010156                . = .
                0x00000000c0010156                __bss_start = .

.bss            0x00000000c0010160     0x1c28
 *(.dynbss)
 *(.bss .bss.* .gnu.linkonce.b.*)
 .bss           0x00000000c0010160        0x8 build/main.o
                0x00000000c0010160                prog_a_pid
                0x00000000c0010164                prog_b_pid
 .bss           0x00000000c0010168        0x0 build/init.o
 *fill*         0x00000000c0010168       0x18 
 .bss           0x00000000c0010180      0x408 build/interrupt.o
 .bss           0x00000000c0010588        0x0 build/timer.o
 .bss           0x00000000c0010588        0x0 build/debug.o
 .bss           0x00000000c0010588        0x0 build/memory.o
 .bss           0x00000000c0010588        0x0 build/bitmap.o
 .bss           0x00000000c0010588        0x0 build/string.o
 .bss           0x00000000c0010588        0x6 build/thread.o
 .bss           0x00000000c001058e        0x0 build/list.o
 *fill*         0x00000000c001058e        0x2 
 .bss           0x00000000c0010590       0x1c build/console.o
 .bss           0x00000000c00105ac        0x0 build/sync.o
 .bss           0x00000000c00105ac       0x14 build/keyboard.o
 .bss           0x00000000c00105c0        0x0 build/ioqueue.o
 .bss           0x00000000c00105c0       0x6c build/tss.o
 .bss           0x00000000c001062c        0x0 build/process.o
 .bss           0x00000000c001062c        0x0 build/syscall_init.o
 .bss           0x00000000c001062c        0x0 build/syscall.o
 .bss           0x00000000c001062c        0x0 build/stdio.o
 .bss           0x00000000c001062c        0x6 build/ide.o
                0x00000000c001062c                ext_lba_base
                0x00000000c0010630                p_no
                0x00000000c0010631                l_no
 .bss           0x00000000c0010632        0x0 build/stdio_kernel.o
 .bss           0x00000000c0010632        0x0 build/fs.o
 .bss           0x00000000c0010632        0x0 build/inode.o
 .bss           0x00000000c0010632        0x0 build/file.o
 .bss           0x00000000c0010632        0x0 build/dir.o
 *(COMMON)
 *fill*         0x00000000c0010632        0xe 
 COMMON         0x00000000c0010640      0x424 build/interrupt.o
                0x00000000c0010640                intr_name
                0x00000000c0010860                idt_table
 COMMON         0x00000000c0010a64        0x4 build/timer.o
                0x00000000c0010a64                ticks
 *fill*         0x00000000c0010a68       0x18 
 COMMON         0x00000000c0010a80      0x12c build/memory.o
                0x00000000c0010a80                user_pool
                0x00000000c0010ac0                k_block_descs
                0x00000000c0010b68                kernel_vaddr
                0x00000000c0010b80                kernel_pool
 COMMON         0x00000000c0010bac       0x44 build/thread.o
                0x00000000c0010bac                thread_ready_list
                0x00000000c0010bbc                thread_all_list
                0x00000000c0010bcc                idle_thread
                0x00000000c0010bd0                main_thread
                0x00000000c0010bd4                pid_lock
 *fill*         0x00000000c0010bf0       0x10 
 COMMON         0x00000000c0010c00       0x6c build/keyboard.o
                0x00000000c0010c00                kbd_buf
 *fill*         0x00000000c0010c6c       0x14 
 COMMON         0x00000000c0010c80       0x80 build/syscall_init.o
                0x00000000c0010c80                syscall_table
 COMMON         0x00000000c0010d00      0xcf0 build/ide.o
                0x00000000c0010d00                channel_cnt
                0x00000000c0010d20                channels
                0x00000000c00119e0                partition_list
 COMMON         0x00000000c00119f0        0x4 build/fs.o
                0x00000000c00119f0                cur_part
 *fill*         0x00000000c00119f4        0xc 
 COMMON         0x00000000c0011a00      0x180 build/file.o
                0x00000000c0011a00                file_table
 COMMON         0x00000000c0011b80      0x208 build/dir.o
                0x00000000c0011b80                root_dir
                0x00000000c0011d88                . = ALIGN ((. != 0x0)?0x4:0x1)
                0x00000000c0011d88                . = ALIGN (0x4)
                0x00000000c0011d88                . = SEGMENT_START ("ldata-segment", .)
                0x00000000c0011d88                . = ALIGN (0x4)
                0x00000000c0011d88                _end = .
                [!provide]                        PROVIDE (end, .)
                0x00000000c0011d88                . = DATA_SEGMENT_END (.)

.stab
 *(.stab)

.stabstr
 *(.stabstr)

.stab.excl
 *(.stab.excl)

.stab.exclstr
 *(.stab.exclstr)

.stab.index
 *(.stab.index)

.stab.indexstr
 *(.stab.indexstr)

.comment        0x0000000000000000       0x2d
 *(.comment)
 .comment       0x0000000000000000       0x2d build/main.o
                                         0x2e (size before relaxing)
 .comment       0x000000000000002d       0x2e build/init.o
 .comment       0x000000000000002d       0x2e build/interrupt.o
 .comment       0x000000000000002d       0x2e build/timer.o
 .comment       0x000000000000002d       0x2e build/debug.o
 .comment       0x000000000000002d       0x2e build/memory.o
 .comment       0x000000000000002d       0x2e build/bitmap.o
 .comment       0x000000000000002d       0x2e build/string.o
 .comment       0x000000000000002d       0x2e build/thread.o
 .comment       0x000000000000002d       0x2e build/list.o
 .comment       0x000000000000002d       0x2e build/console.o
 .comment       0x000000000000002d       0x2e build/sync.o
 .comment       0x000000000000002d       0x2e build/keyboard.o
 .comment       0x000000000000002d       0x2e build/ioqueue.o
 .comment       0x000000000000002d       0x2e build/tss.o
 .comment       0x000000000000002d       0x2e build/process.o
 .comment       0x000000000000002d       0x2e build/syscall_init.o
 .comment       0x000000000000002d       0x2e build/syscall.o
 .comment       0x000000000000002d       0x2e build/stdio.o
 .comment       0x000000000000002d       0x2e build/ide.o
 .comment       0x000000000000002d       0x2e build/stdio_kernel.o
 .comment       0x000000000000002d       0x2e build/fs.o
 .comment       0x000000000000002d       0x2e build/inode.o
 .comment       0x000000000000002d       0x2e build/file.o
 .comment       0x000000000000002d       0x2e build/dir.o

.debug
 *(.debug)

.line
 *(.line)

.debug_srcinfo
 *(.debug_srcinfo)

.debug_sfnames
 *(.debug_sfnames)

.debug_aranges
 *(.debug_aranges)

.debug_pubnames
 *(.debug_pubnames)

.debug_info
 *(.debug_info .gnu.linkonce.wi.*)

.debug_abbrev
 *(.debug_abbrev)

.debug_line
 *(.debug_line .debug_line.* .debug_line_end)

.debug_frame
 *(.debug_frame)

.debug_str
 *(.debug_str)

.debug_loc
 *(.debug_loc)

.debug_macinfo
 *(.debug_macinfo)

.debug_weaknames
 *(.debug_weaknames)

.debug_funcnames
 *(.debug_funcnames)

.debug_typenames
 *(.debug_typenames)

.debug_varnames
 *(.debug_varnames)

.debug_pubtypes
 *(.debug_pubtypes)

.debug_ranges
 *(.debug_ranges)

.debug_macro
 *(.debug_macro)

.gnu.attributes
 *(.gnu.attributes)

/DISCARD/
 *(.note.GNU-stack)
 *(.gnu_debuglink)
 *(.gnu.lto_*)
OUTPUT(build/kernel.bin elf32-i386)
