
Allocating common symbols
Common symbol       size              file

thread_ready_list   0x10              build/thread.o
thread_all_list     0x10              build/thread.o
user_pool           0x10              build/memory.o
intr_name           0xc0              build/interrupt.o
main_thread         0x4               build/thread.o
ticks               0x4               build/timer.o
kernel_vaddr        0xc               build/memory.o
idt_table           0xc0              build/interrupt.o
kernel_pool         0x10              build/memory.o

Discarded input sections

 .note.GNU-stack
                0x0000000000000000        0x0 build/main.o
 .note.GNU-stack
                0x0000000000000000        0x0 build/init.o
 .note.GNU-stack
                0x0000000000000000        0x0 build/interrupt.o
 .note.GNU-stack
                0x0000000000000000        0x0 build/timer.o
 .note.GNU-stack
                0x0000000000000000        0x0 build/debug.o
 .note.GNU-stack
                0x0000000000000000        0x0 build/memory.o
 .note.GNU-stack
                0x0000000000000000        0x0 build/bitmap.o
 .note.GNU-stack
                0x0000000000000000        0x0 build/string.o
 .note.GNU-stack
                0x0000000000000000        0x0 build/thread.o
 .note.GNU-stack
                0x0000000000000000        0x0 build/list.o
 .note.GNU-stack
                0x0000000000000000        0x0 build/console.o
 .note.GNU-stack
                0x0000000000000000        0x0 build/sync.o
 .note.GNU-stack
                0x0000000000000000        0x0 build/keyboard.o

Memory Configuration

Name             Origin             Length             Attributes
*default*        0x0000000000000000 0xffffffffffffffff

Linker script and memory map

Address of section .text set to 0xc0001500
LOAD build/main.o
LOAD build/init.o
LOAD build/interrupt.o
LOAD build/timer.o
LOAD build/kernel.o
LOAD build/print.o
LOAD build/debug.o
LOAD build/memory.o
LOAD build/bitmap.o
LOAD build/string.o
LOAD build/thread.o
LOAD build/list.o
LOAD build/switch.o
LOAD build/console.o
LOAD build/sync.o
LOAD build/keyboard.o
                [!provide]                        PROVIDE (__executable_start, 0x8048000)
                0x0000000008048094                . = (0x8048000 + SIZEOF_HEADERS)

.interp
 *(.interp)

.note.gnu.build-id
 *(.note.gnu.build-id)

.hash
 *(.hash)

.gnu.hash
 *(.gnu.hash)

.dynsym
 *(.dynsym)

.dynstr
 *(.dynstr)

.gnu.version
 *(.gnu.version)

.gnu.version_d
 *(.gnu.version_d)

.gnu.version_r
 *(.gnu.version_r)

.rel.dyn        0x0000000008048094        0x0
 *(.rel.init)
 *(.rel.text .rel.text.* .rel.gnu.linkonce.t.*)
 .rel.text      0x0000000008048094        0x0 build/main.o
 *(.rel.fini)
 *(.rel.rodata .rel.rodata.* .rel.gnu.linkonce.r.*)
 *(.rel.data.rel.ro .rel.data.rel.ro.* .rel.gnu.linkonce.d.rel.ro.*)
 *(.rel.data .rel.data.* .rel.gnu.linkonce.d.*)
 *(.rel.tdata .rel.tdata.* .rel.gnu.linkonce.td.*)
 *(.rel.tbss .rel.tbss.* .rel.gnu.linkonce.tb.*)
 *(.rel.ctors)
 *(.rel.dtors)
 *(.rel.got)
 *(.rel.bss .rel.bss.* .rel.gnu.linkonce.b.*)
 *(.rel.ifunc)

.rel.plt        0x0000000008048094        0x0
 *(.rel.plt)
                [!provide]                        PROVIDE (__rel_iplt_start, .)
 *(.rel.iplt)
                [!provide]                        PROVIDE (__rel_iplt_end, .)

.init
 *(SORT(.init))

.plt
 *(.plt)
 *(.iplt)

.plt.got
 *(.plt.got)

.text           0x00000000c0001500     0x276f
 *(.text.unlikely .text.*_unlikely .text.unlikely.*)
 *(.text.exit .text.exit.*)
 *(.text.startup .text.startup.*)
 *(.text.hot .text.hot.*)
 *(.text .stub .text.* .gnu.linkonce.t.*)
 .text          0x00000000c0001500       0x21 build/main.o
                0x00000000c0001500                main
 .text          0x00000000c0001521       0x32 build/init.o
                0x00000000c0001521                init_all
 .text          0x00000000c0001553      0x439 build/interrupt.o
                0x00000000c0001891                register_handler
                0x00000000c00018ad                idt_init
                0x00000000c00018f8                intr_enable
                0x00000000c0001921                intr_disable
                0x00000000c000194a                intr_set_status
                0x00000000c0001968                intr_get_status
 .text          0x00000000c000198c      0x190 build/timer.o
                0x00000000c0001abc                timer_init
 *fill*         0x00000000c0001b1c        0x4 
 .text          0x00000000c0001b20      0x537 build/kernel.o
                0x00000000c0001b20                intr_exit
 *fill*         0x00000000c0002057        0x9 
 .text          0x00000000c0002060      0x172 build/print.o
                0x00000000c0002060                put_str
                0x00000000c000207e                put_char
                0x00000000c000214b                put_int
                0x00000000c00021ae                set_cursor
 .text          0x00000000c00021d2       0xa5 build/debug.o
                0x00000000c00021d2                panic_spin
 .text          0x00000000c0002277      0x547 build/memory.o
                0x00000000c0002301                pte_ptr
                0x00000000c0002331                pde_ptr
                0x00000000c00024d1                malloc_page
                0x00000000c000259b                get_kernel_pages
                0x00000000c0002789                mem_init
 .text          0x00000000c00027be      0x266 build/bitmap.o
                0x00000000c00027be                bitmap_init
                0x00000000c00027e5                bitmap_scan_test
                0x00000000c0002825                bitmap_scan
                0x00000000c0002969                bitmap_set
 .text          0x00000000c0002a24      0x44a build/string.o
                0x00000000c0002a24                memset
                0x00000000c0002a80                memcpy
                0x00000000c0002aec                memcmp
                0x00000000c0002b7d                strcpy
                0x00000000c0002bdf                strlen
                0x00000000c0002c35                strcmp
                0x00000000c0002cbc                strchr
                0x00000000c0002d21                strrchr
                0x00000000c0002d8a                strcat
                0x00000000c0002e01                strchrs
 .text          0x00000000c0002e6e      0x58a build/thread.o
                0x00000000c0002e6e                running_thread
                0x00000000c0002e9b                thread_create
                0x00000000c0002f0b                init_thread
                0x00000000c0002fa6                thread_start
                0x00000000c0003121                schedule
                0x00000000c0003249                thread_block
                0x00000000c00032b0                thread_unblock
                0x00000000c00033bb                thread_init
 .text          0x00000000c00033f8      0x1e3 build/list.o
                0x00000000c00033f8                list_init
                0x00000000c0003425                list_insert_before
                0x00000000c0003466                list_push
                0x00000000c0003483                list_append
                0x00000000c00034a0                list_remove
                0x00000000c00034d6                list_pop
                0x00000000c00034f5                elem_find
                0x00000000c0003530                list_traversal
                0x00000000c000358d                list_len
                0x00000000c00035c2                list_empty
 *fill*         0x00000000c00035db        0x5 
 .text          0x00000000c00035e0       0x15 build/switch.o
                0x00000000c00035e0                switch_to
 .text          0x00000000c00035f5       0x9a build/console.o
                0x00000000c00035f5                console_init
                0x00000000c0003609                console_acquire
                0x00000000c000361d                console_release
                0x00000000c0003631                console_put_str
                0x00000000c000364e                console_put_char
                0x00000000c0003672                console_put_int
 .text          0x00000000c000368f      0x347 build/sync.o
                0x00000000c000368f                sema_init
                0x00000000c00036b4                lock_init
                0x00000000c00036e5                sema_down
                0x00000000c00037f9                sema_up
                0x00000000c00038af                lock_acquire
                0x00000000c000392b                lock_release
 .text          0x00000000c00039d6      0x299 build/keyboard.o
                0x00000000c0003c3b                keyboard_init
 *(.gnu.warning)

.fini
 *(SORT(.fini))
                [!provide]                        PROVIDE (__etext, .)
                [!provide]                        PROVIDE (_etext, .)
                [!provide]                        PROVIDE (etext, .)

.rodata         0x00000000c0003c70      0x9f9
 *(.rodata .rodata.* .gnu.linkonce.r.*)
 .rodata        0x00000000c0003c70        0xd build/main.o
 .rodata        0x00000000c0003c7d        0xa build/init.o
 *fill*         0x00000000c0003c87        0x1 
 .rodata        0x00000000c0003c88      0x2cd build/interrupt.o
 *fill*         0x00000000c0003f55        0x3 
 .rodata        0x00000000c0003f58       0x6b build/timer.o
 .rodata        0x00000000c0003fc3       0x3f build/debug.o
 *fill*         0x00000000c0004002        0x2 
 .rodata        0x00000000c0004004      0x139 build/memory.o
 *fill*         0x00000000c000413d        0x3 
 .rodata        0x00000000c0004140       0x68 build/bitmap.o
 .rodata        0x00000000c00041a8       0xa2 build/string.o
 *fill*         0x00000000c000424a        0x2 
 .rodata        0x00000000c000424c      0x2b6 build/thread.o
 *fill*         0x00000000c0004502        0x2 
 .rodata        0x00000000c0004504      0x12f build/sync.o
 .rodata        0x00000000c0004633       0x36 build/keyboard.o

.rodata1
 *(.rodata1)

.eh_frame_hdr
 *(.eh_frame_hdr)
 *(.eh_frame_entry .eh_frame_entry.*)

.eh_frame       0x00000000c000466c      0x9d0
 *(.eh_frame)
 .eh_frame      0x00000000c000466c       0x34 build/main.o
 .eh_frame      0x00000000c00046a0       0x20 build/init.o
                                         0x38 (size before relaxing)
 .eh_frame      0x00000000c00046c0      0x180 build/interrupt.o
                                        0x198 (size before relaxing)
 .eh_frame      0x00000000c0004840       0x8c build/timer.o
                                         0xa4 (size before relaxing)
 .eh_frame      0x00000000c00048cc       0x1c build/debug.o
                                         0x34 (size before relaxing)
 .eh_frame      0x00000000c00048e8      0x120 build/memory.o
                                        0x138 (size before relaxing)
 .eh_frame      0x00000000c0004a08       0x8c build/bitmap.o
                                         0xa4 (size before relaxing)
 .eh_frame      0x00000000c0004a94      0x140 build/string.o
                                        0x158 (size before relaxing)
 .eh_frame      0x00000000c0004bd4      0x140 build/thread.o
                                        0x158 (size before relaxing)
 .eh_frame      0x00000000c0004d14      0x140 build/list.o
                                        0x158 (size before relaxing)
 .eh_frame      0x00000000c0004e54       0xc0 build/console.o
                                         0xd8 (size before relaxing)
 .eh_frame      0x00000000c0004f14       0xc8 build/sync.o
                                         0xe0 (size before relaxing)
 .eh_frame      0x00000000c0004fdc       0x60 build/keyboard.o
                                         0x78 (size before relaxing)
 *(.eh_frame.*)

.gcc_except_table
 *(.gcc_except_table .gcc_except_table.*)

.gnu_extab
 *(.gnu_extab*)

.exception_ranges
 *(.exception_ranges .exception_ranges*)
                0x00000000c0007000                . = DATA_SEGMENT_ALIGN (0x1000, 0x1000)

.eh_frame
 *(.eh_frame)
 *(.eh_frame.*)

.gnu_extab
 *(.gnu_extab)

.gcc_except_table
 *(.gcc_except_table .gcc_except_table.*)

.exception_ranges
 *(.exception_ranges .exception_ranges*)

.tdata
 *(.tdata .tdata.* .gnu.linkonce.td.*)

.tbss
 *(.tbss .tbss.* .gnu.linkonce.tb.*)
 *(.tcommon)

.preinit_array  0x00000000c0007000        0x0
                [!provide]                        PROVIDE (__preinit_array_start, .)
 *(.preinit_array)
                [!provide]                        PROVIDE (__preinit_array_end, .)

.init_array     0x00000000c0007000        0x0
                [!provide]                        PROVIDE (__init_array_start, .)
 *(SORT(.init_array.*) SORT(.ctors.*))
 *(.init_array EXCLUDE_FILE(*crtend?.o *crtend.o *crtbegin?.o *crtbegin.o) .ctors)
                [!provide]                        PROVIDE (__init_array_end, .)

.fini_array     0x00000000c0007000        0x0
                [!provide]                        PROVIDE (__fini_array_start, .)
 *(SORT(.fini_array.*) SORT(.dtors.*))
 *(.fini_array EXCLUDE_FILE(*crtend?.o *crtend.o *crtbegin?.o *crtbegin.o) .dtors)
                [!provide]                        PROVIDE (__fini_array_end, .)

.ctors
 *crtbegin.o(.ctors)
 *crtbegin?.o(.ctors)
 *(EXCLUDE_FILE(*crtend?.o *crtend.o) .ctors)
 *(SORT(.ctors.*))
 *(.ctors)

.dtors
 *crtbegin.o(.dtors)
 *crtbegin?.o(.dtors)
 *(EXCLUDE_FILE(*crtend?.o *crtend.o) .dtors)
 *(SORT(.dtors.*))
 *(.dtors)

.jcr
 *(.jcr)

.data.rel.ro
 *(.data.rel.ro.local* .gnu.linkonce.d.rel.ro.local.*)
 *(.data.rel.ro .data.rel.ro.* .gnu.linkonce.d.rel.ro.*)

.dynamic
 *(.dynamic)

.got
 *(.got)
 *(.igot)
                0x00000000c0007000                . = DATA_SEGMENT_RELRO_END (., (SIZEOF (.got.plt) >= 0xc)?0xc:0x0)

.got.plt        0x00000000c0007000        0x0
 *(.got.plt)
 *(.igot.plt)

.data           0x00000000c0007000      0x156
 *(.data .data.* .gnu.linkonce.d.*)
 .data          0x00000000c0007000        0x0 build/main.o
 .data          0x00000000c0007000        0x0 build/init.o
 .data          0x00000000c0007000        0x0 build/interrupt.o
 .data          0x00000000c0007000        0x0 build/timer.o
 .data          0x00000000c0007000       0xd2 build/kernel.o
                0x00000000c0007012                intr_entry_table
 *fill*         0x00000000c00070d2        0x2 
 .data          0x00000000c00070d4        0x8 build/print.o
 .data          0x00000000c00070dc        0x0 build/debug.o
 .data          0x00000000c00070dc        0x0 build/memory.o
 .data          0x00000000c00070dc        0x0 build/bitmap.o
 .data          0x00000000c00070dc        0x0 build/string.o
 .data          0x00000000c00070dc        0x0 build/thread.o
 .data          0x00000000c00070dc        0x0 build/list.o
 .data          0x00000000c00070dc        0x0 build/console.o
 .data          0x00000000c00070dc        0x0 build/sync.o
 *fill*         0x00000000c00070dc        0x4 
 .data          0x00000000c00070e0       0x76 build/keyboard.o

.data1
 *(.data1)
                0x00000000c0007156                _edata = .
                [!provide]                        PROVIDE (edata, .)
                0x00000000c0007156                . = .
                0x00000000c0007156                __bss_start = .

.bss            0x00000000c0007160      0x394
 *(.dynbss)
 *(.bss .bss.* .gnu.linkonce.b.*)
 .bss           0x00000000c0007160        0x0 build/main.o
 .bss           0x00000000c0007160        0x0 build/init.o
 .bss           0x00000000c0007160      0x180 build/interrupt.o
 .bss           0x00000000c00072e0        0x0 build/timer.o
 .bss           0x00000000c00072e0        0x0 build/debug.o
 .bss           0x00000000c00072e0        0x0 build/memory.o
 .bss           0x00000000c00072e0        0x0 build/bitmap.o
 .bss           0x00000000c00072e0        0x0 build/string.o
 .bss           0x00000000c00072e0        0x4 build/thread.o
 .bss           0x00000000c00072e4        0x0 build/list.o
 .bss           0x00000000c00072e4       0x1c build/console.o
 .bss           0x00000000c0007300        0x0 build/sync.o
 .bss           0x00000000c0007300       0x14 build/keyboard.o
 *(COMMON)
 *fill*         0x00000000c0007314        0xc 
 COMMON         0x00000000c0007320      0x180 build/interrupt.o
                0x00000000c0007320                intr_name
                0x00000000c00073e0                idt_table
 COMMON         0x00000000c00074a0        0x4 build/timer.o
                0x00000000c00074a0                ticks
 COMMON         0x00000000c00074a4       0x2c build/memory.o
                0x00000000c00074a4                user_pool
                0x00000000c00074b4                kernel_vaddr
                0x00000000c00074c0                kernel_pool
 COMMON         0x00000000c00074d0       0x24 build/thread.o
                0x00000000c00074d0                thread_ready_list
                0x00000000c00074e0                thread_all_list
                0x00000000c00074f0                main_thread
                0x00000000c00074f4                . = ALIGN ((. != 0x0)?0x4:0x1)
                0x00000000c00074f4                . = ALIGN (0x4)
                0x00000000c00074f4                . = SEGMENT_START ("ldata-segment", .)
                0x00000000c00074f4                . = ALIGN (0x4)
                0x00000000c00074f4                _end = .
                [!provide]                        PROVIDE (end, .)
                0x00000000c00074f4                . = DATA_SEGMENT_END (.)

.stab
 *(.stab)

.stabstr
 *(.stabstr)

.stab.excl
 *(.stab.excl)

.stab.exclstr
 *(.stab.exclstr)

.stab.index
 *(.stab.index)

.stab.indexstr
 *(.stab.indexstr)

.comment        0x0000000000000000       0x2d
 *(.comment)
 .comment       0x0000000000000000       0x2d build/main.o
                                         0x2e (size before relaxing)
 .comment       0x000000000000002d       0x2e build/init.o
 .comment       0x000000000000002d       0x2e build/interrupt.o
 .comment       0x000000000000002d       0x2e build/timer.o
 .comment       0x000000000000002d       0x2e build/debug.o
 .comment       0x000000000000002d       0x2e build/memory.o
 .comment       0x000000000000002d       0x2e build/bitmap.o
 .comment       0x000000000000002d       0x2e build/string.o
 .comment       0x000000000000002d       0x2e build/thread.o
 .comment       0x000000000000002d       0x2e build/list.o
 .comment       0x000000000000002d       0x2e build/console.o
 .comment       0x000000000000002d       0x2e build/sync.o
 .comment       0x000000000000002d       0x2e build/keyboard.o

.debug
 *(.debug)

.line
 *(.line)

.debug_srcinfo
 *(.debug_srcinfo)

.debug_sfnames
 *(.debug_sfnames)

.debug_aranges
 *(.debug_aranges)

.debug_pubnames
 *(.debug_pubnames)

.debug_info
 *(.debug_info .gnu.linkonce.wi.*)

.debug_abbrev
 *(.debug_abbrev)

.debug_line
 *(.debug_line .debug_line.* .debug_line_end)

.debug_frame
 *(.debug_frame)

.debug_str
 *(.debug_str)

.debug_loc
 *(.debug_loc)

.debug_macinfo
 *(.debug_macinfo)

.debug_weaknames
 *(.debug_weaknames)

.debug_funcnames
 *(.debug_funcnames)

.debug_typenames
 *(.debug_typenames)

.debug_varnames
 *(.debug_varnames)

.debug_pubtypes
 *(.debug_pubtypes)

.debug_ranges
 *(.debug_ranges)

.debug_macro
 *(.debug_macro)

.gnu.attributes
 *(.gnu.attributes)

/DISCARD/
 *(.note.GNU-stack)
 *(.gnu_debuglink)
 *(.gnu.lto_*)
OUTPUT(build/kernel.bin elf32-i386)
