
Allocating common symbols
Common symbol       size              file

kbd_buf             0x6c              build/keyboard.o
thread_ready_list   0x10              build/thread.o
thread_all_list     0x10              build/thread.o
user_pool           0x10              build/memory.o
intr_name           0xc0              build/interrupt.o
main_thread         0x4               build/thread.o
ticks               0x4               build/timer.o
kernel_vaddr        0xc               build/memory.o
idt_table           0xc0              build/interrupt.o
kernel_pool         0x10              build/memory.o

Discarded input sections

 .note.GNU-stack
                0x0000000000000000        0x0 build/main.o
 .note.GNU-stack
                0x0000000000000000        0x0 build/init.o
 .note.GNU-stack
                0x0000000000000000        0x0 build/interrupt.o
 .note.GNU-stack
                0x0000000000000000        0x0 build/timer.o
 .note.GNU-stack
                0x0000000000000000        0x0 build/debug.o
 .note.GNU-stack
                0x0000000000000000        0x0 build/memory.o
 .note.GNU-stack
                0x0000000000000000        0x0 build/bitmap.o
 .note.GNU-stack
                0x0000000000000000        0x0 build/string.o
 .note.GNU-stack
                0x0000000000000000        0x0 build/thread.o
 .note.GNU-stack
                0x0000000000000000        0x0 build/list.o
 .note.GNU-stack
                0x0000000000000000        0x0 build/console.o
 .note.GNU-stack
                0x0000000000000000        0x0 build/sync.o
 .note.GNU-stack
                0x0000000000000000        0x0 build/keyboard.o
 .note.GNU-stack
                0x0000000000000000        0x0 build/ioqueue.o

Memory Configuration

Name             Origin             Length             Attributes
*default*        0x0000000000000000 0xffffffffffffffff

Linker script and memory map

Address of section .text set to 0xc0001500
LOAD build/main.o
LOAD build/init.o
LOAD build/interrupt.o
LOAD build/timer.o
LOAD build/kernel.o
LOAD build/print.o
LOAD build/debug.o
LOAD build/memory.o
LOAD build/bitmap.o
LOAD build/string.o
LOAD build/thread.o
LOAD build/list.o
LOAD build/switch.o
LOAD build/console.o
LOAD build/sync.o
LOAD build/keyboard.o
LOAD build/ioqueue.o
                [!provide]                        PROVIDE (__executable_start, 0x8048000)
                0x0000000008048094                . = (0x8048000 + SIZEOF_HEADERS)

.interp
 *(.interp)

.note.gnu.build-id
 *(.note.gnu.build-id)

.hash
 *(.hash)

.gnu.hash
 *(.gnu.hash)

.dynsym
 *(.dynsym)

.dynstr
 *(.dynstr)

.gnu.version
 *(.gnu.version)

.gnu.version_d
 *(.gnu.version_d)

.gnu.version_r
 *(.gnu.version_r)

.rel.dyn        0x0000000008048094        0x0
 *(.rel.init)
 *(.rel.text .rel.text.* .rel.gnu.linkonce.t.*)
 .rel.text      0x0000000008048094        0x0 build/main.o
 *(.rel.fini)
 *(.rel.rodata .rel.rodata.* .rel.gnu.linkonce.r.*)
 *(.rel.data.rel.ro .rel.data.rel.ro.* .rel.gnu.linkonce.d.rel.ro.*)
 *(.rel.data .rel.data.* .rel.gnu.linkonce.d.*)
 *(.rel.tdata .rel.tdata.* .rel.gnu.linkonce.td.*)
 *(.rel.tbss .rel.tbss.* .rel.gnu.linkonce.tb.*)
 *(.rel.ctors)
 *(.rel.dtors)
 *(.rel.got)
 *(.rel.bss .rel.bss.* .rel.gnu.linkonce.b.*)
 *(.rel.ifunc)

.rel.plt        0x0000000008048094        0x0
 *(.rel.plt)
                [!provide]                        PROVIDE (__rel_iplt_start, .)
 *(.rel.iplt)
                [!provide]                        PROVIDE (__rel_iplt_end, .)

.init
 *(SORT(.init))

.plt
 *(.plt)
 *(.iplt)

.plt.got
 *(.plt.got)

.text           0x00000000c0001500     0x2bae
 *(.text.unlikely .text.*_unlikely .text.unlikely.*)
 *(.text.exit .text.exit.*)
 *(.text.startup .text.startup.*)
 *(.text.hot .text.hot.*)
 *(.text .stub .text.* .gnu.linkonce.t.*)
 .text          0x00000000c0001500      0x111 build/main.o
                0x00000000c0001500                main
                0x00000000c0001569                k_thread_a
                0x00000000c00015bd                k_thread_b
 .text          0x00000000c0001611       0x32 build/init.o
                0x00000000c0001611                init_all
 .text          0x00000000c0001643      0x450 build/interrupt.o
                0x00000000c0001981                register_handler
                0x00000000c000199d                idt_init
                0x00000000c00019ff                intr_enable
                0x00000000c0001a28                intr_disable
                0x00000000c0001a51                intr_set_status
                0x00000000c0001a6f                intr_get_status
 .text          0x00000000c0001a93      0x190 build/timer.o
                0x00000000c0001bc3                timer_init
 *fill*         0x00000000c0001c23        0xd 
 .text          0x00000000c0001c30      0x537 build/kernel.o
                0x00000000c0001c30                intr_exit
 *fill*         0x00000000c0002167        0x9 
 .text          0x00000000c0002170      0x172 build/print.o
                0x00000000c0002170                put_str
                0x00000000c000218e                put_char
                0x00000000c000225b                put_int
                0x00000000c00022be                set_cursor
 .text          0x00000000c00022e2       0xa5 build/debug.o
                0x00000000c00022e2                panic_spin
 .text          0x00000000c0002387      0x547 build/memory.o
                0x00000000c0002411                pte_ptr
                0x00000000c0002441                pde_ptr
                0x00000000c00025e1                malloc_page
                0x00000000c00026ab                get_kernel_pages
                0x00000000c0002899                mem_init
 .text          0x00000000c00028ce      0x266 build/bitmap.o
                0x00000000c00028ce                bitmap_init
                0x00000000c00028f5                bitmap_scan_test
                0x00000000c0002935                bitmap_scan
                0x00000000c0002a79                bitmap_set
 .text          0x00000000c0002b34      0x44a build/string.o
                0x00000000c0002b34                memset
                0x00000000c0002b90                memcpy
                0x00000000c0002bfc                memcmp
                0x00000000c0002c8d                strcpy
                0x00000000c0002cef                strlen
                0x00000000c0002d45                strcmp
                0x00000000c0002dcc                strchr
                0x00000000c0002e31                strrchr
                0x00000000c0002e9a                strcat
                0x00000000c0002f11                strchrs
 .text          0x00000000c0002f7e      0x58a build/thread.o
                0x00000000c0002f7e                running_thread
                0x00000000c0002fab                thread_create
                0x00000000c000301b                init_thread
                0x00000000c00030b6                thread_start
                0x00000000c0003231                schedule
                0x00000000c0003359                thread_block
                0x00000000c00033c0                thread_unblock
                0x00000000c00034cb                thread_init
 .text          0x00000000c0003508      0x1e3 build/list.o
                0x00000000c0003508                list_init
                0x00000000c0003535                list_insert_before
                0x00000000c0003576                list_push
                0x00000000c0003593                list_append
                0x00000000c00035b0                list_remove
                0x00000000c00035e6                list_pop
                0x00000000c0003605                elem_find
                0x00000000c0003640                list_traversal
                0x00000000c000369d                list_len
                0x00000000c00036d2                list_empty
 *fill*         0x00000000c00036eb        0x5 
 .text          0x00000000c00036f0       0x15 build/switch.o
                0x00000000c00036f0                switch_to
 .text          0x00000000c0003705       0x9a build/console.o
                0x00000000c0003705                console_init
                0x00000000c0003719                console_acquire
                0x00000000c000372d                console_release
                0x00000000c0003741                console_put_str
                0x00000000c000375e                console_put_char
                0x00000000c0003782                console_put_int
 .text          0x00000000c000379f      0x347 build/sync.o
                0x00000000c000379f                sema_init
                0x00000000c00037c4                lock_init
                0x00000000c00037f5                sema_down
                0x00000000c0003909                sema_up
                0x00000000c00039bf                lock_acquire
                0x00000000c0003a3b                lock_release
 .text          0x00000000c0003ae6      0x2bf build/keyboard.o
                0x00000000c0003d71                keyboard_init
 .text          0x00000000c0003da5      0x309 build/ioqueue.o
                0x00000000c0003da5                ioqueue_init
                0x00000000c0003dfc                ioq_full
                0x00000000c0003e4d                ioq_empty
                0x00000000c0003f34                ioq_getchar
                0x00000000c0003ff0                ioq_putchar
 *(.gnu.warning)

.fini
 *(SORT(.fini))
                [!provide]                        PROVIDE (__etext, .)
                [!provide]                        PROVIDE (_etext, .)
                [!provide]                        PROVIDE (etext, .)

.rodata         0x00000000c00040b0      0xab9
 *(.rodata .rodata.* .gnu.linkonce.r.*)
 .rodata        0x00000000c00040b0       0x2b build/main.o
 .rodata        0x00000000c00040db        0xa build/init.o
 *fill*         0x00000000c00040e5        0x3 
 .rodata        0x00000000c00040e8      0x2cd build/interrupt.o
 *fill*         0x00000000c00043b5        0x3 
 .rodata        0x00000000c00043b8       0x6b build/timer.o
 .rodata        0x00000000c0004423       0x3f build/debug.o
 *fill*         0x00000000c0004462        0x2 
 .rodata        0x00000000c0004464      0x139 build/memory.o
 *fill*         0x00000000c000459d        0x3 
 .rodata        0x00000000c00045a0       0x68 build/bitmap.o
 .rodata        0x00000000c0004608       0xa2 build/string.o
 *fill*         0x00000000c00046aa        0x2 
 .rodata        0x00000000c00046ac      0x2b6 build/thread.o
 *fill*         0x00000000c0004962        0x2 
 .rodata        0x00000000c0004964      0x12f build/sync.o
 .rodata        0x00000000c0004a93       0x36 build/keyboard.o
 *fill*         0x00000000c0004ac9        0x3 
 .rodata        0x00000000c0004acc       0x9d build/ioqueue.o

.rodata1
 *(.rodata1)

.eh_frame_hdr
 *(.eh_frame_hdr)
 *(.eh_frame_entry .eh_frame_entry.*)

.eh_frame       0x00000000c0004b6c      0xb10
 *(.eh_frame)
 .eh_frame      0x00000000c0004b6c       0x6c build/main.o
 .eh_frame      0x00000000c0004bd8       0x20 build/init.o
                                         0x38 (size before relaxing)
 .eh_frame      0x00000000c0004bf8      0x188 build/interrupt.o
                                        0x1a0 (size before relaxing)
 .eh_frame      0x00000000c0004d80       0x8c build/timer.o
                                         0xa4 (size before relaxing)
 .eh_frame      0x00000000c0004e0c       0x1c build/debug.o
                                         0x34 (size before relaxing)
 .eh_frame      0x00000000c0004e28      0x120 build/memory.o
                                        0x138 (size before relaxing)
 .eh_frame      0x00000000c0004f48       0x8c build/bitmap.o
                                         0xa4 (size before relaxing)
 .eh_frame      0x00000000c0004fd4      0x140 build/string.o
                                        0x158 (size before relaxing)
 .eh_frame      0x00000000c0005114      0x140 build/thread.o
                                        0x158 (size before relaxing)
 .eh_frame      0x00000000c0005254      0x140 build/list.o
                                        0x158 (size before relaxing)
 .eh_frame      0x00000000c0005394       0xc0 build/console.o
                                         0xd8 (size before relaxing)
 .eh_frame      0x00000000c0005454       0xc8 build/sync.o
                                         0xe0 (size before relaxing)
 .eh_frame      0x00000000c000551c       0x60 build/keyboard.o
                                         0x78 (size before relaxing)
 .eh_frame      0x00000000c000557c      0x100 build/ioqueue.o
                                        0x118 (size before relaxing)
 *(.eh_frame.*)

.gcc_except_table
 *(.gcc_except_table .gcc_except_table.*)

.gnu_extab
 *(.gnu_extab*)

.exception_ranges
 *(.exception_ranges .exception_ranges*)
                0x00000000c0007000                . = DATA_SEGMENT_ALIGN (0x1000, 0x1000)

.eh_frame
 *(.eh_frame)
 *(.eh_frame.*)

.gnu_extab
 *(.gnu_extab)

.gcc_except_table
 *(.gcc_except_table .gcc_except_table.*)

.exception_ranges
 *(.exception_ranges .exception_ranges*)

.tdata
 *(.tdata .tdata.* .gnu.linkonce.td.*)

.tbss
 *(.tbss .tbss.* .gnu.linkonce.tb.*)
 *(.tcommon)

.preinit_array  0x00000000c0007000        0x0
                [!provide]                        PROVIDE (__preinit_array_start, .)
 *(.preinit_array)
                [!provide]                        PROVIDE (__preinit_array_end, .)

.init_array     0x00000000c0007000        0x0
                [!provide]                        PROVIDE (__init_array_start, .)
 *(SORT(.init_array.*) SORT(.ctors.*))
 *(.init_array EXCLUDE_FILE(*crtend?.o *crtend.o *crtbegin?.o *crtbegin.o) .ctors)
                [!provide]                        PROVIDE (__init_array_end, .)

.fini_array     0x00000000c0007000        0x0
                [!provide]                        PROVIDE (__fini_array_start, .)
 *(SORT(.fini_array.*) SORT(.dtors.*))
 *(.fini_array EXCLUDE_FILE(*crtend?.o *crtend.o *crtbegin?.o *crtbegin.o) .dtors)
                [!provide]                        PROVIDE (__fini_array_end, .)

.ctors
 *crtbegin.o(.ctors)
 *crtbegin?.o(.ctors)
 *(EXCLUDE_FILE(*crtend?.o *crtend.o) .ctors)
 *(SORT(.ctors.*))
 *(.ctors)

.dtors
 *crtbegin.o(.dtors)
 *crtbegin?.o(.dtors)
 *(EXCLUDE_FILE(*crtend?.o *crtend.o) .dtors)
 *(SORT(.dtors.*))
 *(.dtors)

.jcr
 *(.jcr)

.data.rel.ro
 *(.data.rel.ro.local* .gnu.linkonce.d.rel.ro.local.*)
 *(.data.rel.ro .data.rel.ro.* .gnu.linkonce.d.rel.ro.*)

.dynamic
 *(.dynamic)

.got
 *(.got)
 *(.igot)
                0x00000000c0007000                . = DATA_SEGMENT_RELRO_END (., (SIZEOF (.got.plt) >= 0xc)?0xc:0x0)

.got.plt        0x00000000c0007000        0x0
 *(.got.plt)
 *(.igot.plt)

.data           0x00000000c0007000      0x156
 *(.data .data.* .gnu.linkonce.d.*)
 .data          0x00000000c0007000        0x0 build/main.o
 .data          0x00000000c0007000        0x0 build/init.o
 .data          0x00000000c0007000        0x0 build/interrupt.o
 .data          0x00000000c0007000        0x0 build/timer.o
 .data          0x00000000c0007000       0xd2 build/kernel.o
                0x00000000c0007012                intr_entry_table
 *fill*         0x00000000c00070d2        0x2 
 .data          0x00000000c00070d4        0x8 build/print.o
 .data          0x00000000c00070dc        0x0 build/debug.o
 .data          0x00000000c00070dc        0x0 build/memory.o
 .data          0x00000000c00070dc        0x0 build/bitmap.o
 .data          0x00000000c00070dc        0x0 build/string.o
 .data          0x00000000c00070dc        0x0 build/thread.o
 .data          0x00000000c00070dc        0x0 build/list.o
 .data          0x00000000c00070dc        0x0 build/console.o
 .data          0x00000000c00070dc        0x0 build/sync.o
 *fill*         0x00000000c00070dc        0x4 
 .data          0x00000000c00070e0       0x76 build/keyboard.o
 .data          0x00000000c0007156        0x0 build/ioqueue.o

.data1
 *(.data1)
                0x00000000c0007156                _edata = .
                [!provide]                        PROVIDE (edata, .)
                0x00000000c0007156                . = .
                0x00000000c0007156                __bss_start = .

.bss            0x00000000c0007160      0x40c
 *(.dynbss)
 *(.bss .bss.* .gnu.linkonce.b.*)
 .bss           0x00000000c0007160        0x0 build/main.o
 .bss           0x00000000c0007160        0x0 build/init.o
 .bss           0x00000000c0007160      0x180 build/interrupt.o
 .bss           0x00000000c00072e0        0x0 build/timer.o
 .bss           0x00000000c00072e0        0x0 build/debug.o
 .bss           0x00000000c00072e0        0x0 build/memory.o
 .bss           0x00000000c00072e0        0x0 build/bitmap.o
 .bss           0x00000000c00072e0        0x0 build/string.o
 .bss           0x00000000c00072e0        0x4 build/thread.o
 .bss           0x00000000c00072e4        0x0 build/list.o
 .bss           0x00000000c00072e4       0x1c build/console.o
 .bss           0x00000000c0007300        0x0 build/sync.o
 .bss           0x00000000c0007300       0x14 build/keyboard.o
 .bss           0x00000000c0007314        0x0 build/ioqueue.o
 *(COMMON)
 *fill*         0x00000000c0007314        0xc 
 COMMON         0x00000000c0007320      0x180 build/interrupt.o
                0x00000000c0007320                intr_name
                0x00000000c00073e0                idt_table
 COMMON         0x00000000c00074a0        0x4 build/timer.o
                0x00000000c00074a0                ticks
 COMMON         0x00000000c00074a4       0x2c build/memory.o
                0x00000000c00074a4                user_pool
                0x00000000c00074b4                kernel_vaddr
                0x00000000c00074c0                kernel_pool
 COMMON         0x00000000c00074d0       0x24 build/thread.o
                0x00000000c00074d0                thread_ready_list
                0x00000000c00074e0                thread_all_list
                0x00000000c00074f0                main_thread
 *fill*         0x00000000c00074f4        0xc 
 COMMON         0x00000000c0007500       0x6c build/keyboard.o
                0x00000000c0007500                kbd_buf
                0x00000000c000756c                . = ALIGN ((. != 0x0)?0x4:0x1)
                0x00000000c000756c                . = ALIGN (0x4)
                0x00000000c000756c                . = SEGMENT_START ("ldata-segment", .)
                0x00000000c000756c                . = ALIGN (0x4)
                0x00000000c000756c                _end = .
                [!provide]                        PROVIDE (end, .)
                0x00000000c000756c                . = DATA_SEGMENT_END (.)

.stab
 *(.stab)

.stabstr
 *(.stabstr)

.stab.excl
 *(.stab.excl)

.stab.exclstr
 *(.stab.exclstr)

.stab.index
 *(.stab.index)

.stab.indexstr
 *(.stab.indexstr)

.comment        0x0000000000000000       0x2d
 *(.comment)
 .comment       0x0000000000000000       0x2d build/main.o
                                         0x2e (size before relaxing)
 .comment       0x000000000000002d       0x2e build/init.o
 .comment       0x000000000000002d       0x2e build/interrupt.o
 .comment       0x000000000000002d       0x2e build/timer.o
 .comment       0x000000000000002d       0x2e build/debug.o
 .comment       0x000000000000002d       0x2e build/memory.o
 .comment       0x000000000000002d       0x2e build/bitmap.o
 .comment       0x000000000000002d       0x2e build/string.o
 .comment       0x000000000000002d       0x2e build/thread.o
 .comment       0x000000000000002d       0x2e build/list.o
 .comment       0x000000000000002d       0x2e build/console.o
 .comment       0x000000000000002d       0x2e build/sync.o
 .comment       0x000000000000002d       0x2e build/keyboard.o
 .comment       0x000000000000002d       0x2e build/ioqueue.o

.debug
 *(.debug)

.line
 *(.line)

.debug_srcinfo
 *(.debug_srcinfo)

.debug_sfnames
 *(.debug_sfnames)

.debug_aranges
 *(.debug_aranges)

.debug_pubnames
 *(.debug_pubnames)

.debug_info
 *(.debug_info .gnu.linkonce.wi.*)

.debug_abbrev
 *(.debug_abbrev)

.debug_line
 *(.debug_line .debug_line.* .debug_line_end)

.debug_frame
 *(.debug_frame)

.debug_str
 *(.debug_str)

.debug_loc
 *(.debug_loc)

.debug_macinfo
 *(.debug_macinfo)

.debug_weaknames
 *(.debug_weaknames)

.debug_funcnames
 *(.debug_funcnames)

.debug_typenames
 *(.debug_typenames)

.debug_varnames
 *(.debug_varnames)

.debug_pubtypes
 *(.debug_pubtypes)

.debug_ranges
 *(.debug_ranges)

.debug_macro
 *(.debug_macro)

.gnu.attributes
 *(.gnu.attributes)

/DISCARD/
 *(.note.GNU-stack)
 *(.gnu_debuglink)
 *(.gnu.lto_*)
OUTPUT(build/kernel.bin elf32-i386)
