
Allocating common symbols
Common symbol       size              file

kbd_buf             0x6c              build/keyboard.o
root_dir            0x208             build/dir.o
thread_ready_list   0x10              build/thread.o
thread_all_list     0x10              build/thread.o
user_pool           0x2c              build/memory.o
channel_cnt         0x1               build/ide.o
cur_part            0x4               build/fs.o
k_block_descs       0xa8              build/memory.o
idle_thread         0x4               build/thread.o
intr_name           0x204             build/interrupt.o
main_thread         0x4               build/thread.o
channels            0xcc0             build/ide.o
ticks               0x4               build/timer.o
kernel_vaddr        0xc               build/memory.o
syscall_table       0x80              build/syscall_init.o
idt_table           0x204             build/interrupt.o
file_table          0x180             build/file.o
partition_list      0x10              build/ide.o
kernel_pool         0x2c              build/memory.o
pid_lock            0x1c              build/thread.o

Discarded input sections

 .note.GNU-stack
                0x0000000000000000        0x0 build/main.o
 .note.GNU-stack
                0x0000000000000000        0x0 build/init.o
 .note.GNU-stack
                0x0000000000000000        0x0 build/interrupt.o
 .note.GNU-stack
                0x0000000000000000        0x0 build/timer.o
 .note.GNU-stack
                0x0000000000000000        0x0 build/debug.o
 .note.GNU-stack
                0x0000000000000000        0x0 build/memory.o
 .note.GNU-stack
                0x0000000000000000        0x0 build/bitmap.o
 .note.GNU-stack
                0x0000000000000000        0x0 build/string.o
 .note.GNU-stack
                0x0000000000000000        0x0 build/thread.o
 .note.GNU-stack
                0x0000000000000000        0x0 build/list.o
 .note.GNU-stack
                0x0000000000000000        0x0 build/console.o
 .note.GNU-stack
                0x0000000000000000        0x0 build/sync.o
 .note.GNU-stack
                0x0000000000000000        0x0 build/keyboard.o
 .note.GNU-stack
                0x0000000000000000        0x0 build/ioqueue.o
 .note.GNU-stack
                0x0000000000000000        0x0 build/tss.o
 .note.GNU-stack
                0x0000000000000000        0x0 build/process.o
 .note.GNU-stack
                0x0000000000000000        0x0 build/syscall_init.o
 .note.GNU-stack
                0x0000000000000000        0x0 build/syscall.o
 .note.GNU-stack
                0x0000000000000000        0x0 build/stdio.o
 .note.GNU-stack
                0x0000000000000000        0x0 build/ide.o
 .note.GNU-stack
                0x0000000000000000        0x0 build/stdio_kernel.o
 .note.GNU-stack
                0x0000000000000000        0x0 build/fs.o
 .note.GNU-stack
                0x0000000000000000        0x0 build/inode.o
 .note.GNU-stack
                0x0000000000000000        0x0 build/file.o
 .note.GNU-stack
                0x0000000000000000        0x0 build/dir.o

Memory Configuration

Name             Origin             Length             Attributes
*default*        0x0000000000000000 0xffffffffffffffff

Linker script and memory map

Address of section .text set to 0xc0001500
LOAD build/main.o
LOAD build/init.o
LOAD build/interrupt.o
LOAD build/timer.o
LOAD build/kernel.o
LOAD build/print.o
LOAD build/debug.o
LOAD build/memory.o
LOAD build/bitmap.o
LOAD build/string.o
LOAD build/thread.o
LOAD build/list.o
LOAD build/switch.o
LOAD build/console.o
LOAD build/sync.o
LOAD build/keyboard.o
LOAD build/ioqueue.o
LOAD build/tss.o
LOAD build/process.o
LOAD build/syscall_init.o
LOAD build/syscall.o
LOAD build/stdio.o
LOAD build/ide.o
LOAD build/stdio_kernel.o
LOAD build/fs.o
LOAD build/inode.o
LOAD build/file.o
LOAD build/dir.o
                [!provide]                        PROVIDE (__executable_start, 0x8048000)
                0x0000000008048094                . = (0x8048000 + SIZEOF_HEADERS)

.interp
 *(.interp)

.note.gnu.build-id
 *(.note.gnu.build-id)

.hash
 *(.hash)

.gnu.hash
 *(.gnu.hash)

.dynsym
 *(.dynsym)

.dynstr
 *(.dynstr)

.gnu.version
 *(.gnu.version)

.gnu.version_d
 *(.gnu.version_d)

.gnu.version_r
 *(.gnu.version_r)

.rel.dyn        0x0000000008048094        0x0
 *(.rel.init)
 *(.rel.text .rel.text.* .rel.gnu.linkonce.t.*)
 .rel.text      0x0000000008048094        0x0 build/main.o
 *(.rel.fini)
 *(.rel.rodata .rel.rodata.* .rel.gnu.linkonce.r.*)
 *(.rel.data.rel.ro .rel.data.rel.ro.* .rel.gnu.linkonce.d.rel.ro.*)
 *(.rel.data .rel.data.* .rel.gnu.linkonce.d.*)
 *(.rel.tdata .rel.tdata.* .rel.gnu.linkonce.td.*)
 *(.rel.tbss .rel.tbss.* .rel.gnu.linkonce.tb.*)
 *(.rel.ctors)
 *(.rel.dtors)
 *(.rel.got)
 *(.rel.bss .rel.bss.* .rel.gnu.linkonce.b.*)
 *(.rel.ifunc)

.rel.plt        0x0000000008048094        0x0
 *(.rel.plt)
                [!provide]                        PROVIDE (__rel_iplt_start, .)
 *(.rel.iplt)
                [!provide]                        PROVIDE (__rel_iplt_end, .)

.init
 *(SORT(.init))

.plt
 *(.plt)
 *(.iplt)

.plt.got
 *(.plt.got)

.text           0x00000000c0001500     0x725d
 *(.text.unlikely .text.*_unlikely .text.unlikely.*)
 *(.text.exit .text.exit.*)
 *(.text.startup .text.startup.*)
 *(.text.hot .text.hot.*)
 *(.text .stub .text.* .gnu.linkonce.t.*)
 .text          0x00000000c0001500      0x33c build/main.o
                0x00000000c0001500                main
                0x00000000c00015a0                k_thread_a
                0x00000000c0001662                k_thread_b
                0x00000000c0001724                u_prog_a
                0x00000000c00017b0                u_prog_b
 .text          0x00000000c000183c       0x4b build/init.o
                0x00000000c000183c                init_all
 .text          0x00000000c0001887      0x480 build/interrupt.o
                0x00000000c0001bf5                register_handler
                0x00000000c0001c11                idt_init
                0x00000000c0001c73                intr_enable
                0x00000000c0001c9c                intr_disable
                0x00000000c0001cc5                intr_set_status
                0x00000000c0001ce3                intr_get_status
 .text          0x00000000c0001d07      0x209 build/timer.o
                0x00000000c0001e5e                mtime_sleep
                0x00000000c0001eb0                timer_init
 .text          0x00000000c0001f10      0x55b build/kernel.o
                0x00000000c0001f10                intr_exit
                0x00000000c0002447                syscall_handler
 *fill*         0x00000000c000246b        0x5 
 .text          0x00000000c0002470      0x172 build/print.o
                0x00000000c0002470                put_str
                0x00000000c000248e                put_char
                0x00000000c000255b                put_int
                0x00000000c00025be                set_cursor
 .text          0x00000000c00025e2       0xa5 build/debug.o
                0x00000000c00025e2                panic_spin
 .text          0x00000000c0002687     0x112e build/memory.o
                0x00000000c000286a                pte_ptr
                0x00000000c000289a                pde_ptr
                0x00000000c0002911                pfree
                0x00000000c0002aca                malloc_page
                0x00000000c0002b94                mfree_page
                0x00000000c0002d71                get_kernel_pages
                0x00000000c0002dcd                get_user_pages
                0x00000000c0002e29                get_a_page
                0x00000000c0002fa1                addr_v2p
                0x00000000c00031b6                sys_malloc
                0x00000000c00034e5                sys_free
                0x00000000c00036e6                block_desc_init
                0x00000000c0003774                mem_init
 .text          0x00000000c00037b5      0x266 build/bitmap.o
                0x00000000c00037b5                bitmap_init
                0x00000000c00037dc                bitmap_scan_test
                0x00000000c000381c                bitmap_scan
                0x00000000c0003960                bitmap_set
 .text          0x00000000c0003a1b      0x44a build/string.o
                0x00000000c0003a1b                memset
                0x00000000c0003a77                memcpy
                0x00000000c0003ae3                memcmp
                0x00000000c0003b74                strcpy
                0x00000000c0003bd6                strlen
                0x00000000c0003c2c                strcmp
                0x00000000c0003cb3                strchr
                0x00000000c0003d18                strrchr
                0x00000000c0003d81                strcat
                0x00000000c0003df8                strchrs
 .text          0x00000000c0003e65      0x70c build/thread.o
                0x00000000c0003e7b                running_thread
                0x00000000c0003edf                thread_create
                0x00000000c0003f4c                init_thread
                0x00000000c000403c                thread_start
                0x00000000c00041b7                schedule
                0x00000000c0004307                thread_block
                0x00000000c000436e                thread_unblock
                0x00000000c0004479                thread_yield
                0x00000000c00044ff                thread_init
 .text          0x00000000c0004571      0x1e3 build/list.o
                0x00000000c0004571                list_init
                0x00000000c000459e                list_insert_before
                0x00000000c00045df                list_push
                0x00000000c00045fc                list_append
                0x00000000c0004619                list_remove
                0x00000000c000464f                list_pop
                0x00000000c000466e                elem_find
                0x00000000c00046a9                list_traversal
                0x00000000c0004706                list_len
                0x00000000c000473b                list_empty
 *fill*         0x00000000c0004754        0xc 
 .text          0x00000000c0004760       0x15 build/switch.o
                0x00000000c0004760                switch_to
 .text          0x00000000c0004775       0x9a build/console.o
                0x00000000c0004775                console_init
                0x00000000c0004789                console_acquire
                0x00000000c000479d                console_release
                0x00000000c00047b1                console_put_str
                0x00000000c00047ce                console_put_char
                0x00000000c00047f2                console_put_int
 .text          0x00000000c000480f      0x347 build/sync.o
                0x00000000c000480f                sema_init
                0x00000000c0004834                lock_init
                0x00000000c0004865                sema_down
                0x00000000c0004979                sema_up
                0x00000000c0004a2f                lock_acquire
                0x00000000c0004aab                lock_release
 .text          0x00000000c0004b56      0x2bf build/keyboard.o
                0x00000000c0004de1                keyboard_init
 .text          0x00000000c0004e15      0x309 build/ioqueue.o
                0x00000000c0004e15                ioqueue_init
                0x00000000c0004e6c                ioq_full
                0x00000000c0004fa4                ioq_getchar
                0x00000000c0005060                ioq_putchar
 .text          0x00000000c000511e      0x1af build/tss.o
                0x00000000c000511e                update_tss_esp
                0x00000000c000519f                tss_init
 .text          0x00000000c00052cd      0x356 build/process.o
                0x00000000c00052cd                start_process
                0x00000000c00053c4                page_dir_activate
                0x00000000c00053f4                process_activate
                0x00000000c0005446                create_page_dir
                0x00000000c00054b7                create_user_vaddr_bitmap
                0x00000000c00054f9                process_execute
 .text          0x00000000c0005623       0x78 build/syscall_init.o
                0x00000000c0005623                sys_getpid
                0x00000000c0005635                sys_write
                0x00000000c0005653                syscall_init
 .text          0x00000000c000569b       0x6f build/syscall.o
                0x00000000c000569b                getpid
                0x00000000c00056b0                write
                0x00000000c00056cf                malloc
                0x00000000c00056ee                free
 .text          0x00000000c000570a      0x2a1 build/stdio.o
                0x00000000c0005791                vsprintf
                0x00000000c0005915                printf
                0x00000000c0005977                sprintf
 .text          0x00000000c00059ab      0xe04 build/ide.o
                0x00000000c0005cc5                ide_read
                0x00000000c0005e53                ide_write
                0x00000000c00064e5                intr_hd_handler
                0x00000000c00065a6                ide_init
 .text          0x00000000c00067af       0x62 build/stdio_kernel.o
                0x00000000c00067af                printk
 .text          0x00000000c0006811      0xed9 build/fs.o
                0x00000000c0006f7d                path_depth_cnt
                0x00000000c00072a7                sys_open
                0x00000000c00074e4                filesys_init
 .text          0x00000000c00076ea      0x439 build/inode.o
                0x00000000c000778e                inode_sync
                0x00000000c0007902                inode_open
                0x00000000c0007a5d                inode_close
                0x00000000c0007ace                inode_init
 .text          0x00000000c0007b23      0x4c9 build/file.o
                0x00000000c0007b23                get_free_slot_in_global
                0x00000000c0007b73                pcb_fd_install
                0x00000000c0007bdc                inode_bitmap_alloc
                0x00000000c0007c2a                block_bitmap_alloc
                0x00000000c0007c83                bitmap_sync
                0x00000000c0007d17                file_create
 .text          0x00000000c0007fec      0x771 build/dir.o
                0x00000000c0007fec                open_root_dir
                0x00000000c000801b                dir_open
                0x00000000c0008056                dir_close
                0x00000000c0008081                search_dir_entry
                0x00000000c0008263                create_dir_entry
                0x00000000c00082d9                sync_dir_entry
 *(.gnu.warning)

.fini
 *(SORT(.fini))
                [!provide]                        PROVIDE (__etext, .)
                [!provide]                        PROVIDE (_etext, .)
                [!provide]                        PROVIDE (etext, .)

.rodata         0x00000000c0008760     0x16ed
 *(.rodata .rodata.* .gnu.linkonce.r.*)
 .rodata        0x00000000c0008760       0xcf build/main.o
 .rodata        0x00000000c000882f        0xa build/init.o
 *fill*         0x00000000c0008839        0x3 
 .rodata        0x00000000c000883c      0x2cd build/interrupt.o
 *fill*         0x00000000c0008b09        0x3 
 .rodata        0x00000000c0008b0c       0x87 build/timer.o
 .rodata        0x00000000c0008b93       0x3f build/debug.o
 *fill*         0x00000000c0008bd2        0x2 
 .rodata        0x00000000c0008bd4      0x3b0 build/memory.o
 .rodata        0x00000000c0008f84       0x68 build/bitmap.o
 .rodata        0x00000000c0008fec       0xa2 build/string.o
 *fill*         0x00000000c000908e        0x2 
 .rodata        0x00000000c0009090      0x2c8 build/thread.o
 .rodata        0x00000000c0009358      0x12f build/sync.o
 .rodata        0x00000000c0009487       0x36 build/keyboard.o
 *fill*         0x00000000c00094bd        0x3 
 .rodata        0x00000000c00094c0       0x9d build/ioqueue.o
 .rodata        0x00000000c000955d       0x27 build/tss.o
 .rodata        0x00000000c0009584       0xdd build/process.o
 .rodata        0x00000000c0009661       0x27 build/syscall_init.o
 .rodata        0x00000000c0009688      0x1ec build/ide.o
 .rodata        0x00000000c0009874      0x393 build/fs.o
 *fill*         0x00000000c0009c07        0x1 
 .rodata        0x00000000c0009c08       0x6b build/inode.o
 *fill*         0x00000000c0009c73        0x1 
 .rodata        0x00000000c0009c74       0xdb build/file.o
 *fill*         0x00000000c0009d4f        0x1 
 .rodata        0x00000000c0009d50       0xfd build/dir.o

.rodata1
 *(.rodata1)

.eh_frame_hdr
 *(.eh_frame_hdr)
 *(.eh_frame_entry .eh_frame_entry.*)

.eh_frame       0x00000000c0009e50     0x15b4
 *(.eh_frame)
 .eh_frame      0x00000000c0009e50       0xa4 build/main.o
 .eh_frame      0x00000000c0009ef4       0x20 build/init.o
                                         0x38 (size before relaxing)
 .eh_frame      0x00000000c0009f14      0x188 build/interrupt.o
                                        0x1a0 (size before relaxing)
 .eh_frame      0x00000000c000a09c       0xcc build/timer.o
                                         0xe4 (size before relaxing)
 .eh_frame      0x00000000c000a168       0x1c build/debug.o
                                         0x34 (size before relaxing)
 .eh_frame      0x00000000c000a184      0x2a0 build/memory.o
                                        0x2b8 (size before relaxing)
 .eh_frame      0x00000000c000a424       0x8c build/bitmap.o
                                         0xa4 (size before relaxing)
 .eh_frame      0x00000000c000a4b0      0x140 build/string.o
                                        0x158 (size before relaxing)
 .eh_frame      0x00000000c000a5f0      0x19c build/thread.o
                                        0x1b4 (size before relaxing)
 .eh_frame      0x00000000c000a78c      0x140 build/list.o
                                        0x158 (size before relaxing)
 .eh_frame      0x00000000c000a8cc       0xc0 build/console.o
                                         0xd8 (size before relaxing)
 .eh_frame      0x00000000c000a98c       0xc8 build/sync.o
                                         0xe0 (size before relaxing)
 .eh_frame      0x00000000c000aa54       0x60 build/keyboard.o
                                         0x78 (size before relaxing)
 .eh_frame      0x00000000c000aab4      0x100 build/ioqueue.o
                                        0x118 (size before relaxing)
 .eh_frame      0x00000000c000abb4       0x64 build/tss.o
                                         0x7c (size before relaxing)
 .eh_frame      0x00000000c000ac18       0xc0 build/process.o
                                         0xd8 (size before relaxing)
 .eh_frame      0x00000000c000acd8       0x60 build/syscall_init.o
                                         0x78 (size before relaxing)
 .eh_frame      0x00000000c000ad38       0x8c build/syscall.o
                                         0xa4 (size before relaxing)
 .eh_frame      0x00000000c000adc4       0x94 build/stdio.o
                                         0xac (size before relaxing)
 .eh_frame      0x00000000c000ae58      0x258 build/ide.o
                                        0x270 (size before relaxing)
 .eh_frame      0x00000000c000b0b0       0x28 build/stdio_kernel.o
                                         0x40 (size before relaxing)
 .eh_frame      0x00000000c000b0d8      0x100 build/fs.o
                                        0x118 (size before relaxing)
 .eh_frame      0x00000000c000b1d8       0xa0 build/inode.o
                                         0xb8 (size before relaxing)
 .eh_frame      0x00000000c000b278       0xc0 build/file.o
                                         0xd8 (size before relaxing)
 .eh_frame      0x00000000c000b338       0xcc build/dir.o
                                         0xe4 (size before relaxing)
 *(.eh_frame.*)

.gcc_except_table
 *(.gcc_except_table .gcc_except_table.*)

.gnu_extab
 *(.gnu_extab*)

.exception_ranges
 *(.exception_ranges .exception_ranges*)
                0x00000000c000d000                . = DATA_SEGMENT_ALIGN (0x1000, 0x1000)

.eh_frame
 *(.eh_frame)
 *(.eh_frame.*)

.gnu_extab
 *(.gnu_extab)

.gcc_except_table
 *(.gcc_except_table .gcc_except_table.*)

.exception_ranges
 *(.exception_ranges .exception_ranges*)

.tdata
 *(.tdata .tdata.* .gnu.linkonce.td.*)

.tbss
 *(.tbss .tbss.* .gnu.linkonce.tb.*)
 *(.tcommon)

.preinit_array  0x00000000c000d000        0x0
                [!provide]                        PROVIDE (__preinit_array_start, .)
 *(.preinit_array)
                [!provide]                        PROVIDE (__preinit_array_end, .)

.init_array     0x00000000c000d000        0x0
                [!provide]                        PROVIDE (__init_array_start, .)
 *(SORT(.init_array.*) SORT(.ctors.*))
 *(.init_array EXCLUDE_FILE(*crtend?.o *crtend.o *crtbegin?.o *crtbegin.o) .ctors)
                [!provide]                        PROVIDE (__init_array_end, .)

.fini_array     0x00000000c000d000        0x0
                [!provide]                        PROVIDE (__fini_array_start, .)
 *(SORT(.fini_array.*) SORT(.dtors.*))
 *(.fini_array EXCLUDE_FILE(*crtend?.o *crtend.o *crtbegin?.o *crtbegin.o) .dtors)
                [!provide]                        PROVIDE (__fini_array_end, .)

.ctors
 *crtbegin.o(.ctors)
 *crtbegin?.o(.ctors)
 *(EXCLUDE_FILE(*crtend?.o *crtend.o) .ctors)
 *(SORT(.ctors.*))
 *(.ctors)

.dtors
 *crtbegin.o(.dtors)
 *crtbegin?.o(.dtors)
 *(EXCLUDE_FILE(*crtend?.o *crtend.o) .dtors)
 *(SORT(.dtors.*))
 *(.dtors)

.jcr
 *(.jcr)

.data.rel.ro
 *(.data.rel.ro.local* .gnu.linkonce.d.rel.ro.local.*)
 *(.data.rel.ro .data.rel.ro.* .gnu.linkonce.d.rel.ro.*)

.dynamic
 *(.dynamic)

.got
 *(.got)
 *(.igot)
                0x00000000c000d000                . = DATA_SEGMENT_RELRO_END (., (SIZEOF (.got.plt) >= 0xc)?0xc:0x0)

.got.plt        0x00000000c000d000        0x0
 *(.got.plt)
 *(.igot.plt)

.data           0x00000000c000d000      0x156
 *(.data .data.* .gnu.linkonce.d.*)
 .data          0x00000000c000d000        0x0 build/main.o
 .data          0x00000000c000d000        0x0 build/init.o
 .data          0x00000000c000d000        0x0 build/interrupt.o
 .data          0x00000000c000d000        0x0 build/timer.o
 .data          0x00000000c000d000       0xd2 build/kernel.o
                0x00000000c000d012                intr_entry_table
 *fill*         0x00000000c000d0d2        0x2 
 .data          0x00000000c000d0d4        0x8 build/print.o
 .data          0x00000000c000d0dc        0x0 build/debug.o
 .data          0x00000000c000d0dc        0x0 build/memory.o
 .data          0x00000000c000d0dc        0x0 build/bitmap.o
 .data          0x00000000c000d0dc        0x0 build/string.o
 .data          0x00000000c000d0dc        0x0 build/thread.o
 .data          0x00000000c000d0dc        0x0 build/list.o
 .data          0x00000000c000d0dc        0x0 build/console.o
 .data          0x00000000c000d0dc        0x0 build/sync.o
 *fill*         0x00000000c000d0dc        0x4 
 .data          0x00000000c000d0e0       0x76 build/keyboard.o
 .data          0x00000000c000d156        0x0 build/ioqueue.o
 .data          0x00000000c000d156        0x0 build/tss.o
 .data          0x00000000c000d156        0x0 build/process.o
 .data          0x00000000c000d156        0x0 build/syscall_init.o
 .data          0x00000000c000d156        0x0 build/syscall.o
 .data          0x00000000c000d156        0x0 build/stdio.o
 .data          0x00000000c000d156        0x0 build/ide.o
 .data          0x00000000c000d156        0x0 build/stdio_kernel.o
 .data          0x00000000c000d156        0x0 build/fs.o
 .data          0x00000000c000d156        0x0 build/inode.o
 .data          0x00000000c000d156        0x0 build/file.o
 .data          0x00000000c000d156        0x0 build/dir.o

.data1
 *(.data1)
                0x00000000c000d156                _edata = .
                [!provide]                        PROVIDE (edata, .)
                0x00000000c000d156                . = .
                0x00000000c000d156                __bss_start = .

.bss            0x00000000c000d160     0x1c28
 *(.dynbss)
 *(.bss .bss.* .gnu.linkonce.b.*)
 .bss           0x00000000c000d160        0x8 build/main.o
                0x00000000c000d160                prog_a_pid
                0x00000000c000d164                prog_b_pid
 .bss           0x00000000c000d168        0x0 build/init.o
 *fill*         0x00000000c000d168       0x18 
 .bss           0x00000000c000d180      0x408 build/interrupt.o
 .bss           0x00000000c000d588        0x0 build/timer.o
 .bss           0x00000000c000d588        0x0 build/debug.o
 .bss           0x00000000c000d588        0x0 build/memory.o
 .bss           0x00000000c000d588        0x0 build/bitmap.o
 .bss           0x00000000c000d588        0x0 build/string.o
 .bss           0x00000000c000d588        0x6 build/thread.o
 .bss           0x00000000c000d58e        0x0 build/list.o
 *fill*         0x00000000c000d58e        0x2 
 .bss           0x00000000c000d590       0x1c build/console.o
 .bss           0x00000000c000d5ac        0x0 build/sync.o
 .bss           0x00000000c000d5ac       0x14 build/keyboard.o
 .bss           0x00000000c000d5c0        0x0 build/ioqueue.o
 .bss           0x00000000c000d5c0       0x6c build/tss.o
 .bss           0x00000000c000d62c        0x0 build/process.o
 .bss           0x00000000c000d62c        0x0 build/syscall_init.o
 .bss           0x00000000c000d62c        0x0 build/syscall.o
 .bss           0x00000000c000d62c        0x0 build/stdio.o
 .bss           0x00000000c000d62c        0x6 build/ide.o
                0x00000000c000d62c                ext_lba_base
                0x00000000c000d630                p_no
                0x00000000c000d631                l_no
 .bss           0x00000000c000d632        0x0 build/stdio_kernel.o
 .bss           0x00000000c000d632        0x0 build/fs.o
 .bss           0x00000000c000d632        0x0 build/inode.o
 .bss           0x00000000c000d632        0x0 build/file.o
 .bss           0x00000000c000d632        0x0 build/dir.o
 *(COMMON)
 *fill*         0x00000000c000d632        0xe 
 COMMON         0x00000000c000d640      0x424 build/interrupt.o
                0x00000000c000d640                intr_name
                0x00000000c000d860                idt_table
 COMMON         0x00000000c000da64        0x4 build/timer.o
                0x00000000c000da64                ticks
 *fill*         0x00000000c000da68       0x18 
 COMMON         0x00000000c000da80      0x12c build/memory.o
                0x00000000c000da80                user_pool
                0x00000000c000dac0                k_block_descs
                0x00000000c000db68                kernel_vaddr
                0x00000000c000db80                kernel_pool
 COMMON         0x00000000c000dbac       0x44 build/thread.o
                0x00000000c000dbac                thread_ready_list
                0x00000000c000dbbc                thread_all_list
                0x00000000c000dbcc                idle_thread
                0x00000000c000dbd0                main_thread
                0x00000000c000dbd4                pid_lock
 *fill*         0x00000000c000dbf0       0x10 
 COMMON         0x00000000c000dc00       0x6c build/keyboard.o
                0x00000000c000dc00                kbd_buf
 *fill*         0x00000000c000dc6c       0x14 
 COMMON         0x00000000c000dc80       0x80 build/syscall_init.o
                0x00000000c000dc80                syscall_table
 COMMON         0x00000000c000dd00      0xcf0 build/ide.o
                0x00000000c000dd00                channel_cnt
                0x00000000c000dd20                channels
                0x00000000c000e9e0                partition_list
 COMMON         0x00000000c000e9f0        0x4 build/fs.o
                0x00000000c000e9f0                cur_part
 *fill*         0x00000000c000e9f4        0xc 
 COMMON         0x00000000c000ea00      0x180 build/file.o
                0x00000000c000ea00                file_table
 COMMON         0x00000000c000eb80      0x208 build/dir.o
                0x00000000c000eb80                root_dir
                0x00000000c000ed88                . = ALIGN ((. != 0x0)?0x4:0x1)
                0x00000000c000ed88                . = ALIGN (0x4)
                0x00000000c000ed88                . = SEGMENT_START ("ldata-segment", .)
                0x00000000c000ed88                . = ALIGN (0x4)
                0x00000000c000ed88                _end = .
                [!provide]                        PROVIDE (end, .)
                0x00000000c000ed88                . = DATA_SEGMENT_END (.)

.stab
 *(.stab)

.stabstr
 *(.stabstr)

.stab.excl
 *(.stab.excl)

.stab.exclstr
 *(.stab.exclstr)

.stab.index
 *(.stab.index)

.stab.indexstr
 *(.stab.indexstr)

.comment        0x0000000000000000       0x2d
 *(.comment)
 .comment       0x0000000000000000       0x2d build/main.o
                                         0x2e (size before relaxing)
 .comment       0x000000000000002d       0x2e build/init.o
 .comment       0x000000000000002d       0x2e build/interrupt.o
 .comment       0x000000000000002d       0x2e build/timer.o
 .comment       0x000000000000002d       0x2e build/debug.o
 .comment       0x000000000000002d       0x2e build/memory.o
 .comment       0x000000000000002d       0x2e build/bitmap.o
 .comment       0x000000000000002d       0x2e build/string.o
 .comment       0x000000000000002d       0x2e build/thread.o
 .comment       0x000000000000002d       0x2e build/list.o
 .comment       0x000000000000002d       0x2e build/console.o
 .comment       0x000000000000002d       0x2e build/sync.o
 .comment       0x000000000000002d       0x2e build/keyboard.o
 .comment       0x000000000000002d       0x2e build/ioqueue.o
 .comment       0x000000000000002d       0x2e build/tss.o
 .comment       0x000000000000002d       0x2e build/process.o
 .comment       0x000000000000002d       0x2e build/syscall_init.o
 .comment       0x000000000000002d       0x2e build/syscall.o
 .comment       0x000000000000002d       0x2e build/stdio.o
 .comment       0x000000000000002d       0x2e build/ide.o
 .comment       0x000000000000002d       0x2e build/stdio_kernel.o
 .comment       0x000000000000002d       0x2e build/fs.o
 .comment       0x000000000000002d       0x2e build/inode.o
 .comment       0x000000000000002d       0x2e build/file.o
 .comment       0x000000000000002d       0x2e build/dir.o

.debug
 *(.debug)

.line
 *(.line)

.debug_srcinfo
 *(.debug_srcinfo)

.debug_sfnames
 *(.debug_sfnames)

.debug_aranges
 *(.debug_aranges)

.debug_pubnames
 *(.debug_pubnames)

.debug_info
 *(.debug_info .gnu.linkonce.wi.*)

.debug_abbrev
 *(.debug_abbrev)

.debug_line
 *(.debug_line .debug_line.* .debug_line_end)

.debug_frame
 *(.debug_frame)

.debug_str
 *(.debug_str)

.debug_loc
 *(.debug_loc)

.debug_macinfo
 *(.debug_macinfo)

.debug_weaknames
 *(.debug_weaknames)

.debug_funcnames
 *(.debug_funcnames)

.debug_typenames
 *(.debug_typenames)

.debug_varnames
 *(.debug_varnames)

.debug_pubtypes
 *(.debug_pubtypes)

.debug_ranges
 *(.debug_ranges)

.debug_macro
 *(.debug_macro)

.gnu.attributes
 *(.gnu.attributes)

/DISCARD/
 *(.note.GNU-stack)
 *(.gnu_debuglink)
 *(.gnu.lto_*)
OUTPUT(build/kernel.bin elf32-i386)
