
Allocating common symbols
Common symbol       size              file

kbd_buf             0x6c              build/keyboard.o
root_dir            0x208             build/dir.o
thread_ready_list   0x10              build/thread.o
thread_all_list     0x10              build/thread.o
user_pool           0x2c              build/memory.o
channel_cnt         0x1               build/ide.o
cur_part            0x4               build/fs.o
k_block_descs       0xa8              build/memory.o
idle_thread         0x4               build/thread.o
intr_name           0x204             build/interrupt.o
main_thread         0x4               build/thread.o
channels            0xcc0             build/ide.o
ticks               0x4               build/timer.o
kernel_vaddr        0xc               build/memory.o
syscall_table       0x80              build/syscall_init.o
idt_table           0x204             build/interrupt.o
file_table          0x180             build/file.o
partition_list      0x10              build/ide.o
kernel_pool         0x2c              build/memory.o
pid_lock            0x1c              build/thread.o

Discarded input sections

 .note.GNU-stack
                0x0000000000000000        0x0 build/main.o
 .note.GNU-stack
                0x0000000000000000        0x0 build/init.o
 .note.GNU-stack
                0x0000000000000000        0x0 build/interrupt.o
 .note.GNU-stack
                0x0000000000000000        0x0 build/timer.o
 .note.GNU-stack
                0x0000000000000000        0x0 build/debug.o
 .note.GNU-stack
                0x0000000000000000        0x0 build/memory.o
 .note.GNU-stack
                0x0000000000000000        0x0 build/bitmap.o
 .note.GNU-stack
                0x0000000000000000        0x0 build/string.o
 .note.GNU-stack
                0x0000000000000000        0x0 build/thread.o
 .note.GNU-stack
                0x0000000000000000        0x0 build/list.o
 .note.GNU-stack
                0x0000000000000000        0x0 build/console.o
 .note.GNU-stack
                0x0000000000000000        0x0 build/sync.o
 .note.GNU-stack
                0x0000000000000000        0x0 build/keyboard.o
 .note.GNU-stack
                0x0000000000000000        0x0 build/ioqueue.o
 .note.GNU-stack
                0x0000000000000000        0x0 build/tss.o
 .note.GNU-stack
                0x0000000000000000        0x0 build/process.o
 .note.GNU-stack
                0x0000000000000000        0x0 build/syscall_init.o
 .note.GNU-stack
                0x0000000000000000        0x0 build/syscall.o
 .note.GNU-stack
                0x0000000000000000        0x0 build/stdio.o
 .note.GNU-stack
                0x0000000000000000        0x0 build/ide.o
 .note.GNU-stack
                0x0000000000000000        0x0 build/stdio_kernel.o
 .note.GNU-stack
                0x0000000000000000        0x0 build/fs.o
 .note.GNU-stack
                0x0000000000000000        0x0 build/inode.o
 .note.GNU-stack
                0x0000000000000000        0x0 build/file.o
 .note.GNU-stack
                0x0000000000000000        0x0 build/dir.o

Memory Configuration

Name             Origin             Length             Attributes
*default*        0x0000000000000000 0xffffffffffffffff

Linker script and memory map

Address of section .text set to 0xc0001500
LOAD build/main.o
LOAD build/init.o
LOAD build/interrupt.o
LOAD build/timer.o
LOAD build/kernel.o
LOAD build/print.o
LOAD build/debug.o
LOAD build/memory.o
LOAD build/bitmap.o
LOAD build/string.o
LOAD build/thread.o
LOAD build/list.o
LOAD build/switch.o
LOAD build/console.o
LOAD build/sync.o
LOAD build/keyboard.o
LOAD build/ioqueue.o
LOAD build/tss.o
LOAD build/process.o
LOAD build/syscall_init.o
LOAD build/syscall.o
LOAD build/stdio.o
LOAD build/ide.o
LOAD build/stdio_kernel.o
LOAD build/fs.o
LOAD build/inode.o
LOAD build/file.o
LOAD build/dir.o
                [!provide]                        PROVIDE (__executable_start, 0x8048000)
                0x0000000008048094                . = (0x8048000 + SIZEOF_HEADERS)

.interp
 *(.interp)

.note.gnu.build-id
 *(.note.gnu.build-id)

.hash
 *(.hash)

.gnu.hash
 *(.gnu.hash)

.dynsym
 *(.dynsym)

.dynstr
 *(.dynstr)

.gnu.version
 *(.gnu.version)

.gnu.version_d
 *(.gnu.version_d)

.gnu.version_r
 *(.gnu.version_r)

.rel.dyn        0x0000000008048094        0x0
 *(.rel.init)
 *(.rel.text .rel.text.* .rel.gnu.linkonce.t.*)
 .rel.text      0x0000000008048094        0x0 build/main.o
 *(.rel.fini)
 *(.rel.rodata .rel.rodata.* .rel.gnu.linkonce.r.*)
 *(.rel.data.rel.ro .rel.data.rel.ro.* .rel.gnu.linkonce.d.rel.ro.*)
 *(.rel.data .rel.data.* .rel.gnu.linkonce.d.*)
 *(.rel.tdata .rel.tdata.* .rel.gnu.linkonce.td.*)
 *(.rel.tbss .rel.tbss.* .rel.gnu.linkonce.tb.*)
 *(.rel.ctors)
 *(.rel.dtors)
 *(.rel.got)
 *(.rel.bss .rel.bss.* .rel.gnu.linkonce.b.*)
 *(.rel.ifunc)

.rel.plt        0x0000000008048094        0x0
 *(.rel.plt)
                [!provide]                        PROVIDE (__rel_iplt_start, .)
 *(.rel.iplt)
                [!provide]                        PROVIDE (__rel_iplt_end, .)

.init
 *(SORT(.init))

.plt
 *(.plt)
 *(.iplt)

.plt.got
 *(.plt.got)

.text           0x00000000c0001500     0x929a
 *(.text.unlikely .text.*_unlikely .text.unlikely.*)
 *(.text.exit .text.exit.*)
 *(.text.startup .text.startup.*)
 *(.text.hot .text.hot.*)
 *(.text .stub .text.* .gnu.linkonce.t.*)
 .text          0x00000000c0001500      0x414 build/main.o
                0x00000000c0001500                main
                0x00000000c00016d8                k_thread_a
                0x00000000c000176a                k_thread_b
                0x00000000c00017fc                u_prog_a
                0x00000000c0001888                u_prog_b
 .text          0x00000000c0001914       0x4b build/init.o
                0x00000000c0001914                init_all
 .text          0x00000000c000195f      0x480 build/interrupt.o
                0x00000000c0001ccd                register_handler
                0x00000000c0001ce9                idt_init
                0x00000000c0001d4b                intr_enable
                0x00000000c0001d74                intr_disable
                0x00000000c0001d9d                intr_set_status
                0x00000000c0001dbb                intr_get_status
 .text          0x00000000c0001ddf      0x209 build/timer.o
                0x00000000c0001f36                mtime_sleep
                0x00000000c0001f88                timer_init
 *fill*         0x00000000c0001fe8        0x8 
 .text          0x00000000c0001ff0      0x55b build/kernel.o
                0x00000000c0001ff0                intr_exit
                0x00000000c0002527                syscall_handler
 *fill*         0x00000000c000254b        0x5 
 .text          0x00000000c0002550      0x172 build/print.o
                0x00000000c0002550                put_str
                0x00000000c000256e                put_char
                0x00000000c000263b                put_int
                0x00000000c000269e                set_cursor
 .text          0x00000000c00026c2       0xa5 build/debug.o
                0x00000000c00026c2                panic_spin
 .text          0x00000000c0002767     0x112e build/memory.o
                0x00000000c000294a                pte_ptr
                0x00000000c000297a                pde_ptr
                0x00000000c00029f1                pfree
                0x00000000c0002baa                malloc_page
                0x00000000c0002c74                mfree_page
                0x00000000c0002e51                get_kernel_pages
                0x00000000c0002ead                get_user_pages
                0x00000000c0002f09                get_a_page
                0x00000000c0003081                addr_v2p
                0x00000000c0003296                sys_malloc
                0x00000000c00035c5                sys_free
                0x00000000c00037c6                block_desc_init
                0x00000000c0003854                mem_init
 .text          0x00000000c0003895      0x266 build/bitmap.o
                0x00000000c0003895                bitmap_init
                0x00000000c00038bc                bitmap_scan_test
                0x00000000c00038fc                bitmap_scan
                0x00000000c0003a40                bitmap_set
 .text          0x00000000c0003afb      0x44a build/string.o
                0x00000000c0003afb                memset
                0x00000000c0003b57                memcpy
                0x00000000c0003bc3                memcmp
                0x00000000c0003c54                strcpy
                0x00000000c0003cb6                strlen
                0x00000000c0003d0c                strcmp
                0x00000000c0003d93                strchr
                0x00000000c0003df8                strrchr
                0x00000000c0003e61                strcat
                0x00000000c0003ed8                strchrs
 .text          0x00000000c0003f45      0x70c build/thread.o
                0x00000000c0003f5b                running_thread
                0x00000000c0003fbf                thread_create
                0x00000000c000402c                init_thread
                0x00000000c000411c                thread_start
                0x00000000c0004297                schedule
                0x00000000c00043e7                thread_block
                0x00000000c000444e                thread_unblock
                0x00000000c0004559                thread_yield
                0x00000000c00045df                thread_init
 .text          0x00000000c0004651      0x1e3 build/list.o
                0x00000000c0004651                list_init
                0x00000000c000467e                list_insert_before
                0x00000000c00046bf                list_push
                0x00000000c00046dc                list_append
                0x00000000c00046f9                list_remove
                0x00000000c000472f                list_pop
                0x00000000c000474e                elem_find
                0x00000000c0004789                list_traversal
                0x00000000c00047e6                list_len
                0x00000000c000481b                list_empty
 *fill*         0x00000000c0004834        0xc 
 .text          0x00000000c0004840       0x15 build/switch.o
                0x00000000c0004840                switch_to
 .text          0x00000000c0004855       0x9a build/console.o
                0x00000000c0004855                console_init
                0x00000000c0004869                console_acquire
                0x00000000c000487d                console_release
                0x00000000c0004891                console_put_str
                0x00000000c00048ae                console_put_char
                0x00000000c00048d2                console_put_int
 .text          0x00000000c00048ef      0x347 build/sync.o
                0x00000000c00048ef                sema_init
                0x00000000c0004914                lock_init
                0x00000000c0004945                sema_down
                0x00000000c0004a59                sema_up
                0x00000000c0004b0f                lock_acquire
                0x00000000c0004b8b                lock_release
 .text          0x00000000c0004c36      0x2cb build/keyboard.o
                0x00000000c0004ec1                keyboard_init
 .text          0x00000000c0004f01      0x309 build/ioqueue.o
                0x00000000c0004f01                ioqueue_init
                0x00000000c0004f58                ioq_full
                0x00000000c0005090                ioq_getchar
                0x00000000c000514c                ioq_putchar
 .text          0x00000000c000520a      0x1af build/tss.o
                0x00000000c000520a                update_tss_esp
                0x00000000c000528b                tss_init
 .text          0x00000000c00053b9      0x356 build/process.o
                0x00000000c00053b9                start_process
                0x00000000c00054b0                page_dir_activate
                0x00000000c00054e0                process_activate
                0x00000000c0005532                create_page_dir
                0x00000000c00055a3                create_user_vaddr_bitmap
                0x00000000c00055e5                process_execute
 .text          0x00000000c000570f       0x5a build/syscall_init.o
                0x00000000c000570f                sys_getpid
                0x00000000c0005721                syscall_init
 .text          0x00000000c0005769       0x73 build/syscall.o
                0x00000000c0005769                getpid
                0x00000000c000577e                write
                0x00000000c00057a1                malloc
                0x00000000c00057c0                free
 .text          0x00000000c00057dc      0x2bb build/stdio.o
                0x00000000c0005863                vsprintf
                0x00000000c00059e7                printf
                0x00000000c0005a63                sprintf
 .text          0x00000000c0005a97      0xe04 build/ide.o
                0x00000000c0005db1                ide_read
                0x00000000c0005f3f                ide_write
                0x00000000c00065d1                intr_hd_handler
                0x00000000c0006692                ide_init
 .text          0x00000000c000689b       0x62 build/stdio_kernel.o
                0x00000000c000689b                printk
 .text          0x00000000c00068fd     0x1842 build/fs.o
                0x00000000c0007069                path_depth_cnt
                0x00000000c0007393                sys_open
                0x00000000c0007640                sys_close
                0x00000000c0007695                sys_write
                0x00000000c000777f                sys_read
                0x00000000c0007800                sys_lseek
                0x00000000c00078eb                sys_unlink
                0x00000000c0007b0d                sys_mkdir
                0x00000000c0007f39                filesys_init
 .text          0x00000000c000813f      0x825 build/inode.o
                0x00000000c00081e3                inode_sync
                0x00000000c0008357                inode_open
                0x00000000c00084b2                inode_close
                0x00000000c0008523                inode_delete
                0x00000000c0008688                inode_release
                0x00000000c000890f                inode_init
 .text          0x00000000c0008964     0x11db build/file.o
                0x00000000c0008964                get_free_slot_in_global
                0x00000000c00089b4                pcb_fd_install
                0x00000000c0008a1d                inode_bitmap_alloc
                0x00000000c0008a6b                block_bitmap_alloc
                0x00000000c0008ac4                bitmap_sync
                0x00000000c0008b58                file_create
                0x00000000c0008e2d                file_open
                0x00000000c0008f35                file_close
                0x00000000c0008f74                file_write
                0x00000000c000977c                file_read
 .text          0x00000000c0009b3f      0xc5b build/dir.o
                0x00000000c0009b3f                open_root_dir
                0x00000000c0009b6e                dir_open
                0x00000000c0009ba9                dir_close
                0x00000000c0009bd4                search_dir_entry
                0x00000000c0009db6                create_dir_entry
                0x00000000c0009e2c                sync_dir_entry
                0x00000000c000a2b0                delete_dir_entry
 *(.gnu.warning)

.fini
 *(SORT(.fini))
                [!provide]                        PROVIDE (__etext, .)
                [!provide]                        PROVIDE (_etext, .)
                [!provide]                        PROVIDE (etext, .)

.rodata         0x00000000c000a79c     0x1f0d
 *(.rodata .rodata.* .gnu.linkonce.r.*)
 .rodata        0x00000000c000a79c      0x1bf build/main.o
 .rodata        0x00000000c000a95b        0xa build/init.o
 *fill*         0x00000000c000a965        0x3 
 .rodata        0x00000000c000a968      0x2cd build/interrupt.o
 *fill*         0x00000000c000ac35        0x3 
 .rodata        0x00000000c000ac38       0x87 build/timer.o
 .rodata        0x00000000c000acbf       0x3f build/debug.o
 *fill*         0x00000000c000acfe        0x2 
 .rodata        0x00000000c000ad00      0x3b0 build/memory.o
 .rodata        0x00000000c000b0b0       0x68 build/bitmap.o
 .rodata        0x00000000c000b118       0xa2 build/string.o
 *fill*         0x00000000c000b1ba        0x2 
 .rodata        0x00000000c000b1bc      0x2c8 build/thread.o
 .rodata        0x00000000c000b484      0x12f build/sync.o
 .rodata        0x00000000c000b5b3       0x36 build/keyboard.o
 *fill*         0x00000000c000b5e9        0x3 
 .rodata        0x00000000c000b5ec       0x9d build/ioqueue.o
 .rodata        0x00000000c000b689       0x27 build/tss.o
 .rodata        0x00000000c000b6b0       0xdd build/process.o
 .rodata        0x00000000c000b78d       0x27 build/syscall_init.o
 .rodata        0x00000000c000b7b4      0x1ec build/ide.o
 .rodata        0x00000000c000b9a0      0x6d7 build/fs.o
 *fill*         0x00000000c000c077        0x1 
 .rodata        0x00000000c000c078       0xbb build/inode.o
 *fill*         0x00000000c000c133        0x1 
 .rodata        0x00000000c000c134      0x3fc build/file.o
 .rodata        0x00000000c000c530      0x179 build/dir.o

.rodata1
 *(.rodata1)

.eh_frame_hdr
 *(.eh_frame_hdr)
 *(.eh_frame_entry .eh_frame_entry.*)

.eh_frame       0x00000000c000c6ac     0x1774
 *(.eh_frame)
 .eh_frame      0x00000000c000c6ac       0xa4 build/main.o
 .eh_frame      0x00000000c000c750       0x20 build/init.o
                                         0x38 (size before relaxing)
 .eh_frame      0x00000000c000c770      0x188 build/interrupt.o
                                        0x1a0 (size before relaxing)
 .eh_frame      0x00000000c000c8f8       0xcc build/timer.o
                                         0xe4 (size before relaxing)
 .eh_frame      0x00000000c000c9c4       0x1c build/debug.o
                                         0x34 (size before relaxing)
 .eh_frame      0x00000000c000c9e0      0x2a0 build/memory.o
                                        0x2b8 (size before relaxing)
 .eh_frame      0x00000000c000cc80       0x8c build/bitmap.o
                                         0xa4 (size before relaxing)
 .eh_frame      0x00000000c000cd0c      0x140 build/string.o
                                        0x158 (size before relaxing)
 .eh_frame      0x00000000c000ce4c      0x19c build/thread.o
                                        0x1b4 (size before relaxing)
 .eh_frame      0x00000000c000cfe8      0x140 build/list.o
                                        0x158 (size before relaxing)
 .eh_frame      0x00000000c000d128       0xc0 build/console.o
                                         0xd8 (size before relaxing)
 .eh_frame      0x00000000c000d1e8       0xc8 build/sync.o
                                         0xe0 (size before relaxing)
 .eh_frame      0x00000000c000d2b0       0x60 build/keyboard.o
                                         0x78 (size before relaxing)
 .eh_frame      0x00000000c000d310      0x100 build/ioqueue.o
                                        0x118 (size before relaxing)
 .eh_frame      0x00000000c000d410       0x64 build/tss.o
                                         0x7c (size before relaxing)
 .eh_frame      0x00000000c000d474       0xc0 build/process.o
                                         0xd8 (size before relaxing)
 .eh_frame      0x00000000c000d534       0x40 build/syscall_init.o
                                         0x58 (size before relaxing)
 .eh_frame      0x00000000c000d574       0x8c build/syscall.o
                                         0xa4 (size before relaxing)
 .eh_frame      0x00000000c000d600       0x94 build/stdio.o
                                         0xac (size before relaxing)
 .eh_frame      0x00000000c000d694      0x258 build/ide.o
                                        0x270 (size before relaxing)
 .eh_frame      0x00000000c000d8ec       0x28 build/stdio_kernel.o
                                         0x40 (size before relaxing)
 .eh_frame      0x00000000c000d914      0x1e8 build/fs.o
                                        0x200 (size before relaxing)
 .eh_frame      0x00000000c000dafc       0xec build/inode.o
                                        0x104 (size before relaxing)
 .eh_frame      0x00000000c000dbe8      0x140 build/file.o
                                        0x158 (size before relaxing)
 .eh_frame      0x00000000c000dd28       0xf8 build/dir.o
                                        0x110 (size before relaxing)
 *(.eh_frame.*)

.gcc_except_table
 *(.gcc_except_table .gcc_except_table.*)

.gnu_extab
 *(.gnu_extab*)

.exception_ranges
 *(.exception_ranges .exception_ranges*)
                0x00000000c000f000                . = DATA_SEGMENT_ALIGN (0x1000, 0x1000)

.eh_frame
 *(.eh_frame)
 *(.eh_frame.*)

.gnu_extab
 *(.gnu_extab)

.gcc_except_table
 *(.gcc_except_table .gcc_except_table.*)

.exception_ranges
 *(.exception_ranges .exception_ranges*)

.tdata
 *(.tdata .tdata.* .gnu.linkonce.td.*)

.tbss
 *(.tbss .tbss.* .gnu.linkonce.tb.*)
 *(.tcommon)

.preinit_array  0x00000000c000f000        0x0
                [!provide]                        PROVIDE (__preinit_array_start, .)
 *(.preinit_array)
                [!provide]                        PROVIDE (__preinit_array_end, .)

.init_array     0x00000000c000f000        0x0
                [!provide]                        PROVIDE (__init_array_start, .)
 *(SORT(.init_array.*) SORT(.ctors.*))
 *(.init_array EXCLUDE_FILE(*crtend?.o *crtend.o *crtbegin?.o *crtbegin.o) .ctors)
                [!provide]                        PROVIDE (__init_array_end, .)

.fini_array     0x00000000c000f000        0x0
                [!provide]                        PROVIDE (__fini_array_start, .)
 *(SORT(.fini_array.*) SORT(.dtors.*))
 *(.fini_array EXCLUDE_FILE(*crtend?.o *crtend.o *crtbegin?.o *crtbegin.o) .dtors)
                [!provide]                        PROVIDE (__fini_array_end, .)

.ctors
 *crtbegin.o(.ctors)
 *crtbegin?.o(.ctors)
 *(EXCLUDE_FILE(*crtend?.o *crtend.o) .ctors)
 *(SORT(.ctors.*))
 *(.ctors)

.dtors
 *crtbegin.o(.dtors)
 *crtbegin?.o(.dtors)
 *(EXCLUDE_FILE(*crtend?.o *crtend.o) .dtors)
 *(SORT(.dtors.*))
 *(.dtors)

.jcr
 *(.jcr)

.data.rel.ro
 *(.data.rel.ro.local* .gnu.linkonce.d.rel.ro.local.*)
 *(.data.rel.ro .data.rel.ro.* .gnu.linkonce.d.rel.ro.*)

.dynamic
 *(.dynamic)

.got
 *(.got)
 *(.igot)
                0x00000000c000f000                . = DATA_SEGMENT_RELRO_END (., (SIZEOF (.got.plt) >= 0xc)?0xc:0x0)

.got.plt        0x00000000c000f000        0x0
 *(.got.plt)
 *(.igot.plt)

.data           0x00000000c000f000      0x156
 *(.data .data.* .gnu.linkonce.d.*)
 .data          0x00000000c000f000        0x0 build/main.o
 .data          0x00000000c000f000        0x0 build/init.o
 .data          0x00000000c000f000        0x0 build/interrupt.o
 .data          0x00000000c000f000        0x0 build/timer.o
 .data          0x00000000c000f000       0xd2 build/kernel.o
                0x00000000c000f012                intr_entry_table
 *fill*         0x00000000c000f0d2        0x2 
 .data          0x00000000c000f0d4        0x8 build/print.o
 .data          0x00000000c000f0dc        0x0 build/debug.o
 .data          0x00000000c000f0dc        0x0 build/memory.o
 .data          0x00000000c000f0dc        0x0 build/bitmap.o
 .data          0x00000000c000f0dc        0x0 build/string.o
 .data          0x00000000c000f0dc        0x0 build/thread.o
 .data          0x00000000c000f0dc        0x0 build/list.o
 .data          0x00000000c000f0dc        0x0 build/console.o
 .data          0x00000000c000f0dc        0x0 build/sync.o
 *fill*         0x00000000c000f0dc        0x4 
 .data          0x00000000c000f0e0       0x76 build/keyboard.o
 .data          0x00000000c000f156        0x0 build/ioqueue.o
 .data          0x00000000c000f156        0x0 build/tss.o
 .data          0x00000000c000f156        0x0 build/process.o
 .data          0x00000000c000f156        0x0 build/syscall_init.o
 .data          0x00000000c000f156        0x0 build/syscall.o
 .data          0x00000000c000f156        0x0 build/stdio.o
 .data          0x00000000c000f156        0x0 build/ide.o
 .data          0x00000000c000f156        0x0 build/stdio_kernel.o
 .data          0x00000000c000f156        0x0 build/fs.o
 .data          0x00000000c000f156        0x0 build/inode.o
 .data          0x00000000c000f156        0x0 build/file.o
 .data          0x00000000c000f156        0x0 build/dir.o

.data1
 *(.data1)
                0x00000000c000f156                _edata = .
                [!provide]                        PROVIDE (edata, .)
                0x00000000c000f156                . = .
                0x00000000c000f156                __bss_start = .

.bss            0x00000000c000f160     0x1c28
 *(.dynbss)
 *(.bss .bss.* .gnu.linkonce.b.*)
 .bss           0x00000000c000f160        0x8 build/main.o
                0x00000000c000f160                prog_a_pid
                0x00000000c000f164                prog_b_pid
 .bss           0x00000000c000f168        0x0 build/init.o
 *fill*         0x00000000c000f168       0x18 
 .bss           0x00000000c000f180      0x408 build/interrupt.o
 .bss           0x00000000c000f588        0x0 build/timer.o
 .bss           0x00000000c000f588        0x0 build/debug.o
 .bss           0x00000000c000f588        0x0 build/memory.o
 .bss           0x00000000c000f588        0x0 build/bitmap.o
 .bss           0x00000000c000f588        0x0 build/string.o
 .bss           0x00000000c000f588        0x6 build/thread.o
 .bss           0x00000000c000f58e        0x0 build/list.o
 *fill*         0x00000000c000f58e        0x2 
 .bss           0x00000000c000f590       0x1c build/console.o
 .bss           0x00000000c000f5ac        0x0 build/sync.o
 .bss           0x00000000c000f5ac       0x14 build/keyboard.o
 .bss           0x00000000c000f5c0        0x0 build/ioqueue.o
 .bss           0x00000000c000f5c0       0x6c build/tss.o
 .bss           0x00000000c000f62c        0x0 build/process.o
 .bss           0x00000000c000f62c        0x0 build/syscall_init.o
 .bss           0x00000000c000f62c        0x0 build/syscall.o
 .bss           0x00000000c000f62c        0x0 build/stdio.o
 .bss           0x00000000c000f62c        0x6 build/ide.o
                0x00000000c000f62c                ext_lba_base
                0x00000000c000f630                p_no
                0x00000000c000f631                l_no
 .bss           0x00000000c000f632        0x0 build/stdio_kernel.o
 .bss           0x00000000c000f632        0x0 build/fs.o
 .bss           0x00000000c000f632        0x0 build/inode.o
 .bss           0x00000000c000f632        0x0 build/file.o
 .bss           0x00000000c000f632        0x0 build/dir.o
 *(COMMON)
 *fill*         0x00000000c000f632        0xe 
 COMMON         0x00000000c000f640      0x424 build/interrupt.o
                0x00000000c000f640                intr_name
                0x00000000c000f860                idt_table
 COMMON         0x00000000c000fa64        0x4 build/timer.o
                0x00000000c000fa64                ticks
 *fill*         0x00000000c000fa68       0x18 
 COMMON         0x00000000c000fa80      0x12c build/memory.o
                0x00000000c000fa80                user_pool
                0x00000000c000fac0                k_block_descs
                0x00000000c000fb68                kernel_vaddr
                0x00000000c000fb80                kernel_pool
 COMMON         0x00000000c000fbac       0x44 build/thread.o
                0x00000000c000fbac                thread_ready_list
                0x00000000c000fbbc                thread_all_list
                0x00000000c000fbcc                idle_thread
                0x00000000c000fbd0                main_thread
                0x00000000c000fbd4                pid_lock
 *fill*         0x00000000c000fbf0       0x10 
 COMMON         0x00000000c000fc00       0x6c build/keyboard.o
                0x00000000c000fc00                kbd_buf
 *fill*         0x00000000c000fc6c       0x14 
 COMMON         0x00000000c000fc80       0x80 build/syscall_init.o
                0x00000000c000fc80                syscall_table
 COMMON         0x00000000c000fd00      0xcf0 build/ide.o
                0x00000000c000fd00                channel_cnt
                0x00000000c000fd20                channels
                0x00000000c00109e0                partition_list
 COMMON         0x00000000c00109f0        0x4 build/fs.o
                0x00000000c00109f0                cur_part
 *fill*         0x00000000c00109f4        0xc 
 COMMON         0x00000000c0010a00      0x180 build/file.o
                0x00000000c0010a00                file_table
 COMMON         0x00000000c0010b80      0x208 build/dir.o
                0x00000000c0010b80                root_dir
                0x00000000c0010d88                . = ALIGN ((. != 0x0)?0x4:0x1)
                0x00000000c0010d88                . = ALIGN (0x4)
                0x00000000c0010d88                . = SEGMENT_START ("ldata-segment", .)
                0x00000000c0010d88                . = ALIGN (0x4)
                0x00000000c0010d88                _end = .
                [!provide]                        PROVIDE (end, .)
                0x00000000c0010d88                . = DATA_SEGMENT_END (.)

.stab
 *(.stab)

.stabstr
 *(.stabstr)

.stab.excl
 *(.stab.excl)

.stab.exclstr
 *(.stab.exclstr)

.stab.index
 *(.stab.index)

.stab.indexstr
 *(.stab.indexstr)

.comment        0x0000000000000000       0x2d
 *(.comment)
 .comment       0x0000000000000000       0x2d build/main.o
                                         0x2e (size before relaxing)
 .comment       0x000000000000002d       0x2e build/init.o
 .comment       0x000000000000002d       0x2e build/interrupt.o
 .comment       0x000000000000002d       0x2e build/timer.o
 .comment       0x000000000000002d       0x2e build/debug.o
 .comment       0x000000000000002d       0x2e build/memory.o
 .comment       0x000000000000002d       0x2e build/bitmap.o
 .comment       0x000000000000002d       0x2e build/string.o
 .comment       0x000000000000002d       0x2e build/thread.o
 .comment       0x000000000000002d       0x2e build/list.o
 .comment       0x000000000000002d       0x2e build/console.o
 .comment       0x000000000000002d       0x2e build/sync.o
 .comment       0x000000000000002d       0x2e build/keyboard.o
 .comment       0x000000000000002d       0x2e build/ioqueue.o
 .comment       0x000000000000002d       0x2e build/tss.o
 .comment       0x000000000000002d       0x2e build/process.o
 .comment       0x000000000000002d       0x2e build/syscall_init.o
 .comment       0x000000000000002d       0x2e build/syscall.o
 .comment       0x000000000000002d       0x2e build/stdio.o
 .comment       0x000000000000002d       0x2e build/ide.o
 .comment       0x000000000000002d       0x2e build/stdio_kernel.o
 .comment       0x000000000000002d       0x2e build/fs.o
 .comment       0x000000000000002d       0x2e build/inode.o
 .comment       0x000000000000002d       0x2e build/file.o
 .comment       0x000000000000002d       0x2e build/dir.o

.debug
 *(.debug)

.line
 *(.line)

.debug_srcinfo
 *(.debug_srcinfo)

.debug_sfnames
 *(.debug_sfnames)

.debug_aranges
 *(.debug_aranges)

.debug_pubnames
 *(.debug_pubnames)

.debug_info
 *(.debug_info .gnu.linkonce.wi.*)

.debug_abbrev
 *(.debug_abbrev)

.debug_line
 *(.debug_line .debug_line.* .debug_line_end)

.debug_frame
 *(.debug_frame)

.debug_str
 *(.debug_str)

.debug_loc
 *(.debug_loc)

.debug_macinfo
 *(.debug_macinfo)

.debug_weaknames
 *(.debug_weaknames)

.debug_funcnames
 *(.debug_funcnames)

.debug_typenames
 *(.debug_typenames)

.debug_varnames
 *(.debug_varnames)

.debug_pubtypes
 *(.debug_pubtypes)

.debug_ranges
 *(.debug_ranges)

.debug_macro
 *(.debug_macro)

.gnu.attributes
 *(.gnu.attributes)

/DISCARD/
 *(.note.GNU-stack)
 *(.gnu_debuglink)
 *(.gnu.lto_*)
OUTPUT(build/kernel.bin elf32-i386)
