
Allocating common symbols
Common symbol       size              file

kbd_buf             0x6c              build/keyboard.o
thread_ready_list   0x10              build/thread.o
thread_all_list     0x10              build/thread.o
user_pool           0x2c              build/memory.o
channel_cnt         0x1               build/ide.o
cur_part            0x4               build/fs.o
k_block_descs       0xa8              build/memory.o
idle_thread         0x4               build/thread.o
intr_name           0x204             build/interrupt.o
main_thread         0x4               build/thread.o
channels            0xcc0             build/ide.o
ticks               0x4               build/timer.o
kernel_vaddr        0xc               build/memory.o
syscall_table       0x80              build/syscall_init.o
idt_table           0x204             build/interrupt.o
partition_list      0x10              build/ide.o
kernel_pool         0x2c              build/memory.o
pid_lock            0x1c              build/thread.o

Discarded input sections

 .note.GNU-stack
                0x0000000000000000        0x0 build/main.o
 .note.GNU-stack
                0x0000000000000000        0x0 build/init.o
 .note.GNU-stack
                0x0000000000000000        0x0 build/interrupt.o
 .note.GNU-stack
                0x0000000000000000        0x0 build/timer.o
 .note.GNU-stack
                0x0000000000000000        0x0 build/debug.o
 .note.GNU-stack
                0x0000000000000000        0x0 build/memory.o
 .note.GNU-stack
                0x0000000000000000        0x0 build/bitmap.o
 .note.GNU-stack
                0x0000000000000000        0x0 build/string.o
 .note.GNU-stack
                0x0000000000000000        0x0 build/thread.o
 .note.GNU-stack
                0x0000000000000000        0x0 build/list.o
 .note.GNU-stack
                0x0000000000000000        0x0 build/console.o
 .note.GNU-stack
                0x0000000000000000        0x0 build/sync.o
 .note.GNU-stack
                0x0000000000000000        0x0 build/keyboard.o
 .note.GNU-stack
                0x0000000000000000        0x0 build/ioqueue.o
 .note.GNU-stack
                0x0000000000000000        0x0 build/tss.o
 .note.GNU-stack
                0x0000000000000000        0x0 build/process.o
 .note.GNU-stack
                0x0000000000000000        0x0 build/syscall_init.o
 .note.GNU-stack
                0x0000000000000000        0x0 build/syscall.o
 .note.GNU-stack
                0x0000000000000000        0x0 build/stdio.o
 .note.GNU-stack
                0x0000000000000000        0x0 build/ide.o
 .note.GNU-stack
                0x0000000000000000        0x0 build/stdio_kernel.o
 .note.GNU-stack
                0x0000000000000000        0x0 build/fs.o

Memory Configuration

Name             Origin             Length             Attributes
*default*        0x0000000000000000 0xffffffffffffffff

Linker script and memory map

Address of section .text set to 0xc0001500
LOAD build/main.o
LOAD build/init.o
LOAD build/interrupt.o
LOAD build/timer.o
LOAD build/kernel.o
LOAD build/print.o
LOAD build/debug.o
LOAD build/memory.o
LOAD build/bitmap.o
LOAD build/string.o
LOAD build/thread.o
LOAD build/list.o
LOAD build/switch.o
LOAD build/console.o
LOAD build/sync.o
LOAD build/keyboard.o
LOAD build/ioqueue.o
LOAD build/tss.o
LOAD build/process.o
LOAD build/syscall_init.o
LOAD build/syscall.o
LOAD build/stdio.o
LOAD build/ide.o
LOAD build/stdio_kernel.o
LOAD build/fs.o
                [!provide]                        PROVIDE (__executable_start, 0x8048000)
                0x0000000008048094                . = (0x8048000 + SIZEOF_HEADERS)

.interp
 *(.interp)

.note.gnu.build-id
 *(.note.gnu.build-id)

.hash
 *(.hash)

.gnu.hash
 *(.gnu.hash)

.dynsym
 *(.dynsym)

.dynstr
 *(.dynstr)

.gnu.version
 *(.gnu.version)

.gnu.version_d
 *(.gnu.version_d)

.gnu.version_r
 *(.gnu.version_r)

.rel.dyn        0x0000000008048094        0x0
 *(.rel.init)
 *(.rel.text .rel.text.* .rel.gnu.linkonce.t.*)
 .rel.text      0x0000000008048094        0x0 build/main.o
 *(.rel.fini)
 *(.rel.rodata .rel.rodata.* .rel.gnu.linkonce.r.*)
 *(.rel.data.rel.ro .rel.data.rel.ro.* .rel.gnu.linkonce.d.rel.ro.*)
 *(.rel.data .rel.data.* .rel.gnu.linkonce.d.*)
 *(.rel.tdata .rel.tdata.* .rel.gnu.linkonce.td.*)
 *(.rel.tbss .rel.tbss.* .rel.gnu.linkonce.tb.*)
 *(.rel.ctors)
 *(.rel.dtors)
 *(.rel.got)
 *(.rel.bss .rel.bss.* .rel.gnu.linkonce.b.*)
 *(.rel.ifunc)

.rel.plt        0x0000000008048094        0x0
 *(.rel.plt)
                [!provide]                        PROVIDE (__rel_iplt_start, .)
 *(.rel.iplt)
                [!provide]                        PROVIDE (__rel_iplt_end, .)

.init
 *(SORT(.init))

.plt
 *(.plt)
 *(.iplt)

.plt.got
 *(.plt.got)

.text           0x00000000c0001500     0x5b1c
 *(.text.unlikely .text.*_unlikely .text.unlikely.*)
 *(.text.exit .text.exit.*)
 *(.text.startup .text.startup.*)
 *(.text.hot .text.hot.*)
 *(.text .stub .text.* .gnu.linkonce.t.*)
 .text          0x00000000c0001500      0x2b8 build/main.o
                0x00000000c0001500                main
                0x00000000c000151c                k_thread_a
                0x00000000c00015de                k_thread_b
                0x00000000c00016a0                u_prog_a
                0x00000000c000172c                u_prog_b
 .text          0x00000000c00017b8       0x4b build/init.o
                0x00000000c00017b8                init_all
 .text          0x00000000c0001803      0x480 build/interrupt.o
                0x00000000c0001b71                register_handler
                0x00000000c0001b8d                idt_init
                0x00000000c0001bef                intr_enable
                0x00000000c0001c18                intr_disable
                0x00000000c0001c41                intr_set_status
                0x00000000c0001c5f                intr_get_status
 .text          0x00000000c0001c83      0x209 build/timer.o
                0x00000000c0001dda                mtime_sleep
                0x00000000c0001e2c                timer_init
 *fill*         0x00000000c0001e8c        0x4 
 .text          0x00000000c0001e90      0x55b build/kernel.o
                0x00000000c0001e90                intr_exit
                0x00000000c00023c7                syscall_handler
 *fill*         0x00000000c00023eb        0x5 
 .text          0x00000000c00023f0      0x172 build/print.o
                0x00000000c00023f0                put_str
                0x00000000c000240e                put_char
                0x00000000c00024db                put_int
                0x00000000c000253e                set_cursor
 .text          0x00000000c0002562       0xa5 build/debug.o
                0x00000000c0002562                panic_spin
 .text          0x00000000c0002607     0x112e build/memory.o
                0x00000000c00027ea                pte_ptr
                0x00000000c000281a                pde_ptr
                0x00000000c0002891                pfree
                0x00000000c0002a4a                malloc_page
                0x00000000c0002b14                mfree_page
                0x00000000c0002cf1                get_kernel_pages
                0x00000000c0002d4d                get_user_pages
                0x00000000c0002da9                get_a_page
                0x00000000c0002f21                addr_v2p
                0x00000000c0003136                sys_malloc
                0x00000000c0003465                sys_free
                0x00000000c0003666                block_desc_init
                0x00000000c00036f4                mem_init
 .text          0x00000000c0003735      0x266 build/bitmap.o
                0x00000000c0003735                bitmap_init
                0x00000000c000375c                bitmap_scan_test
                0x00000000c000379c                bitmap_scan
                0x00000000c00038e0                bitmap_set
 .text          0x00000000c000399b      0x44a build/string.o
                0x00000000c000399b                memset
                0x00000000c00039f7                memcpy
                0x00000000c0003a63                memcmp
                0x00000000c0003af4                strcpy
                0x00000000c0003b56                strlen
                0x00000000c0003bac                strcmp
                0x00000000c0003c33                strchr
                0x00000000c0003c98                strrchr
                0x00000000c0003d01                strcat
                0x00000000c0003d78                strchrs
 .text          0x00000000c0003de5      0x6c6 build/thread.o
                0x00000000c0003dfb                running_thread
                0x00000000c0003e5f                thread_create
                0x00000000c0003ecc                init_thread
                0x00000000c0003f76                thread_start
                0x00000000c00040f1                schedule
                0x00000000c0004241                thread_block
                0x00000000c00042a8                thread_unblock
                0x00000000c00043b3                thread_yield
                0x00000000c0004439                thread_init
 .text          0x00000000c00044ab      0x1e3 build/list.o
                0x00000000c00044ab                list_init
                0x00000000c00044d8                list_insert_before
                0x00000000c0004519                list_push
                0x00000000c0004536                list_append
                0x00000000c0004553                list_remove
                0x00000000c0004589                list_pop
                0x00000000c00045a8                elem_find
                0x00000000c00045e3                list_traversal
                0x00000000c0004640                list_len
                0x00000000c0004675                list_empty
 *fill*         0x00000000c000468e        0x2 
 .text          0x00000000c0004690       0x15 build/switch.o
                0x00000000c0004690                switch_to
 .text          0x00000000c00046a5       0x9a build/console.o
                0x00000000c00046a5                console_init
                0x00000000c00046b9                console_acquire
                0x00000000c00046cd                console_release
                0x00000000c00046e1                console_put_str
                0x00000000c00046fe                console_put_char
                0x00000000c0004722                console_put_int
 .text          0x00000000c000473f      0x347 build/sync.o
                0x00000000c000473f                sema_init
                0x00000000c0004764                lock_init
                0x00000000c0004795                sema_down
                0x00000000c00048a9                sema_up
                0x00000000c000495f                lock_acquire
                0x00000000c00049db                lock_release
 .text          0x00000000c0004a86      0x2bf build/keyboard.o
                0x00000000c0004d11                keyboard_init
 .text          0x00000000c0004d45      0x309 build/ioqueue.o
                0x00000000c0004d45                ioqueue_init
                0x00000000c0004d9c                ioq_full
                0x00000000c0004ed4                ioq_getchar
                0x00000000c0004f90                ioq_putchar
 .text          0x00000000c000504e      0x1af build/tss.o
                0x00000000c000504e                update_tss_esp
                0x00000000c00050cf                tss_init
 .text          0x00000000c00051fd      0x356 build/process.o
                0x00000000c00051fd                start_process
                0x00000000c00052f4                page_dir_activate
                0x00000000c0005324                process_activate
                0x00000000c0005376                create_page_dir
                0x00000000c00053e7                create_user_vaddr_bitmap
                0x00000000c0005429                process_execute
 .text          0x00000000c0005553       0x78 build/syscall_init.o
                0x00000000c0005553                sys_getpid
                0x00000000c0005565                sys_write
                0x00000000c0005583                syscall_init
 .text          0x00000000c00055cb       0x6f build/syscall.o
                0x00000000c00055cb                getpid
                0x00000000c00055e0                write
                0x00000000c00055ff                malloc
                0x00000000c000561e                free
 .text          0x00000000c000563a      0x2a1 build/stdio.o
                0x00000000c00056c1                vsprintf
                0x00000000c0005845                printf
                0x00000000c00058a7                sprintf
 .text          0x00000000c00058db      0xe04 build/ide.o
                0x00000000c0005bf5                ide_read
                0x00000000c0005d83                ide_write
                0x00000000c0006415                intr_hd_handler
                0x00000000c00064d6                ide_init
 .text          0x00000000c00066df       0x62 build/stdio_kernel.o
                0x00000000c00066df                printk
 .text          0x00000000c0006741      0x8db build/fs.o
                0x00000000c0006e4f                filesys_init
 *(.gnu.warning)

.fini
 *(SORT(.fini))
                [!provide]                        PROVIDE (__etext, .)
                [!provide]                        PROVIDE (_etext, .)
                [!provide]                        PROVIDE (etext, .)

.rodata         0x00000000c000701c     0x12bb
 *(.rodata .rodata.* .gnu.linkonce.r.*)
 .rodata        0x00000000c000701c       0x87 build/main.o
 .rodata        0x00000000c00070a3        0xa build/init.o
 *fill*         0x00000000c00070ad        0x3 
 .rodata        0x00000000c00070b0      0x2cd build/interrupt.o
 *fill*         0x00000000c000737d        0x3 
 .rodata        0x00000000c0007380       0x87 build/timer.o
 .rodata        0x00000000c0007407       0x3f build/debug.o
 *fill*         0x00000000c0007446        0x2 
 .rodata        0x00000000c0007448      0x3b0 build/memory.o
 .rodata        0x00000000c00077f8       0x68 build/bitmap.o
 .rodata        0x00000000c0007860       0xa2 build/string.o
 *fill*         0x00000000c0007902        0x2 
 .rodata        0x00000000c0007904      0x2c8 build/thread.o
 .rodata        0x00000000c0007bcc      0x12f build/sync.o
 .rodata        0x00000000c0007cfb       0x36 build/keyboard.o
 *fill*         0x00000000c0007d31        0x3 
 .rodata        0x00000000c0007d34       0x9d build/ioqueue.o
 .rodata        0x00000000c0007dd1       0x27 build/tss.o
 .rodata        0x00000000c0007df8       0xdd build/process.o
 .rodata        0x00000000c0007ed5       0x27 build/syscall_init.o
 .rodata        0x00000000c0007efc      0x1ec build/ide.o
 .rodata        0x00000000c00080e8      0x1ef build/fs.o

.rodata1
 *(.rodata1)

.eh_frame_hdr
 *(.eh_frame_hdr)
 *(.eh_frame_entry .eh_frame_entry.*)

.eh_frame       0x00000000c00082d8     0x1300
 *(.eh_frame)
 .eh_frame      0x00000000c00082d8       0xa4 build/main.o
 .eh_frame      0x00000000c000837c       0x20 build/init.o
                                         0x38 (size before relaxing)
 .eh_frame      0x00000000c000839c      0x188 build/interrupt.o
                                        0x1a0 (size before relaxing)
 .eh_frame      0x00000000c0008524       0xcc build/timer.o
                                         0xe4 (size before relaxing)
 .eh_frame      0x00000000c00085f0       0x1c build/debug.o
                                         0x34 (size before relaxing)
 .eh_frame      0x00000000c000860c      0x2a0 build/memory.o
                                        0x2b8 (size before relaxing)
 .eh_frame      0x00000000c00088ac       0x8c build/bitmap.o
                                         0xa4 (size before relaxing)
 .eh_frame      0x00000000c0008938      0x140 build/string.o
                                        0x158 (size before relaxing)
 .eh_frame      0x00000000c0008a78      0x19c build/thread.o
                                        0x1b4 (size before relaxing)
 .eh_frame      0x00000000c0008c14      0x140 build/list.o
                                        0x158 (size before relaxing)
 .eh_frame      0x00000000c0008d54       0xc0 build/console.o
                                         0xd8 (size before relaxing)
 .eh_frame      0x00000000c0008e14       0xc8 build/sync.o
                                         0xe0 (size before relaxing)
 .eh_frame      0x00000000c0008edc       0x60 build/keyboard.o
                                         0x78 (size before relaxing)
 .eh_frame      0x00000000c0008f3c      0x100 build/ioqueue.o
                                        0x118 (size before relaxing)
 .eh_frame      0x00000000c000903c       0x64 build/tss.o
                                         0x7c (size before relaxing)
 .eh_frame      0x00000000c00090a0       0xc0 build/process.o
                                         0xd8 (size before relaxing)
 .eh_frame      0x00000000c0009160       0x60 build/syscall_init.o
                                         0x78 (size before relaxing)
 .eh_frame      0x00000000c00091c0       0x8c build/syscall.o
                                         0xa4 (size before relaxing)
 .eh_frame      0x00000000c000924c       0x94 build/stdio.o
                                         0xac (size before relaxing)
 .eh_frame      0x00000000c00092e0      0x258 build/ide.o
                                        0x270 (size before relaxing)
 .eh_frame      0x00000000c0009538       0x28 build/stdio_kernel.o
                                         0x40 (size before relaxing)
 .eh_frame      0x00000000c0009560       0x78 build/fs.o
                                         0x90 (size before relaxing)
 *(.eh_frame.*)

.gcc_except_table
 *(.gcc_except_table .gcc_except_table.*)

.gnu_extab
 *(.gnu_extab*)

.exception_ranges
 *(.exception_ranges .exception_ranges*)
                0x00000000c000b000                . = DATA_SEGMENT_ALIGN (0x1000, 0x1000)

.eh_frame
 *(.eh_frame)
 *(.eh_frame.*)

.gnu_extab
 *(.gnu_extab)

.gcc_except_table
 *(.gcc_except_table .gcc_except_table.*)

.exception_ranges
 *(.exception_ranges .exception_ranges*)

.tdata
 *(.tdata .tdata.* .gnu.linkonce.td.*)

.tbss
 *(.tbss .tbss.* .gnu.linkonce.tb.*)
 *(.tcommon)

.preinit_array  0x00000000c000b000        0x0
                [!provide]                        PROVIDE (__preinit_array_start, .)
 *(.preinit_array)
                [!provide]                        PROVIDE (__preinit_array_end, .)

.init_array     0x00000000c000b000        0x0
                [!provide]                        PROVIDE (__init_array_start, .)
 *(SORT(.init_array.*) SORT(.ctors.*))
 *(.init_array EXCLUDE_FILE(*crtend?.o *crtend.o *crtbegin?.o *crtbegin.o) .ctors)
                [!provide]                        PROVIDE (__init_array_end, .)

.fini_array     0x00000000c000b000        0x0
                [!provide]                        PROVIDE (__fini_array_start, .)
 *(SORT(.fini_array.*) SORT(.dtors.*))
 *(.fini_array EXCLUDE_FILE(*crtend?.o *crtend.o *crtbegin?.o *crtbegin.o) .dtors)
                [!provide]                        PROVIDE (__fini_array_end, .)

.ctors
 *crtbegin.o(.ctors)
 *crtbegin?.o(.ctors)
 *(EXCLUDE_FILE(*crtend?.o *crtend.o) .ctors)
 *(SORT(.ctors.*))
 *(.ctors)

.dtors
 *crtbegin.o(.dtors)
 *crtbegin?.o(.dtors)
 *(EXCLUDE_FILE(*crtend?.o *crtend.o) .dtors)
 *(SORT(.dtors.*))
 *(.dtors)

.jcr
 *(.jcr)

.data.rel.ro
 *(.data.rel.ro.local* .gnu.linkonce.d.rel.ro.local.*)
 *(.data.rel.ro .data.rel.ro.* .gnu.linkonce.d.rel.ro.*)

.dynamic
 *(.dynamic)

.got
 *(.got)
 *(.igot)
                0x00000000c000b000                . = DATA_SEGMENT_RELRO_END (., (SIZEOF (.got.plt) >= 0xc)?0xc:0x0)

.got.plt        0x00000000c000b000        0x0
 *(.got.plt)
 *(.igot.plt)

.data           0x00000000c000b000      0x156
 *(.data .data.* .gnu.linkonce.d.*)
 .data          0x00000000c000b000        0x0 build/main.o
 .data          0x00000000c000b000        0x0 build/init.o
 .data          0x00000000c000b000        0x0 build/interrupt.o
 .data          0x00000000c000b000        0x0 build/timer.o
 .data          0x00000000c000b000       0xd2 build/kernel.o
                0x00000000c000b012                intr_entry_table
 *fill*         0x00000000c000b0d2        0x2 
 .data          0x00000000c000b0d4        0x8 build/print.o
 .data          0x00000000c000b0dc        0x0 build/debug.o
 .data          0x00000000c000b0dc        0x0 build/memory.o
 .data          0x00000000c000b0dc        0x0 build/bitmap.o
 .data          0x00000000c000b0dc        0x0 build/string.o
 .data          0x00000000c000b0dc        0x0 build/thread.o
 .data          0x00000000c000b0dc        0x0 build/list.o
 .data          0x00000000c000b0dc        0x0 build/console.o
 .data          0x00000000c000b0dc        0x0 build/sync.o
 *fill*         0x00000000c000b0dc        0x4 
 .data          0x00000000c000b0e0       0x76 build/keyboard.o
 .data          0x00000000c000b156        0x0 build/ioqueue.o
 .data          0x00000000c000b156        0x0 build/tss.o
 .data          0x00000000c000b156        0x0 build/process.o
 .data          0x00000000c000b156        0x0 build/syscall_init.o
 .data          0x00000000c000b156        0x0 build/syscall.o
 .data          0x00000000c000b156        0x0 build/stdio.o
 .data          0x00000000c000b156        0x0 build/ide.o
 .data          0x00000000c000b156        0x0 build/stdio_kernel.o
 .data          0x00000000c000b156        0x0 build/fs.o

.data1
 *(.data1)
                0x00000000c000b156                _edata = .
                [!provide]                        PROVIDE (edata, .)
                0x00000000c000b156                . = .
                0x00000000c000b156                __bss_start = .

.bss            0x00000000c000b160     0x1894
 *(.dynbss)
 *(.bss .bss.* .gnu.linkonce.b.*)
 .bss           0x00000000c000b160        0x8 build/main.o
                0x00000000c000b160                prog_a_pid
                0x00000000c000b164                prog_b_pid
 .bss           0x00000000c000b168        0x0 build/init.o
 *fill*         0x00000000c000b168       0x18 
 .bss           0x00000000c000b180      0x408 build/interrupt.o
 .bss           0x00000000c000b588        0x0 build/timer.o
 .bss           0x00000000c000b588        0x0 build/debug.o
 .bss           0x00000000c000b588        0x0 build/memory.o
 .bss           0x00000000c000b588        0x0 build/bitmap.o
 .bss           0x00000000c000b588        0x0 build/string.o
 .bss           0x00000000c000b588        0x6 build/thread.o
 .bss           0x00000000c000b58e        0x0 build/list.o
 *fill*         0x00000000c000b58e        0x2 
 .bss           0x00000000c000b590       0x1c build/console.o
 .bss           0x00000000c000b5ac        0x0 build/sync.o
 .bss           0x00000000c000b5ac       0x14 build/keyboard.o
 .bss           0x00000000c000b5c0        0x0 build/ioqueue.o
 .bss           0x00000000c000b5c0       0x6c build/tss.o
 .bss           0x00000000c000b62c        0x0 build/process.o
 .bss           0x00000000c000b62c        0x0 build/syscall_init.o
 .bss           0x00000000c000b62c        0x0 build/syscall.o
 .bss           0x00000000c000b62c        0x0 build/stdio.o
 .bss           0x00000000c000b62c        0x6 build/ide.o
                0x00000000c000b62c                ext_lba_base
                0x00000000c000b630                p_no
                0x00000000c000b631                l_no
 .bss           0x00000000c000b632        0x0 build/stdio_kernel.o
 .bss           0x00000000c000b632        0x0 build/fs.o
 *(COMMON)
 *fill*         0x00000000c000b632        0xe 
 COMMON         0x00000000c000b640      0x424 build/interrupt.o
                0x00000000c000b640                intr_name
                0x00000000c000b860                idt_table
 COMMON         0x00000000c000ba64        0x4 build/timer.o
                0x00000000c000ba64                ticks
 *fill*         0x00000000c000ba68       0x18 
 COMMON         0x00000000c000ba80      0x12c build/memory.o
                0x00000000c000ba80                user_pool
                0x00000000c000bac0                k_block_descs
                0x00000000c000bb68                kernel_vaddr
                0x00000000c000bb80                kernel_pool
 COMMON         0x00000000c000bbac       0x44 build/thread.o
                0x00000000c000bbac                thread_ready_list
                0x00000000c000bbbc                thread_all_list
                0x00000000c000bbcc                idle_thread
                0x00000000c000bbd0                main_thread
                0x00000000c000bbd4                pid_lock
 *fill*         0x00000000c000bbf0       0x10 
 COMMON         0x00000000c000bc00       0x6c build/keyboard.o
                0x00000000c000bc00                kbd_buf
 *fill*         0x00000000c000bc6c       0x14 
 COMMON         0x00000000c000bc80       0x80 build/syscall_init.o
                0x00000000c000bc80                syscall_table
 COMMON         0x00000000c000bd00      0xcf0 build/ide.o
                0x00000000c000bd00                channel_cnt
                0x00000000c000bd20                channels
                0x00000000c000c9e0                partition_list
 COMMON         0x00000000c000c9f0        0x4 build/fs.o
                0x00000000c000c9f0                cur_part
                0x00000000c000c9f4                . = ALIGN ((. != 0x0)?0x4:0x1)
                0x00000000c000c9f4                . = ALIGN (0x4)
                0x00000000c000c9f4                . = SEGMENT_START ("ldata-segment", .)
                0x00000000c000c9f4                . = ALIGN (0x4)
                0x00000000c000c9f4                _end = .
                [!provide]                        PROVIDE (end, .)
                0x00000000c000c9f4                . = DATA_SEGMENT_END (.)

.stab
 *(.stab)

.stabstr
 *(.stabstr)

.stab.excl
 *(.stab.excl)

.stab.exclstr
 *(.stab.exclstr)

.stab.index
 *(.stab.index)

.stab.indexstr
 *(.stab.indexstr)

.comment        0x0000000000000000       0x2d
 *(.comment)
 .comment       0x0000000000000000       0x2d build/main.o
                                         0x2e (size before relaxing)
 .comment       0x000000000000002d       0x2e build/init.o
 .comment       0x000000000000002d       0x2e build/interrupt.o
 .comment       0x000000000000002d       0x2e build/timer.o
 .comment       0x000000000000002d       0x2e build/debug.o
 .comment       0x000000000000002d       0x2e build/memory.o
 .comment       0x000000000000002d       0x2e build/bitmap.o
 .comment       0x000000000000002d       0x2e build/string.o
 .comment       0x000000000000002d       0x2e build/thread.o
 .comment       0x000000000000002d       0x2e build/list.o
 .comment       0x000000000000002d       0x2e build/console.o
 .comment       0x000000000000002d       0x2e build/sync.o
 .comment       0x000000000000002d       0x2e build/keyboard.o
 .comment       0x000000000000002d       0x2e build/ioqueue.o
 .comment       0x000000000000002d       0x2e build/tss.o
 .comment       0x000000000000002d       0x2e build/process.o
 .comment       0x000000000000002d       0x2e build/syscall_init.o
 .comment       0x000000000000002d       0x2e build/syscall.o
 .comment       0x000000000000002d       0x2e build/stdio.o
 .comment       0x000000000000002d       0x2e build/ide.o
 .comment       0x000000000000002d       0x2e build/stdio_kernel.o
 .comment       0x000000000000002d       0x2e build/fs.o

.debug
 *(.debug)

.line
 *(.line)

.debug_srcinfo
 *(.debug_srcinfo)

.debug_sfnames
 *(.debug_sfnames)

.debug_aranges
 *(.debug_aranges)

.debug_pubnames
 *(.debug_pubnames)

.debug_info
 *(.debug_info .gnu.linkonce.wi.*)

.debug_abbrev
 *(.debug_abbrev)

.debug_line
 *(.debug_line .debug_line.* .debug_line_end)

.debug_frame
 *(.debug_frame)

.debug_str
 *(.debug_str)

.debug_loc
 *(.debug_loc)

.debug_macinfo
 *(.debug_macinfo)

.debug_weaknames
 *(.debug_weaknames)

.debug_funcnames
 *(.debug_funcnames)

.debug_typenames
 *(.debug_typenames)

.debug_varnames
 *(.debug_varnames)

.debug_pubtypes
 *(.debug_pubtypes)

.debug_ranges
 *(.debug_ranges)

.debug_macro
 *(.debug_macro)

.gnu.attributes
 *(.gnu.attributes)

/DISCARD/
 *(.note.GNU-stack)
 *(.gnu_debuglink)
 *(.gnu.lto_*)
OUTPUT(build/kernel.bin elf32-i386)
