
Allocating common symbols
Common symbol       size              file

kbd_buf             0x6c              build/keyboard.o
root_dir            0x208             build/dir.o
thread_ready_list   0x10              build/thread.o
thread_all_list     0x10              build/thread.o
user_pool           0x2c              build/memory.o
channel_cnt         0x1               build/ide.o
cur_part            0x4               build/fs.o
k_block_descs       0xa8              build/memory.o
idle_thread         0x4               build/thread.o
intr_name           0x204             build/interrupt.o
main_thread         0x4               build/thread.o
channels            0xcc0             build/ide.o
ticks               0x4               build/timer.o
kernel_vaddr        0xc               build/memory.o
syscall_table       0x80              build/syscall_init.o
idt_table           0x204             build/interrupt.o
file_table          0x180             build/file.o
partition_list      0x10              build/ide.o
kernel_pool         0x2c              build/memory.o
pid_lock            0x1c              build/thread.o

Discarded input sections

 .note.GNU-stack
                0x0000000000000000        0x0 build/main.o
 .note.GNU-stack
                0x0000000000000000        0x0 build/init.o
 .note.GNU-stack
                0x0000000000000000        0x0 build/interrupt.o
 .note.GNU-stack
                0x0000000000000000        0x0 build/timer.o
 .note.GNU-stack
                0x0000000000000000        0x0 build/debug.o
 .note.GNU-stack
                0x0000000000000000        0x0 build/memory.o
 .note.GNU-stack
                0x0000000000000000        0x0 build/bitmap.o
 .note.GNU-stack
                0x0000000000000000        0x0 build/string.o
 .note.GNU-stack
                0x0000000000000000        0x0 build/thread.o
 .note.GNU-stack
                0x0000000000000000        0x0 build/list.o
 .note.GNU-stack
                0x0000000000000000        0x0 build/console.o
 .note.GNU-stack
                0x0000000000000000        0x0 build/sync.o
 .note.GNU-stack
                0x0000000000000000        0x0 build/keyboard.o
 .note.GNU-stack
                0x0000000000000000        0x0 build/ioqueue.o
 .note.GNU-stack
                0x0000000000000000        0x0 build/tss.o
 .note.GNU-stack
                0x0000000000000000        0x0 build/process.o
 .note.GNU-stack
                0x0000000000000000        0x0 build/syscall_init.o
 .note.GNU-stack
                0x0000000000000000        0x0 build/syscall.o
 .note.GNU-stack
                0x0000000000000000        0x0 build/stdio.o
 .note.GNU-stack
                0x0000000000000000        0x0 build/ide.o
 .note.GNU-stack
                0x0000000000000000        0x0 build/stdio_kernel.o
 .note.GNU-stack
                0x0000000000000000        0x0 build/fs.o
 .note.GNU-stack
                0x0000000000000000        0x0 build/inode.o
 .note.GNU-stack
                0x0000000000000000        0x0 build/file.o
 .note.GNU-stack
                0x0000000000000000        0x0 build/dir.o
 .note.GNU-stack
                0x0000000000000000        0x0 build/fork.o
 .note.GNU-stack
                0x0000000000000000        0x0 build/shell.o
 .note.GNU-stack
                0x0000000000000000        0x0 build/assert.o

Memory Configuration

Name             Origin             Length             Attributes
*default*        0x0000000000000000 0xffffffffffffffff

Linker script and memory map

Address of section .text set to 0xc0001500
LOAD build/main.o
LOAD build/init.o
LOAD build/interrupt.o
LOAD build/timer.o
LOAD build/kernel.o
LOAD build/print.o
LOAD build/debug.o
LOAD build/memory.o
LOAD build/bitmap.o
LOAD build/string.o
LOAD build/thread.o
LOAD build/list.o
LOAD build/switch.o
LOAD build/console.o
LOAD build/sync.o
LOAD build/keyboard.o
LOAD build/ioqueue.o
LOAD build/tss.o
LOAD build/process.o
LOAD build/syscall_init.o
LOAD build/syscall.o
LOAD build/stdio.o
LOAD build/ide.o
LOAD build/stdio_kernel.o
LOAD build/fs.o
LOAD build/inode.o
LOAD build/file.o
LOAD build/dir.o
LOAD build/fork.o
LOAD build/shell.o
LOAD build/assert.o
                [!provide]                        PROVIDE (__executable_start, 0x8048000)
                0x0000000008048094                . = (0x8048000 + SIZEOF_HEADERS)

.interp
 *(.interp)

.note.gnu.build-id
 *(.note.gnu.build-id)

.hash
 *(.hash)

.gnu.hash
 *(.gnu.hash)

.dynsym
 *(.dynsym)

.dynstr
 *(.dynstr)

.gnu.version
 *(.gnu.version)

.gnu.version_d
 *(.gnu.version_d)

.gnu.version_r
 *(.gnu.version_r)

.rel.dyn        0x0000000008048094        0x0
 *(.rel.init)
 *(.rel.text .rel.text.* .rel.gnu.linkonce.t.*)
 .rel.text      0x0000000008048094        0x0 build/main.o
 *(.rel.fini)
 *(.rel.rodata .rel.rodata.* .rel.gnu.linkonce.r.*)
 *(.rel.data.rel.ro .rel.data.rel.ro.* .rel.gnu.linkonce.d.rel.ro.*)
 *(.rel.data .rel.data.* .rel.gnu.linkonce.d.*)
 *(.rel.tdata .rel.tdata.* .rel.gnu.linkonce.td.*)
 *(.rel.tbss .rel.tbss.* .rel.gnu.linkonce.tb.*)
 *(.rel.ctors)
 *(.rel.dtors)
 *(.rel.got)
 *(.rel.bss .rel.bss.* .rel.gnu.linkonce.b.*)
 *(.rel.ifunc)

.rel.plt        0x0000000008048094        0x0
 *(.rel.plt)
                [!provide]                        PROVIDE (__rel_iplt_start, .)
 *(.rel.iplt)
                [!provide]                        PROVIDE (__rel_iplt_end, .)

.init
 *(SORT(.init))

.plt
 *(.plt)
 *(.iplt)

.plt.got
 *(.plt.got)

.text           0x00000000c0001500     0xa5dd
 *(.text.unlikely .text.*_unlikely .text.unlikely.*)
 *(.text.exit .text.exit.*)
 *(.text.startup .text.startup.*)
 *(.text.hot .text.hot.*)
 *(.text .stub .text.* .gnu.linkonce.t.*)
 .text          0x00000000c0001500      0x287 build/main.o
                0x00000000c0001500                main
                0x00000000c000152d                init
                0x00000000c000154b                k_thread_a
                0x00000000c00015dd                k_thread_b
                0x00000000c000166f                u_prog_a
                0x00000000c00016fb                u_prog_b
 .text          0x00000000c0001787       0x4b build/init.o
                0x00000000c0001787                init_all
 .text          0x00000000c00017d2      0x480 build/interrupt.o
                0x00000000c0001b40                register_handler
                0x00000000c0001b5c                idt_init
                0x00000000c0001bbe                intr_enable
                0x00000000c0001be7                intr_disable
                0x00000000c0001c10                intr_set_status
                0x00000000c0001c2e                intr_get_status
 .text          0x00000000c0001c52      0x209 build/timer.o
                0x00000000c0001da9                mtime_sleep
                0x00000000c0001dfb                timer_init
 *fill*         0x00000000c0001e5b        0x5 
 .text          0x00000000c0001e60      0x55b build/kernel.o
                0x00000000c0001e60                intr_exit
                0x00000000c0002397                syscall_handler
 *fill*         0x00000000c00023bb        0x5 
 .text          0x00000000c00023c0      0x1b1 build/print.o
                0x00000000c00023c0                put_str
                0x00000000c00023de                put_char
                0x00000000c00024ab                cls_screen
                0x00000000c00024ea                put_int
                0x00000000c000254d                set_cursor
 .text          0x00000000c0002571       0xa5 build/debug.o
                0x00000000c0002571                panic_spin
 .text          0x00000000c0002616     0x11a9 build/memory.o
                0x00000000c00027f9                pte_ptr
                0x00000000c0002829                pde_ptr
                0x00000000c00028a0                pfree
                0x00000000c0002a59                malloc_page
                0x00000000c0002b23                mfree_page
                0x00000000c0002d00                get_kernel_pages
                0x00000000c0002d5c                get_user_pages
                0x00000000c0002db8                get_a_page
                0x00000000c0002f30                get_a_page_without_opvaddrbitmap
                0x00000000c0002fab                addr_v2p
                0x00000000c00031c0                sys_malloc
                0x00000000c00034ef                sys_free
                0x00000000c00036f0                block_desc_init
                0x00000000c000377e                mem_init
 .text          0x00000000c00037bf      0x266 build/bitmap.o
                0x00000000c00037bf                bitmap_init
                0x00000000c00037e6                bitmap_scan_test
                0x00000000c0003826                bitmap_scan
                0x00000000c000396a                bitmap_set
 .text          0x00000000c0003a25      0x44a build/string.o
                0x00000000c0003a25                memset
                0x00000000c0003a81                memcpy
                0x00000000c0003aed                memcmp
                0x00000000c0003b7e                strcpy
                0x00000000c0003be0                strlen
                0x00000000c0003c36                strcmp
                0x00000000c0003cbd                strchr
                0x00000000c0003d22                strrchr
                0x00000000c0003d8b                strcat
                0x00000000c0003e02                strchrs
 .text          0x00000000c0003e6f      0x746 build/thread.o
                0x00000000c0003e85                running_thread
                0x00000000c0003ee9                fork_pid
                0x00000000c0003ef6                thread_create
                0x00000000c0003f63                init_thread
                0x00000000c000406c                thread_start
                0x00000000c00041e7                schedule
                0x00000000c0004337                thread_block
                0x00000000c000439e                thread_unblock
                0x00000000c00044a9                thread_yield
                0x00000000c000452f                thread_init
 .text          0x00000000c00045b5      0x1e3 build/list.o
                0x00000000c00045b5                list_init
                0x00000000c00045e2                list_insert_before
                0x00000000c0004623                list_push
                0x00000000c0004640                list_append
                0x00000000c000465d                list_remove
                0x00000000c0004693                list_pop
                0x00000000c00046b2                elem_find
                0x00000000c00046ed                list_traversal
                0x00000000c000474a                list_len
                0x00000000c000477f                list_empty
 *fill*         0x00000000c0004798        0x8 
 .text          0x00000000c00047a0       0x15 build/switch.o
                0x00000000c00047a0                switch_to
 .text          0x00000000c00047b5       0x9a build/console.o
                0x00000000c00047b5                console_init
                0x00000000c00047c9                console_acquire
                0x00000000c00047dd                console_release
                0x00000000c00047f1                console_put_str
                0x00000000c000480e                console_put_char
                0x00000000c0004832                console_put_int
 .text          0x00000000c000484f      0x347 build/sync.o
                0x00000000c000484f                sema_init
                0x00000000c0004874                lock_init
                0x00000000c00048a5                sema_down
                0x00000000c00049b9                sema_up
                0x00000000c0004a6f                lock_acquire
                0x00000000c0004aeb                lock_release
 .text          0x00000000c0004b96      0x2bc build/keyboard.o
                0x00000000c0004e12                keyboard_init
 .text          0x00000000c0004e52      0x309 build/ioqueue.o
                0x00000000c0004e52                ioqueue_init
                0x00000000c0004ea9                ioq_full
                0x00000000c0004fe1                ioq_getchar
                0x00000000c000509d                ioq_putchar
 .text          0x00000000c000515b      0x1af build/tss.o
                0x00000000c000515b                update_tss_esp
                0x00000000c00051dc                tss_init
 .text          0x00000000c000530a      0x356 build/process.o
                0x00000000c000530a                start_process
                0x00000000c0005401                page_dir_activate
                0x00000000c0005431                process_activate
                0x00000000c0005483                create_page_dir
                0x00000000c00054f4                create_user_vaddr_bitmap
                0x00000000c0005536                process_execute
 .text          0x00000000c0005660       0x82 build/syscall_init.o
                0x00000000c0005660                sys_getpid
                0x00000000c0005672                syscall_init
 .text          0x00000000c00056e2       0xe0 build/syscall.o
                0x00000000c00056e2                getpid
                0x00000000c00056f7                write
                0x00000000c000571a                malloc
                0x00000000c0005739                free
                0x00000000c0005755                fork
                0x00000000c000576a                read
                0x00000000c000578d                putchar
                0x00000000c00057b0                clear
 .text          0x00000000c00057c2      0x2bb build/stdio.o
                0x00000000c0005849                vsprintf
                0x00000000c00059cd                printf
                0x00000000c0005a49                sprintf
 .text          0x00000000c0005a7d      0xe04 build/ide.o
                0x00000000c0005d97                ide_read
                0x00000000c0005f25                ide_write
                0x00000000c00065b7                intr_hd_handler
                0x00000000c0006678                ide_init
 .text          0x00000000c0006881       0x62 build/stdio_kernel.o
                0x00000000c0006881                printk
 .text          0x00000000c00068e3     0x21f1 build/fs.o
                0x00000000c000704f                path_depth_cnt
                0x00000000c0007379                sys_open
                0x00000000c0007626                sys_close
                0x00000000c000767b                sys_write
                0x00000000c0007765                sys_read
                0x00000000c0007848                sys_lseek
                0x00000000c0007933                sys_unlink
                0x00000000c0007b55                sys_mkdir
                0x00000000c0007f81                sys_opendir
                0x00000000c000809c                sys_closedir
                0x00000000c00080c6                sys_readdir
                0x00000000c0008103                sys_rmdir
                0x00000000c000822b                sys_rewinddir
                0x00000000c00084d8                sys_getcwd
                0x00000000c00086fc                sys_chdir
                0x00000000c000878a                sys_stat
                0x00000000c00088b1                sys_putchar
                0x00000000c00088ce                filesys_init
 .text          0x00000000c0008ad4      0x825 build/inode.o
                0x00000000c0008b78                inode_sync
                0x00000000c0008cec                inode_open
                0x00000000c0008e47                inode_close
                0x00000000c0008eb8                inode_delete
                0x00000000c000901d                inode_release
                0x00000000c00092a4                inode_init
 .text          0x00000000c00092f9     0x11db build/file.o
                0x00000000c00092f9                get_free_slot_in_global
                0x00000000c0009349                pcb_fd_install
                0x00000000c00093b2                inode_bitmap_alloc
                0x00000000c0009400                block_bitmap_alloc
                0x00000000c0009459                bitmap_sync
                0x00000000c00094ed                file_create
                0x00000000c00097c2                file_open
                0x00000000c00098ca                file_close
                0x00000000c0009909                file_write
                0x00000000c000a111                file_read
 .text          0x00000000c000a4d4      0xf63 build/dir.o
                0x00000000c000a4d4                open_root_dir
                0x00000000c000a503                dir_open
                0x00000000c000a53e                dir_close
                0x00000000c000a569                search_dir_entry
                0x00000000c000a74b                create_dir_entry
                0x00000000c000a7c1                sync_dir_entry
                0x00000000c000ac45                delete_dir_entry
                0x00000000c000b12f                dir_read
                0x00000000c000b343                dir_is_empty
                0x00000000c000b36e                dir_remove
 .text          0x00000000c000b437      0x52a build/fork.o
                0x00000000c000b829                sys_fork
 .text          0x00000000c000b961      0x14c build/shell.o
                0x00000000c000b961                print_prompt
                0x00000000c000ba5d                my_shell
 .text          0x00000000c000baad       0x30 build/assert.o
                0x00000000c000baad                user_spin
 *(.gnu.warning)

.fini
 *(SORT(.fini))
                [!provide]                        PROVIDE (__etext, .)
                [!provide]                        PROVIDE (_etext, .)
                [!provide]                        PROVIDE (etext, .)

.rodata         0x00000000c000bae0     0x2286
 *(.rodata .rodata.* .gnu.linkonce.r.*)
 .rodata        0x00000000c000bae0       0xbb build/main.o
 .rodata        0x00000000c000bb9b        0xa build/init.o
 *fill*         0x00000000c000bba5        0x3 
 .rodata        0x00000000c000bba8      0x2cd build/interrupt.o
 *fill*         0x00000000c000be75        0x3 
 .rodata        0x00000000c000be78       0x87 build/timer.o
 .rodata        0x00000000c000beff       0x3f build/debug.o
 *fill*         0x00000000c000bf3e        0x2 
 .rodata        0x00000000c000bf40      0x3b0 build/memory.o
 .rodata        0x00000000c000c2f0       0x68 build/bitmap.o
 .rodata        0x00000000c000c358       0xa2 build/string.o
 *fill*         0x00000000c000c3fa        0x2 
 .rodata        0x00000000c000c3fc      0x2cd build/thread.o
 *fill*         0x00000000c000c6c9        0x3 
 .rodata        0x00000000c000c6cc      0x12f build/sync.o
 .rodata        0x00000000c000c7fb       0x36 build/keyboard.o
 *fill*         0x00000000c000c831        0x3 
 .rodata        0x00000000c000c834       0x9d build/ioqueue.o
 .rodata        0x00000000c000c8d1       0x27 build/tss.o
 .rodata        0x00000000c000c8f8       0xdd build/process.o
 .rodata        0x00000000c000c9d5       0x27 build/syscall_init.o
 .rodata        0x00000000c000c9fc      0x1ec build/ide.o
 .rodata        0x00000000c000cbe8      0x8b8 build/fs.o
 .rodata        0x00000000c000d4a0       0xbb build/inode.o
 *fill*         0x00000000c000d55b        0x1 
 .rodata        0x00000000c000d55c      0x3fc build/file.o
 .rodata        0x00000000c000d958      0x203 build/dir.o
 *fill*         0x00000000c000db5b        0x1 
 .rodata        0x00000000c000db5c      0x142 build/fork.o
 *fill*         0x00000000c000dc9e        0x2 
 .rodata        0x00000000c000dca0       0x93 build/shell.o
 *fill*         0x00000000c000dd33        0x1 
 .rodata        0x00000000c000dd34       0x32 build/assert.o

.rodata1
 *(.rodata1)

.eh_frame_hdr
 *(.eh_frame_hdr)
 *(.eh_frame_entry .eh_frame_entry.*)

.eh_frame       0x00000000c000dd68     0x1b74
 *(.eh_frame)
 .eh_frame      0x00000000c000dd68       0xc0 build/main.o
 .eh_frame      0x00000000c000de28       0x20 build/init.o
                                         0x38 (size before relaxing)
 .eh_frame      0x00000000c000de48      0x188 build/interrupt.o
                                        0x1a0 (size before relaxing)
 .eh_frame      0x00000000c000dfd0       0xcc build/timer.o
                                         0xe4 (size before relaxing)
 .eh_frame      0x00000000c000e09c       0x1c build/debug.o
                                         0x34 (size before relaxing)
 .eh_frame      0x00000000c000e0b8      0x2c0 build/memory.o
                                        0x2d8 (size before relaxing)
 .eh_frame      0x00000000c000e378       0x8c build/bitmap.o
                                         0xa4 (size before relaxing)
 .eh_frame      0x00000000c000e404      0x140 build/string.o
                                        0x158 (size before relaxing)
 .eh_frame      0x00000000c000e544      0x1bc build/thread.o
                                        0x1d4 (size before relaxing)
 .eh_frame      0x00000000c000e700      0x140 build/list.o
                                        0x158 (size before relaxing)
 .eh_frame      0x00000000c000e840       0xc0 build/console.o
                                         0xd8 (size before relaxing)
 .eh_frame      0x00000000c000e900       0xc8 build/sync.o
                                         0xe0 (size before relaxing)
 .eh_frame      0x00000000c000e9c8       0x60 build/keyboard.o
                                         0x78 (size before relaxing)
 .eh_frame      0x00000000c000ea28      0x100 build/ioqueue.o
                                        0x118 (size before relaxing)
 .eh_frame      0x00000000c000eb28       0x64 build/tss.o
                                         0x7c (size before relaxing)
 .eh_frame      0x00000000c000eb8c       0xc0 build/process.o
                                         0xd8 (size before relaxing)
 .eh_frame      0x00000000c000ec4c       0x40 build/syscall_init.o
                                         0x58 (size before relaxing)
 .eh_frame      0x00000000c000ec8c      0x114 build/syscall.o
                                        0x12c (size before relaxing)
 .eh_frame      0x00000000c000eda0       0x94 build/stdio.o
                                         0xac (size before relaxing)
 .eh_frame      0x00000000c000ee34      0x258 build/ide.o
                                        0x270 (size before relaxing)
 .eh_frame      0x00000000c000f08c       0x28 build/stdio_kernel.o
                                         0x40 (size before relaxing)
 .eh_frame      0x00000000c000f0b4      0x360 build/fs.o
                                        0x378 (size before relaxing)
 .eh_frame      0x00000000c000f414       0xec build/inode.o
                                        0x104 (size before relaxing)
 .eh_frame      0x00000000c000f500      0x140 build/file.o
                                        0x158 (size before relaxing)
 .eh_frame      0x00000000c000f640      0x164 build/dir.o
                                        0x17c (size before relaxing)
 .eh_frame      0x00000000c000f7a4       0xc0 build/fork.o
                                         0xd8 (size before relaxing)
 .eh_frame      0x00000000c000f864       0x5c build/shell.o
                                         0x74 (size before relaxing)
 .eh_frame      0x00000000c000f8c0       0x1c build/assert.o
                                         0x34 (size before relaxing)
 *(.eh_frame.*)

.gcc_except_table
 *(.gcc_except_table .gcc_except_table.*)

.gnu_extab
 *(.gnu_extab*)

.exception_ranges
 *(.exception_ranges .exception_ranges*)
                0x00000000c0011000                . = DATA_SEGMENT_ALIGN (0x1000, 0x1000)

.eh_frame
 *(.eh_frame)
 *(.eh_frame.*)

.gnu_extab
 *(.gnu_extab)

.gcc_except_table
 *(.gcc_except_table .gcc_except_table.*)

.exception_ranges
 *(.exception_ranges .exception_ranges*)

.tdata
 *(.tdata .tdata.* .gnu.linkonce.td.*)

.tbss
 *(.tbss .tbss.* .gnu.linkonce.tb.*)
 *(.tcommon)

.preinit_array  0x00000000c0011000        0x0
                [!provide]                        PROVIDE (__preinit_array_start, .)
 *(.preinit_array)
                [!provide]                        PROVIDE (__preinit_array_end, .)

.init_array     0x00000000c0011000        0x0
                [!provide]                        PROVIDE (__init_array_start, .)
 *(SORT(.init_array.*) SORT(.ctors.*))
 *(.init_array EXCLUDE_FILE(*crtend?.o *crtend.o *crtbegin?.o *crtbegin.o) .ctors)
                [!provide]                        PROVIDE (__init_array_end, .)

.fini_array     0x00000000c0011000        0x0
                [!provide]                        PROVIDE (__fini_array_start, .)
 *(SORT(.fini_array.*) SORT(.dtors.*))
 *(.fini_array EXCLUDE_FILE(*crtend?.o *crtend.o *crtbegin?.o *crtbegin.o) .dtors)
                [!provide]                        PROVIDE (__fini_array_end, .)

.ctors
 *crtbegin.o(.ctors)
 *crtbegin?.o(.ctors)
 *(EXCLUDE_FILE(*crtend?.o *crtend.o) .ctors)
 *(SORT(.ctors.*))
 *(.ctors)

.dtors
 *crtbegin.o(.dtors)
 *crtbegin?.o(.dtors)
 *(EXCLUDE_FILE(*crtend?.o *crtend.o) .dtors)
 *(SORT(.dtors.*))
 *(.dtors)

.jcr
 *(.jcr)

.data.rel.ro
 *(.data.rel.ro.local* .gnu.linkonce.d.rel.ro.local.*)
 *(.data.rel.ro .data.rel.ro.* .gnu.linkonce.d.rel.ro.*)

.dynamic
 *(.dynamic)

.got
 *(.got)
 *(.igot)
                0x00000000c0011000                . = DATA_SEGMENT_RELRO_END (., (SIZEOF (.got.plt) >= 0xc)?0xc:0x0)

.got.plt        0x00000000c0011000        0x0
 *(.got.plt)
 *(.igot.plt)

.data           0x00000000c0011000      0x156
 *(.data .data.* .gnu.linkonce.d.*)
 .data          0x00000000c0011000        0x0 build/main.o
 .data          0x00000000c0011000        0x0 build/init.o
 .data          0x00000000c0011000        0x0 build/interrupt.o
 .data          0x00000000c0011000        0x0 build/timer.o
 .data          0x00000000c0011000       0xd2 build/kernel.o
                0x00000000c0011012                intr_entry_table
 *fill*         0x00000000c00110d2        0x2 
 .data          0x00000000c00110d4        0x8 build/print.o
 .data          0x00000000c00110dc        0x0 build/debug.o
 .data          0x00000000c00110dc        0x0 build/memory.o
 .data          0x00000000c00110dc        0x0 build/bitmap.o
 .data          0x00000000c00110dc        0x0 build/string.o
 .data          0x00000000c00110dc        0x0 build/thread.o
 .data          0x00000000c00110dc        0x0 build/list.o
 .data          0x00000000c00110dc        0x0 build/console.o
 .data          0x00000000c00110dc        0x0 build/sync.o
 *fill*         0x00000000c00110dc        0x4 
 .data          0x00000000c00110e0       0x76 build/keyboard.o
 .data          0x00000000c0011156        0x0 build/ioqueue.o
 .data          0x00000000c0011156        0x0 build/tss.o
 .data          0x00000000c0011156        0x0 build/process.o
 .data          0x00000000c0011156        0x0 build/syscall_init.o
 .data          0x00000000c0011156        0x0 build/syscall.o
 .data          0x00000000c0011156        0x0 build/stdio.o
 .data          0x00000000c0011156        0x0 build/ide.o
 .data          0x00000000c0011156        0x0 build/stdio_kernel.o
 .data          0x00000000c0011156        0x0 build/fs.o
 .data          0x00000000c0011156        0x0 build/inode.o
 .data          0x00000000c0011156        0x0 build/file.o
 .data          0x00000000c0011156        0x0 build/dir.o
 .data          0x00000000c0011156        0x0 build/fork.o
 .data          0x00000000c0011156        0x0 build/shell.o
 .data          0x00000000c0011156        0x0 build/assert.o

.data1
 *(.data1)
                0x00000000c0011156                _edata = .
                [!provide]                        PROVIDE (edata, .)
                0x00000000c0011156                . = .
                0x00000000c0011156                __bss_start = .

.bss            0x00000000c0011160     0x1ce8
 *(.dynbss)
 *(.bss .bss.* .gnu.linkonce.b.*)
 .bss           0x00000000c0011160        0x8 build/main.o
                0x00000000c0011160                prog_a_pid
                0x00000000c0011164                prog_b_pid
 .bss           0x00000000c0011168        0x0 build/init.o
 *fill*         0x00000000c0011168       0x18 
 .bss           0x00000000c0011180      0x408 build/interrupt.o
 .bss           0x00000000c0011588        0x0 build/timer.o
 .bss           0x00000000c0011588        0x0 build/debug.o
 .bss           0x00000000c0011588        0x0 build/memory.o
 .bss           0x00000000c0011588        0x0 build/bitmap.o
 .bss           0x00000000c0011588        0x0 build/string.o
 .bss           0x00000000c0011588        0x6 build/thread.o
 .bss           0x00000000c001158e        0x0 build/list.o
 *fill*         0x00000000c001158e        0x2 
 .bss           0x00000000c0011590       0x1c build/console.o
 .bss           0x00000000c00115ac        0x0 build/sync.o
 .bss           0x00000000c00115ac       0x14 build/keyboard.o
 .bss           0x00000000c00115c0        0x0 build/ioqueue.o
 .bss           0x00000000c00115c0       0x6c build/tss.o
 .bss           0x00000000c001162c        0x0 build/process.o
 .bss           0x00000000c001162c        0x0 build/syscall_init.o
 .bss           0x00000000c001162c        0x0 build/syscall.o
 .bss           0x00000000c001162c        0x0 build/stdio.o
 .bss           0x00000000c001162c        0x6 build/ide.o
                0x00000000c001162c                ext_lba_base
                0x00000000c0011630                p_no
                0x00000000c0011631                l_no
 .bss           0x00000000c0011632        0x0 build/stdio_kernel.o
 .bss           0x00000000c0011632        0x0 build/fs.o
 .bss           0x00000000c0011632        0x0 build/inode.o
 .bss           0x00000000c0011632        0x0 build/file.o
 .bss           0x00000000c0011632        0x0 build/dir.o
 .bss           0x00000000c0011632        0x0 build/fork.o
 *fill*         0x00000000c0011632        0xe 
 .bss           0x00000000c0011640       0xc0 build/shell.o
                0x00000000c0011640                cwd_cache
 .bss           0x00000000c0011700        0x0 build/assert.o
 *(COMMON)
 COMMON         0x00000000c0011700      0x424 build/interrupt.o
                0x00000000c0011700                intr_name
                0x00000000c0011920                idt_table
 COMMON         0x00000000c0011b24        0x4 build/timer.o
                0x00000000c0011b24                ticks
 *fill*         0x00000000c0011b28       0x18 
 COMMON         0x00000000c0011b40      0x12c build/memory.o
                0x00000000c0011b40                user_pool
                0x00000000c0011b80                k_block_descs
                0x00000000c0011c28                kernel_vaddr
                0x00000000c0011c40                kernel_pool
 COMMON         0x00000000c0011c6c       0x44 build/thread.o
                0x00000000c0011c6c                thread_ready_list
                0x00000000c0011c7c                thread_all_list
                0x00000000c0011c8c                idle_thread
                0x00000000c0011c90                main_thread
                0x00000000c0011c94                pid_lock
 *fill*         0x00000000c0011cb0       0x10 
 COMMON         0x00000000c0011cc0       0x6c build/keyboard.o
                0x00000000c0011cc0                kbd_buf
 *fill*         0x00000000c0011d2c       0x14 
 COMMON         0x00000000c0011d40       0x80 build/syscall_init.o
                0x00000000c0011d40                syscall_table
 COMMON         0x00000000c0011dc0      0xcf0 build/ide.o
                0x00000000c0011dc0                channel_cnt
                0x00000000c0011de0                channels
                0x00000000c0012aa0                partition_list
 COMMON         0x00000000c0012ab0        0x4 build/fs.o
                0x00000000c0012ab0                cur_part
 *fill*         0x00000000c0012ab4        0xc 
 COMMON         0x00000000c0012ac0      0x180 build/file.o
                0x00000000c0012ac0                file_table
 COMMON         0x00000000c0012c40      0x208 build/dir.o
                0x00000000c0012c40                root_dir
                0x00000000c0012e48                . = ALIGN ((. != 0x0)?0x4:0x1)
                0x00000000c0012e48                . = ALIGN (0x4)
                0x00000000c0012e48                . = SEGMENT_START ("ldata-segment", .)
                0x00000000c0012e48                . = ALIGN (0x4)
                0x00000000c0012e48                _end = .
                [!provide]                        PROVIDE (end, .)
                0x00000000c0012e48                . = DATA_SEGMENT_END (.)

.stab
 *(.stab)

.stabstr
 *(.stabstr)

.stab.excl
 *(.stab.excl)

.stab.exclstr
 *(.stab.exclstr)

.stab.index
 *(.stab.index)

.stab.indexstr
 *(.stab.indexstr)

.comment        0x0000000000000000       0x2d
 *(.comment)
 .comment       0x0000000000000000       0x2d build/main.o
                                         0x2e (size before relaxing)
 .comment       0x000000000000002d       0x2e build/init.o
 .comment       0x000000000000002d       0x2e build/interrupt.o
 .comment       0x000000000000002d       0x2e build/timer.o
 .comment       0x000000000000002d       0x2e build/debug.o
 .comment       0x000000000000002d       0x2e build/memory.o
 .comment       0x000000000000002d       0x2e build/bitmap.o
 .comment       0x000000000000002d       0x2e build/string.o
 .comment       0x000000000000002d       0x2e build/thread.o
 .comment       0x000000000000002d       0x2e build/list.o
 .comment       0x000000000000002d       0x2e build/console.o
 .comment       0x000000000000002d       0x2e build/sync.o
 .comment       0x000000000000002d       0x2e build/keyboard.o
 .comment       0x000000000000002d       0x2e build/ioqueue.o
 .comment       0x000000000000002d       0x2e build/tss.o
 .comment       0x000000000000002d       0x2e build/process.o
 .comment       0x000000000000002d       0x2e build/syscall_init.o
 .comment       0x000000000000002d       0x2e build/syscall.o
 .comment       0x000000000000002d       0x2e build/stdio.o
 .comment       0x000000000000002d       0x2e build/ide.o
 .comment       0x000000000000002d       0x2e build/stdio_kernel.o
 .comment       0x000000000000002d       0x2e build/fs.o
 .comment       0x000000000000002d       0x2e build/inode.o
 .comment       0x000000000000002d       0x2e build/file.o
 .comment       0x000000000000002d       0x2e build/dir.o
 .comment       0x000000000000002d       0x2e build/fork.o
 .comment       0x000000000000002d       0x2e build/shell.o
 .comment       0x000000000000002d       0x2e build/assert.o

.debug
 *(.debug)

.line
 *(.line)

.debug_srcinfo
 *(.debug_srcinfo)

.debug_sfnames
 *(.debug_sfnames)

.debug_aranges
 *(.debug_aranges)

.debug_pubnames
 *(.debug_pubnames)

.debug_info
 *(.debug_info .gnu.linkonce.wi.*)

.debug_abbrev
 *(.debug_abbrev)

.debug_line
 *(.debug_line .debug_line.* .debug_line_end)

.debug_frame
 *(.debug_frame)

.debug_str
 *(.debug_str)

.debug_loc
 *(.debug_loc)

.debug_macinfo
 *(.debug_macinfo)

.debug_weaknames
 *(.debug_weaknames)

.debug_funcnames
 *(.debug_funcnames)

.debug_typenames
 *(.debug_typenames)

.debug_varnames
 *(.debug_varnames)

.debug_pubtypes
 *(.debug_pubtypes)

.debug_ranges
 *(.debug_ranges)

.debug_macro
 *(.debug_macro)

.gnu.attributes
 *(.gnu.attributes)

/DISCARD/
 *(.note.GNU-stack)
 *(.gnu_debuglink)
 *(.gnu.lto_*)
OUTPUT(build/kernel.bin elf32-i386)
