
Allocating common symbols
Common symbol       size              file

kbd_buf             0x6c              build/keyboard.o
root_dir            0x208             build/dir.o
thread_ready_list   0x10              build/thread.o
thread_all_list     0x10              build/thread.o
user_pool           0x2c              build/memory.o
channel_cnt         0x1               build/ide.o
cur_part            0x4               build/fs.o
k_block_descs       0xa8              build/memory.o
idle_thread         0x4               build/thread.o
intr_name           0x204             build/interrupt.o
main_thread         0x4               build/thread.o
channels            0xcc0             build/ide.o
ticks               0x4               build/timer.o
kernel_vaddr        0xc               build/memory.o
syscall_table       0x80              build/syscall_init.o
idt_table           0x204             build/interrupt.o
file_table          0x180             build/file.o
partition_list      0x10              build/ide.o
kernel_pool         0x2c              build/memory.o
pid_lock            0x1c              build/thread.o

Discarded input sections

 .note.GNU-stack
                0x0000000000000000        0x0 build/main.o
 .note.GNU-stack
                0x0000000000000000        0x0 build/init.o
 .note.GNU-stack
                0x0000000000000000        0x0 build/interrupt.o
 .note.GNU-stack
                0x0000000000000000        0x0 build/timer.o
 .note.GNU-stack
                0x0000000000000000        0x0 build/debug.o
 .note.GNU-stack
                0x0000000000000000        0x0 build/memory.o
 .note.GNU-stack
                0x0000000000000000        0x0 build/bitmap.o
 .note.GNU-stack
                0x0000000000000000        0x0 build/string.o
 .note.GNU-stack
                0x0000000000000000        0x0 build/thread.o
 .note.GNU-stack
                0x0000000000000000        0x0 build/list.o
 .note.GNU-stack
                0x0000000000000000        0x0 build/console.o
 .note.GNU-stack
                0x0000000000000000        0x0 build/sync.o
 .note.GNU-stack
                0x0000000000000000        0x0 build/keyboard.o
 .note.GNU-stack
                0x0000000000000000        0x0 build/ioqueue.o
 .note.GNU-stack
                0x0000000000000000        0x0 build/tss.o
 .note.GNU-stack
                0x0000000000000000        0x0 build/process.o
 .note.GNU-stack
                0x0000000000000000        0x0 build/syscall_init.o
 .note.GNU-stack
                0x0000000000000000        0x0 build/syscall.o
 .note.GNU-stack
                0x0000000000000000        0x0 build/stdio.o
 .note.GNU-stack
                0x0000000000000000        0x0 build/ide.o
 .note.GNU-stack
                0x0000000000000000        0x0 build/stdio_kernel.o
 .note.GNU-stack
                0x0000000000000000        0x0 build/fs.o
 .note.GNU-stack
                0x0000000000000000        0x0 build/inode.o
 .note.GNU-stack
                0x0000000000000000        0x0 build/file.o
 .note.GNU-stack
                0x0000000000000000        0x0 build/dir.o

Memory Configuration

Name             Origin             Length             Attributes
*default*        0x0000000000000000 0xffffffffffffffff

Linker script and memory map

Address of section .text set to 0xc0001500
LOAD build/main.o
LOAD build/init.o
LOAD build/interrupt.o
LOAD build/timer.o
LOAD build/kernel.o
LOAD build/print.o
LOAD build/debug.o
LOAD build/memory.o
LOAD build/bitmap.o
LOAD build/string.o
LOAD build/thread.o
LOAD build/list.o
LOAD build/switch.o
LOAD build/console.o
LOAD build/sync.o
LOAD build/keyboard.o
LOAD build/ioqueue.o
LOAD build/tss.o
LOAD build/process.o
LOAD build/syscall_init.o
LOAD build/syscall.o
LOAD build/stdio.o
LOAD build/ide.o
LOAD build/stdio_kernel.o
LOAD build/fs.o
LOAD build/inode.o
LOAD build/file.o
LOAD build/dir.o
                [!provide]                        PROVIDE (__executable_start, 0x8048000)
                0x0000000008048094                . = (0x8048000 + SIZEOF_HEADERS)

.interp
 *(.interp)

.note.gnu.build-id
 *(.note.gnu.build-id)

.hash
 *(.hash)

.gnu.hash
 *(.gnu.hash)

.dynsym
 *(.dynsym)

.dynstr
 *(.dynstr)

.gnu.version
 *(.gnu.version)

.gnu.version_d
 *(.gnu.version_d)

.gnu.version_r
 *(.gnu.version_r)

.rel.dyn        0x0000000008048094        0x0
 *(.rel.init)
 *(.rel.text .rel.text.* .rel.gnu.linkonce.t.*)
 .rel.text      0x0000000008048094        0x0 build/main.o
 *(.rel.fini)
 *(.rel.rodata .rel.rodata.* .rel.gnu.linkonce.r.*)
 *(.rel.data.rel.ro .rel.data.rel.ro.* .rel.gnu.linkonce.d.rel.ro.*)
 *(.rel.data .rel.data.* .rel.gnu.linkonce.d.*)
 *(.rel.tdata .rel.tdata.* .rel.gnu.linkonce.td.*)
 *(.rel.tbss .rel.tbss.* .rel.gnu.linkonce.tb.*)
 *(.rel.ctors)
 *(.rel.dtors)
 *(.rel.got)
 *(.rel.bss .rel.bss.* .rel.gnu.linkonce.b.*)
 *(.rel.ifunc)

.rel.plt        0x0000000008048094        0x0
 *(.rel.plt)
                [!provide]                        PROVIDE (__rel_iplt_start, .)
 *(.rel.iplt)
                [!provide]                        PROVIDE (__rel_iplt_end, .)

.init
 *(SORT(.init))

.plt
 *(.plt)
 *(.iplt)

.plt.got
 *(.plt.got)

.text           0x00000000c0001500     0x954f
 *(.text.unlikely .text.*_unlikely .text.unlikely.*)
 *(.text.exit .text.exit.*)
 *(.text.startup .text.startup.*)
 *(.text.hot .text.hot.*)
 *(.text .stub .text.* .gnu.linkonce.t.*)
 .text          0x00000000c0001500      0x326 build/main.o
                0x00000000c0001500                main
                0x00000000c00015ea                k_thread_a
                0x00000000c000167c                k_thread_b
                0x00000000c000170e                u_prog_a
                0x00000000c000179a                u_prog_b
 .text          0x00000000c0001826       0x4b build/init.o
                0x00000000c0001826                init_all
 .text          0x00000000c0001871      0x480 build/interrupt.o
                0x00000000c0001bdf                register_handler
                0x00000000c0001bfb                idt_init
                0x00000000c0001c5d                intr_enable
                0x00000000c0001c86                intr_disable
                0x00000000c0001caf                intr_set_status
                0x00000000c0001ccd                intr_get_status
 .text          0x00000000c0001cf1      0x209 build/timer.o
                0x00000000c0001e48                mtime_sleep
                0x00000000c0001e9a                timer_init
 *fill*         0x00000000c0001efa        0x6 
 .text          0x00000000c0001f00      0x55b build/kernel.o
                0x00000000c0001f00                intr_exit
                0x00000000c0002437                syscall_handler
 *fill*         0x00000000c000245b        0x5 
 .text          0x00000000c0002460      0x172 build/print.o
                0x00000000c0002460                put_str
                0x00000000c000247e                put_char
                0x00000000c000254b                put_int
                0x00000000c00025ae                set_cursor
 .text          0x00000000c00025d2       0xa5 build/debug.o
                0x00000000c00025d2                panic_spin
 .text          0x00000000c0002677     0x112e build/memory.o
                0x00000000c000285a                pte_ptr
                0x00000000c000288a                pde_ptr
                0x00000000c0002901                pfree
                0x00000000c0002aba                malloc_page
                0x00000000c0002b84                mfree_page
                0x00000000c0002d61                get_kernel_pages
                0x00000000c0002dbd                get_user_pages
                0x00000000c0002e19                get_a_page
                0x00000000c0002f91                addr_v2p
                0x00000000c00031a6                sys_malloc
                0x00000000c00034d5                sys_free
                0x00000000c00036d6                block_desc_init
                0x00000000c0003764                mem_init
 .text          0x00000000c00037a5      0x266 build/bitmap.o
                0x00000000c00037a5                bitmap_init
                0x00000000c00037cc                bitmap_scan_test
                0x00000000c000380c                bitmap_scan
                0x00000000c0003950                bitmap_set
 .text          0x00000000c0003a0b      0x44a build/string.o
                0x00000000c0003a0b                memset
                0x00000000c0003a67                memcpy
                0x00000000c0003ad3                memcmp
                0x00000000c0003b64                strcpy
                0x00000000c0003bc6                strlen
                0x00000000c0003c1c                strcmp
                0x00000000c0003ca3                strchr
                0x00000000c0003d08                strrchr
                0x00000000c0003d71                strcat
                0x00000000c0003de8                strchrs
 .text          0x00000000c0003e55      0x70c build/thread.o
                0x00000000c0003e6b                running_thread
                0x00000000c0003ecf                thread_create
                0x00000000c0003f3c                init_thread
                0x00000000c000402c                thread_start
                0x00000000c00041a7                schedule
                0x00000000c00042f7                thread_block
                0x00000000c000435e                thread_unblock
                0x00000000c0004469                thread_yield
                0x00000000c00044ef                thread_init
 .text          0x00000000c0004561      0x1e3 build/list.o
                0x00000000c0004561                list_init
                0x00000000c000458e                list_insert_before
                0x00000000c00045cf                list_push
                0x00000000c00045ec                list_append
                0x00000000c0004609                list_remove
                0x00000000c000463f                list_pop
                0x00000000c000465e                elem_find
                0x00000000c0004699                list_traversal
                0x00000000c00046f6                list_len
                0x00000000c000472b                list_empty
 *fill*         0x00000000c0004744        0xc 
 .text          0x00000000c0004750       0x15 build/switch.o
                0x00000000c0004750                switch_to
 .text          0x00000000c0004765       0x9a build/console.o
                0x00000000c0004765                console_init
                0x00000000c0004779                console_acquire
                0x00000000c000478d                console_release
                0x00000000c00047a1                console_put_str
                0x00000000c00047be                console_put_char
                0x00000000c00047e2                console_put_int
 .text          0x00000000c00047ff      0x347 build/sync.o
                0x00000000c00047ff                sema_init
                0x00000000c0004824                lock_init
                0x00000000c0004855                sema_down
                0x00000000c0004969                sema_up
                0x00000000c0004a1f                lock_acquire
                0x00000000c0004a9b                lock_release
 .text          0x00000000c0004b46      0x2cb build/keyboard.o
                0x00000000c0004dd1                keyboard_init
 .text          0x00000000c0004e11      0x309 build/ioqueue.o
                0x00000000c0004e11                ioqueue_init
                0x00000000c0004e68                ioq_full
                0x00000000c0004fa0                ioq_getchar
                0x00000000c000505c                ioq_putchar
 .text          0x00000000c000511a      0x1af build/tss.o
                0x00000000c000511a                update_tss_esp
                0x00000000c000519b                tss_init
 .text          0x00000000c00052c9      0x356 build/process.o
                0x00000000c00052c9                start_process
                0x00000000c00053c0                page_dir_activate
                0x00000000c00053f0                process_activate
                0x00000000c0005442                create_page_dir
                0x00000000c00054b3                create_user_vaddr_bitmap
                0x00000000c00054f5                process_execute
 .text          0x00000000c000561f       0x5a build/syscall_init.o
                0x00000000c000561f                sys_getpid
                0x00000000c0005631                syscall_init
 .text          0x00000000c0005679       0x73 build/syscall.o
                0x00000000c0005679                getpid
                0x00000000c000568e                write
                0x00000000c00056b1                malloc
                0x00000000c00056d0                free
 .text          0x00000000c00056ec      0x2bb build/stdio.o
                0x00000000c0005773                vsprintf
                0x00000000c00058f7                printf
                0x00000000c0005973                sprintf
 .text          0x00000000c00059a7      0xe04 build/ide.o
                0x00000000c0005cc1                ide_read
                0x00000000c0005e4f                ide_write
                0x00000000c00064e1                intr_hd_handler
                0x00000000c00065a2                ide_init
 .text          0x00000000c00067ab       0x62 build/stdio_kernel.o
                0x00000000c00067ab                printk
 .text          0x00000000c000680d     0x19d3 build/fs.o
                0x00000000c0006f79                path_depth_cnt
                0x00000000c00072a3                sys_open
                0x00000000c0007550                sys_close
                0x00000000c00075a5                sys_write
                0x00000000c000768f                sys_read
                0x00000000c0007710                sys_lseek
                0x00000000c00077fb                sys_unlink
                0x00000000c0007a1d                sys_mkdir
                0x00000000c0007e49                sys_opendir
                0x00000000c0007f64                sys_closedir
                0x00000000c0007f8e                sys_readdir
                0x00000000c0007fcb                sys_rewinddir
                0x00000000c0007fda                filesys_init
 .text          0x00000000c00081e0      0x825 build/inode.o
                0x00000000c0008284                inode_sync
                0x00000000c00083f8                inode_open
                0x00000000c0008553                inode_close
                0x00000000c00085c4                inode_delete
                0x00000000c0008729                inode_release
                0x00000000c00089b0                inode_init
 .text          0x00000000c0008a05     0x11db build/file.o
                0x00000000c0008a05                get_free_slot_in_global
                0x00000000c0008a55                pcb_fd_install
                0x00000000c0008abe                inode_bitmap_alloc
                0x00000000c0008b0c                block_bitmap_alloc
                0x00000000c0008b65                bitmap_sync
                0x00000000c0008bf9                file_create
                0x00000000c0008ece                file_open
                0x00000000c0008fd6                file_close
                0x00000000c0009015                file_write
                0x00000000c000981d                file_read
 .text          0x00000000c0009be0      0xe6f build/dir.o
                0x00000000c0009be0                open_root_dir
                0x00000000c0009c0f                dir_open
                0x00000000c0009c4a                dir_close
                0x00000000c0009c75                search_dir_entry
                0x00000000c0009e57                create_dir_entry
                0x00000000c0009ecd                sync_dir_entry
                0x00000000c000a351                delete_dir_entry
                0x00000000c000a83b                dir_read
 *(.gnu.warning)

.fini
 *(SORT(.fini))
                [!provide]                        PROVIDE (__etext, .)
                [!provide]                        PROVIDE (_etext, .)
                [!provide]                        PROVIDE (etext, .)

.rodata         0x00000000c000aa50     0x1f40
 *(.rodata .rodata.* .gnu.linkonce.r.*)
 .rodata        0x00000000c000aa50      0x153 build/main.o
 .rodata        0x00000000c000aba3        0xa build/init.o
 *fill*         0x00000000c000abad        0x3 
 .rodata        0x00000000c000abb0      0x2cd build/interrupt.o
 *fill*         0x00000000c000ae7d        0x3 
 .rodata        0x00000000c000ae80       0x87 build/timer.o
 .rodata        0x00000000c000af07       0x3f build/debug.o
 *fill*         0x00000000c000af46        0x2 
 .rodata        0x00000000c000af48      0x3b0 build/memory.o
 .rodata        0x00000000c000b2f8       0x68 build/bitmap.o
 .rodata        0x00000000c000b360       0xa2 build/string.o
 *fill*         0x00000000c000b402        0x2 
 .rodata        0x00000000c000b404      0x2c8 build/thread.o
 .rodata        0x00000000c000b6cc      0x12f build/sync.o
 .rodata        0x00000000c000b7fb       0x36 build/keyboard.o
 *fill*         0x00000000c000b831        0x3 
 .rodata        0x00000000c000b834       0x9d build/ioqueue.o
 .rodata        0x00000000c000b8d1       0x27 build/tss.o
 .rodata        0x00000000c000b8f8       0xdd build/process.o
 .rodata        0x00000000c000b9d5       0x27 build/syscall_init.o
 .rodata        0x00000000c000b9fc      0x1ec build/ide.o
 .rodata        0x00000000c000bbe8      0x74b build/fs.o
 *fill*         0x00000000c000c333        0x1 
 .rodata        0x00000000c000c334       0xbb build/inode.o
 *fill*         0x00000000c000c3ef        0x1 
 .rodata        0x00000000c000c3f0      0x3fc build/file.o
 .rodata        0x00000000c000c7ec      0x1a4 build/dir.o

.rodata1
 *(.rodata1)

.eh_frame_hdr
 *(.eh_frame_hdr)
 *(.eh_frame_entry .eh_frame_entry.*)

.eh_frame       0x00000000c000c990     0x1820
 *(.eh_frame)
 .eh_frame      0x00000000c000c990       0xa4 build/main.o
 .eh_frame      0x00000000c000ca34       0x20 build/init.o
                                         0x38 (size before relaxing)
 .eh_frame      0x00000000c000ca54      0x188 build/interrupt.o
                                        0x1a0 (size before relaxing)
 .eh_frame      0x00000000c000cbdc       0xcc build/timer.o
                                         0xe4 (size before relaxing)
 .eh_frame      0x00000000c000cca8       0x1c build/debug.o
                                         0x34 (size before relaxing)
 .eh_frame      0x00000000c000ccc4      0x2a0 build/memory.o
                                        0x2b8 (size before relaxing)
 .eh_frame      0x00000000c000cf64       0x8c build/bitmap.o
                                         0xa4 (size before relaxing)
 .eh_frame      0x00000000c000cff0      0x140 build/string.o
                                        0x158 (size before relaxing)
 .eh_frame      0x00000000c000d130      0x19c build/thread.o
                                        0x1b4 (size before relaxing)
 .eh_frame      0x00000000c000d2cc      0x140 build/list.o
                                        0x158 (size before relaxing)
 .eh_frame      0x00000000c000d40c       0xc0 build/console.o
                                         0xd8 (size before relaxing)
 .eh_frame      0x00000000c000d4cc       0xc8 build/sync.o
                                         0xe0 (size before relaxing)
 .eh_frame      0x00000000c000d594       0x60 build/keyboard.o
                                         0x78 (size before relaxing)
 .eh_frame      0x00000000c000d5f4      0x100 build/ioqueue.o
                                        0x118 (size before relaxing)
 .eh_frame      0x00000000c000d6f4       0x64 build/tss.o
                                         0x7c (size before relaxing)
 .eh_frame      0x00000000c000d758       0xc0 build/process.o
                                         0xd8 (size before relaxing)
 .eh_frame      0x00000000c000d818       0x40 build/syscall_init.o
                                         0x58 (size before relaxing)
 .eh_frame      0x00000000c000d858       0x8c build/syscall.o
                                         0xa4 (size before relaxing)
 .eh_frame      0x00000000c000d8e4       0x94 build/stdio.o
                                         0xac (size before relaxing)
 .eh_frame      0x00000000c000d978      0x258 build/ide.o
                                        0x270 (size before relaxing)
 .eh_frame      0x00000000c000dbd0       0x28 build/stdio_kernel.o
                                         0x40 (size before relaxing)
 .eh_frame      0x00000000c000dbf8      0x268 build/fs.o
                                        0x280 (size before relaxing)
 .eh_frame      0x00000000c000de60       0xec build/inode.o
                                        0x104 (size before relaxing)
 .eh_frame      0x00000000c000df4c      0x140 build/file.o
                                        0x158 (size before relaxing)
 .eh_frame      0x00000000c000e08c      0x124 build/dir.o
                                        0x13c (size before relaxing)
 *(.eh_frame.*)

.gcc_except_table
 *(.gcc_except_table .gcc_except_table.*)

.gnu_extab
 *(.gnu_extab*)

.exception_ranges
 *(.exception_ranges .exception_ranges*)
                0x00000000c0010000                . = DATA_SEGMENT_ALIGN (0x1000, 0x1000)

.eh_frame
 *(.eh_frame)
 *(.eh_frame.*)

.gnu_extab
 *(.gnu_extab)

.gcc_except_table
 *(.gcc_except_table .gcc_except_table.*)

.exception_ranges
 *(.exception_ranges .exception_ranges*)

.tdata
 *(.tdata .tdata.* .gnu.linkonce.td.*)

.tbss
 *(.tbss .tbss.* .gnu.linkonce.tb.*)
 *(.tcommon)

.preinit_array  0x00000000c0010000        0x0
                [!provide]                        PROVIDE (__preinit_array_start, .)
 *(.preinit_array)
                [!provide]                        PROVIDE (__preinit_array_end, .)

.init_array     0x00000000c0010000        0x0
                [!provide]                        PROVIDE (__init_array_start, .)
 *(SORT(.init_array.*) SORT(.ctors.*))
 *(.init_array EXCLUDE_FILE(*crtend?.o *crtend.o *crtbegin?.o *crtbegin.o) .ctors)
                [!provide]                        PROVIDE (__init_array_end, .)

.fini_array     0x00000000c0010000        0x0
                [!provide]                        PROVIDE (__fini_array_start, .)
 *(SORT(.fini_array.*) SORT(.dtors.*))
 *(.fini_array EXCLUDE_FILE(*crtend?.o *crtend.o *crtbegin?.o *crtbegin.o) .dtors)
                [!provide]                        PROVIDE (__fini_array_end, .)

.ctors
 *crtbegin.o(.ctors)
 *crtbegin?.o(.ctors)
 *(EXCLUDE_FILE(*crtend?.o *crtend.o) .ctors)
 *(SORT(.ctors.*))
 *(.ctors)

.dtors
 *crtbegin.o(.dtors)
 *crtbegin?.o(.dtors)
 *(EXCLUDE_FILE(*crtend?.o *crtend.o) .dtors)
 *(SORT(.dtors.*))
 *(.dtors)

.jcr
 *(.jcr)

.data.rel.ro
 *(.data.rel.ro.local* .gnu.linkonce.d.rel.ro.local.*)
 *(.data.rel.ro .data.rel.ro.* .gnu.linkonce.d.rel.ro.*)

.dynamic
 *(.dynamic)

.got
 *(.got)
 *(.igot)
                0x00000000c0010000                . = DATA_SEGMENT_RELRO_END (., (SIZEOF (.got.plt) >= 0xc)?0xc:0x0)

.got.plt        0x00000000c0010000        0x0
 *(.got.plt)
 *(.igot.plt)

.data           0x00000000c0010000      0x156
 *(.data .data.* .gnu.linkonce.d.*)
 .data          0x00000000c0010000        0x0 build/main.o
 .data          0x00000000c0010000        0x0 build/init.o
 .data          0x00000000c0010000        0x0 build/interrupt.o
 .data          0x00000000c0010000        0x0 build/timer.o
 .data          0x00000000c0010000       0xd2 build/kernel.o
                0x00000000c0010012                intr_entry_table
 *fill*         0x00000000c00100d2        0x2 
 .data          0x00000000c00100d4        0x8 build/print.o
 .data          0x00000000c00100dc        0x0 build/debug.o
 .data          0x00000000c00100dc        0x0 build/memory.o
 .data          0x00000000c00100dc        0x0 build/bitmap.o
 .data          0x00000000c00100dc        0x0 build/string.o
 .data          0x00000000c00100dc        0x0 build/thread.o
 .data          0x00000000c00100dc        0x0 build/list.o
 .data          0x00000000c00100dc        0x0 build/console.o
 .data          0x00000000c00100dc        0x0 build/sync.o
 *fill*         0x00000000c00100dc        0x4 
 .data          0x00000000c00100e0       0x76 build/keyboard.o
 .data          0x00000000c0010156        0x0 build/ioqueue.o
 .data          0x00000000c0010156        0x0 build/tss.o
 .data          0x00000000c0010156        0x0 build/process.o
 .data          0x00000000c0010156        0x0 build/syscall_init.o
 .data          0x00000000c0010156        0x0 build/syscall.o
 .data          0x00000000c0010156        0x0 build/stdio.o
 .data          0x00000000c0010156        0x0 build/ide.o
 .data          0x00000000c0010156        0x0 build/stdio_kernel.o
 .data          0x00000000c0010156        0x0 build/fs.o
 .data          0x00000000c0010156        0x0 build/inode.o
 .data          0x00000000c0010156        0x0 build/file.o
 .data          0x00000000c0010156        0x0 build/dir.o

.data1
 *(.data1)
                0x00000000c0010156                _edata = .
                [!provide]                        PROVIDE (edata, .)
                0x00000000c0010156                . = .
                0x00000000c0010156                __bss_start = .

.bss            0x00000000c0010160     0x1c28
 *(.dynbss)
 *(.bss .bss.* .gnu.linkonce.b.*)
 .bss           0x00000000c0010160        0x8 build/main.o
                0x00000000c0010160                prog_a_pid
                0x00000000c0010164                prog_b_pid
 .bss           0x00000000c0010168        0x0 build/init.o
 *fill*         0x00000000c0010168       0x18 
 .bss           0x00000000c0010180      0x408 build/interrupt.o
 .bss           0x00000000c0010588        0x0 build/timer.o
 .bss           0x00000000c0010588        0x0 build/debug.o
 .bss           0x00000000c0010588        0x0 build/memory.o
 .bss           0x00000000c0010588        0x0 build/bitmap.o
 .bss           0x00000000c0010588        0x0 build/string.o
 .bss           0x00000000c0010588        0x6 build/thread.o
 .bss           0x00000000c001058e        0x0 build/list.o
 *fill*         0x00000000c001058e        0x2 
 .bss           0x00000000c0010590       0x1c build/console.o
 .bss           0x00000000c00105ac        0x0 build/sync.o
 .bss           0x00000000c00105ac       0x14 build/keyboard.o
 .bss           0x00000000c00105c0        0x0 build/ioqueue.o
 .bss           0x00000000c00105c0       0x6c build/tss.o
 .bss           0x00000000c001062c        0x0 build/process.o
 .bss           0x00000000c001062c        0x0 build/syscall_init.o
 .bss           0x00000000c001062c        0x0 build/syscall.o
 .bss           0x00000000c001062c        0x0 build/stdio.o
 .bss           0x00000000c001062c        0x6 build/ide.o
                0x00000000c001062c                ext_lba_base
                0x00000000c0010630                p_no
                0x00000000c0010631                l_no
 .bss           0x00000000c0010632        0x0 build/stdio_kernel.o
 .bss           0x00000000c0010632        0x0 build/fs.o
 .bss           0x00000000c0010632        0x0 build/inode.o
 .bss           0x00000000c0010632        0x0 build/file.o
 .bss           0x00000000c0010632        0x0 build/dir.o
 *(COMMON)
 *fill*         0x00000000c0010632        0xe 
 COMMON         0x00000000c0010640      0x424 build/interrupt.o
                0x00000000c0010640                intr_name
                0x00000000c0010860                idt_table
 COMMON         0x00000000c0010a64        0x4 build/timer.o
                0x00000000c0010a64                ticks
 *fill*         0x00000000c0010a68       0x18 
 COMMON         0x00000000c0010a80      0x12c build/memory.o
                0x00000000c0010a80                user_pool
                0x00000000c0010ac0                k_block_descs
                0x00000000c0010b68                kernel_vaddr
                0x00000000c0010b80                kernel_pool
 COMMON         0x00000000c0010bac       0x44 build/thread.o
                0x00000000c0010bac                thread_ready_list
                0x00000000c0010bbc                thread_all_list
                0x00000000c0010bcc                idle_thread
                0x00000000c0010bd0                main_thread
                0x00000000c0010bd4                pid_lock
 *fill*         0x00000000c0010bf0       0x10 
 COMMON         0x00000000c0010c00       0x6c build/keyboard.o
                0x00000000c0010c00                kbd_buf
 *fill*         0x00000000c0010c6c       0x14 
 COMMON         0x00000000c0010c80       0x80 build/syscall_init.o
                0x00000000c0010c80                syscall_table
 COMMON         0x00000000c0010d00      0xcf0 build/ide.o
                0x00000000c0010d00                channel_cnt
                0x00000000c0010d20                channels
                0x00000000c00119e0                partition_list
 COMMON         0x00000000c00119f0        0x4 build/fs.o
                0x00000000c00119f0                cur_part
 *fill*         0x00000000c00119f4        0xc 
 COMMON         0x00000000c0011a00      0x180 build/file.o
                0x00000000c0011a00                file_table
 COMMON         0x00000000c0011b80      0x208 build/dir.o
                0x00000000c0011b80                root_dir
                0x00000000c0011d88                . = ALIGN ((. != 0x0)?0x4:0x1)
                0x00000000c0011d88                . = ALIGN (0x4)
                0x00000000c0011d88                . = SEGMENT_START ("ldata-segment", .)
                0x00000000c0011d88                . = ALIGN (0x4)
                0x00000000c0011d88                _end = .
                [!provide]                        PROVIDE (end, .)
                0x00000000c0011d88                . = DATA_SEGMENT_END (.)

.stab
 *(.stab)

.stabstr
 *(.stabstr)

.stab.excl
 *(.stab.excl)

.stab.exclstr
 *(.stab.exclstr)

.stab.index
 *(.stab.index)

.stab.indexstr
 *(.stab.indexstr)

.comment        0x0000000000000000       0x2d
 *(.comment)
 .comment       0x0000000000000000       0x2d build/main.o
                                         0x2e (size before relaxing)
 .comment       0x000000000000002d       0x2e build/init.o
 .comment       0x000000000000002d       0x2e build/interrupt.o
 .comment       0x000000000000002d       0x2e build/timer.o
 .comment       0x000000000000002d       0x2e build/debug.o
 .comment       0x000000000000002d       0x2e build/memory.o
 .comment       0x000000000000002d       0x2e build/bitmap.o
 .comment       0x000000000000002d       0x2e build/string.o
 .comment       0x000000000000002d       0x2e build/thread.o
 .comment       0x000000000000002d       0x2e build/list.o
 .comment       0x000000000000002d       0x2e build/console.o
 .comment       0x000000000000002d       0x2e build/sync.o
 .comment       0x000000000000002d       0x2e build/keyboard.o
 .comment       0x000000000000002d       0x2e build/ioqueue.o
 .comment       0x000000000000002d       0x2e build/tss.o
 .comment       0x000000000000002d       0x2e build/process.o
 .comment       0x000000000000002d       0x2e build/syscall_init.o
 .comment       0x000000000000002d       0x2e build/syscall.o
 .comment       0x000000000000002d       0x2e build/stdio.o
 .comment       0x000000000000002d       0x2e build/ide.o
 .comment       0x000000000000002d       0x2e build/stdio_kernel.o
 .comment       0x000000000000002d       0x2e build/fs.o
 .comment       0x000000000000002d       0x2e build/inode.o
 .comment       0x000000000000002d       0x2e build/file.o
 .comment       0x000000000000002d       0x2e build/dir.o

.debug
 *(.debug)

.line
 *(.line)

.debug_srcinfo
 *(.debug_srcinfo)

.debug_sfnames
 *(.debug_sfnames)

.debug_aranges
 *(.debug_aranges)

.debug_pubnames
 *(.debug_pubnames)

.debug_info
 *(.debug_info .gnu.linkonce.wi.*)

.debug_abbrev
 *(.debug_abbrev)

.debug_line
 *(.debug_line .debug_line.* .debug_line_end)

.debug_frame
 *(.debug_frame)

.debug_str
 *(.debug_str)

.debug_loc
 *(.debug_loc)

.debug_macinfo
 *(.debug_macinfo)

.debug_weaknames
 *(.debug_weaknames)

.debug_funcnames
 *(.debug_funcnames)

.debug_typenames
 *(.debug_typenames)

.debug_varnames
 *(.debug_varnames)

.debug_pubtypes
 *(.debug_pubtypes)

.debug_ranges
 *(.debug_ranges)

.debug_macro
 *(.debug_macro)

.gnu.attributes
 *(.gnu.attributes)

/DISCARD/
 *(.note.GNU-stack)
 *(.gnu_debuglink)
 *(.gnu.lto_*)
OUTPUT(build/kernel.bin elf32-i386)
