
Allocating common symbols
Common symbol       size              file

kbd_buf             0x6c              build/keyboard.o
root_dir            0x208             build/dir.o
thread_ready_list   0x10              build/thread.o
thread_all_list     0x10              build/thread.o
user_pool           0x2c              build/memory.o
channel_cnt         0x1               build/ide.o
cur_part            0x4               build/fs.o
k_block_descs       0xa8              build/memory.o
idle_thread         0x4               build/thread.o
intr_name           0x204             build/interrupt.o
main_thread         0x4               build/thread.o
channels            0xcc0             build/ide.o
ticks               0x4               build/timer.o
kernel_vaddr        0xc               build/memory.o
syscall_table       0x80              build/syscall_init.o
idt_table           0x204             build/interrupt.o
file_table          0x180             build/file.o
partition_list      0x10              build/ide.o
kernel_pool         0x2c              build/memory.o
pid_lock            0x1c              build/thread.o

Discarded input sections

 .note.GNU-stack
                0x0000000000000000        0x0 build/main.o
 .note.GNU-stack
                0x0000000000000000        0x0 build/init.o
 .note.GNU-stack
                0x0000000000000000        0x0 build/interrupt.o
 .note.GNU-stack
                0x0000000000000000        0x0 build/timer.o
 .note.GNU-stack
                0x0000000000000000        0x0 build/debug.o
 .note.GNU-stack
                0x0000000000000000        0x0 build/memory.o
 .note.GNU-stack
                0x0000000000000000        0x0 build/bitmap.o
 .note.GNU-stack
                0x0000000000000000        0x0 build/string.o
 .note.GNU-stack
                0x0000000000000000        0x0 build/thread.o
 .note.GNU-stack
                0x0000000000000000        0x0 build/list.o
 .note.GNU-stack
                0x0000000000000000        0x0 build/console.o
 .note.GNU-stack
                0x0000000000000000        0x0 build/sync.o
 .note.GNU-stack
                0x0000000000000000        0x0 build/keyboard.o
 .note.GNU-stack
                0x0000000000000000        0x0 build/ioqueue.o
 .note.GNU-stack
                0x0000000000000000        0x0 build/tss.o
 .note.GNU-stack
                0x0000000000000000        0x0 build/process.o
 .note.GNU-stack
                0x0000000000000000        0x0 build/syscall_init.o
 .note.GNU-stack
                0x0000000000000000        0x0 build/syscall.o
 .note.GNU-stack
                0x0000000000000000        0x0 build/stdio.o
 .note.GNU-stack
                0x0000000000000000        0x0 build/ide.o
 .note.GNU-stack
                0x0000000000000000        0x0 build/stdio_kernel.o
 .note.GNU-stack
                0x0000000000000000        0x0 build/fs.o
 .note.GNU-stack
                0x0000000000000000        0x0 build/inode.o
 .note.GNU-stack
                0x0000000000000000        0x0 build/file.o
 .note.GNU-stack
                0x0000000000000000        0x0 build/dir.o
 .note.GNU-stack
                0x0000000000000000        0x0 build/fork.o

Memory Configuration

Name             Origin             Length             Attributes
*default*        0x0000000000000000 0xffffffffffffffff

Linker script and memory map

Address of section .text set to 0xc0001500
LOAD build/main.o
LOAD build/init.o
LOAD build/interrupt.o
LOAD build/timer.o
LOAD build/kernel.o
LOAD build/print.o
LOAD build/debug.o
LOAD build/memory.o
LOAD build/bitmap.o
LOAD build/string.o
LOAD build/thread.o
LOAD build/list.o
LOAD build/switch.o
LOAD build/console.o
LOAD build/sync.o
LOAD build/keyboard.o
LOAD build/ioqueue.o
LOAD build/tss.o
LOAD build/process.o
LOAD build/syscall_init.o
LOAD build/syscall.o
LOAD build/stdio.o
LOAD build/ide.o
LOAD build/stdio_kernel.o
LOAD build/fs.o
LOAD build/inode.o
LOAD build/file.o
LOAD build/dir.o
LOAD build/fork.o
                [!provide]                        PROVIDE (__executable_start, 0x8048000)
                0x0000000008048094                . = (0x8048000 + SIZEOF_HEADERS)

.interp
 *(.interp)

.note.gnu.build-id
 *(.note.gnu.build-id)

.hash
 *(.hash)

.gnu.hash
 *(.gnu.hash)

.dynsym
 *(.dynsym)

.dynstr
 *(.dynstr)

.gnu.version
 *(.gnu.version)

.gnu.version_d
 *(.gnu.version_d)

.gnu.version_r
 *(.gnu.version_r)

.rel.dyn        0x0000000008048094        0x0
 *(.rel.init)
 *(.rel.text .rel.text.* .rel.gnu.linkonce.t.*)
 .rel.text      0x0000000008048094        0x0 build/main.o
 *(.rel.fini)
 *(.rel.rodata .rel.rodata.* .rel.gnu.linkonce.r.*)
 *(.rel.data.rel.ro .rel.data.rel.ro.* .rel.gnu.linkonce.d.rel.ro.*)
 *(.rel.data .rel.data.* .rel.gnu.linkonce.d.*)
 *(.rel.tdata .rel.tdata.* .rel.gnu.linkonce.td.*)
 *(.rel.tbss .rel.tbss.* .rel.gnu.linkonce.tb.*)
 *(.rel.ctors)
 *(.rel.dtors)
 *(.rel.got)
 *(.rel.bss .rel.bss.* .rel.gnu.linkonce.b.*)
 *(.rel.ifunc)

.rel.plt        0x0000000008048094        0x0
 *(.rel.plt)
                [!provide]                        PROVIDE (__rel_iplt_start, .)
 *(.rel.iplt)
                [!provide]                        PROVIDE (__rel_iplt_end, .)

.init
 *(SORT(.init))

.plt
 *(.plt)
 *(.iplt)

.plt.got
 *(.plt.got)

.text           0x00000000c0001500     0xa35b
 *(.text.unlikely .text.*_unlikely .text.unlikely.*)
 *(.text.exit .text.exit.*)
 *(.text.startup .text.startup.*)
 *(.text.hot .text.hot.*)
 *(.text .stub .text.* .gnu.linkonce.t.*)
 .text          0x00000000c0001500      0x2a9 build/main.o
                0x00000000c0001500                main
                0x00000000c000151c                init
                0x00000000c000156d                k_thread_a
                0x00000000c00015ff                k_thread_b
                0x00000000c0001691                u_prog_a
                0x00000000c000171d                u_prog_b
 .text          0x00000000c00017a9       0x4b build/init.o
                0x00000000c00017a9                init_all
 .text          0x00000000c00017f4      0x480 build/interrupt.o
                0x00000000c0001b62                register_handler
                0x00000000c0001b7e                idt_init
                0x00000000c0001be0                intr_enable
                0x00000000c0001c09                intr_disable
                0x00000000c0001c32                intr_set_status
                0x00000000c0001c50                intr_get_status
 .text          0x00000000c0001c74      0x209 build/timer.o
                0x00000000c0001dcb                mtime_sleep
                0x00000000c0001e1d                timer_init
 *fill*         0x00000000c0001e7d        0x3 
 .text          0x00000000c0001e80      0x55b build/kernel.o
                0x00000000c0001e80                intr_exit
                0x00000000c00023b7                syscall_handler
 *fill*         0x00000000c00023db        0x5 
 .text          0x00000000c00023e0      0x172 build/print.o
                0x00000000c00023e0                put_str
                0x00000000c00023fe                put_char
                0x00000000c00024cb                put_int
                0x00000000c000252e                set_cursor
 .text          0x00000000c0002552       0xa5 build/debug.o
                0x00000000c0002552                panic_spin
 .text          0x00000000c00025f7     0x11a9 build/memory.o
                0x00000000c00027da                pte_ptr
                0x00000000c000280a                pde_ptr
                0x00000000c0002881                pfree
                0x00000000c0002a3a                malloc_page
                0x00000000c0002b04                mfree_page
                0x00000000c0002ce1                get_kernel_pages
                0x00000000c0002d3d                get_user_pages
                0x00000000c0002d99                get_a_page
                0x00000000c0002f11                get_a_page_without_opvaddrbitmap
                0x00000000c0002f8c                addr_v2p
                0x00000000c00031a1                sys_malloc
                0x00000000c00034d0                sys_free
                0x00000000c00036d1                block_desc_init
                0x00000000c000375f                mem_init
 .text          0x00000000c00037a0      0x266 build/bitmap.o
                0x00000000c00037a0                bitmap_init
                0x00000000c00037c7                bitmap_scan_test
                0x00000000c0003807                bitmap_scan
                0x00000000c000394b                bitmap_set
 .text          0x00000000c0003a06      0x44a build/string.o
                0x00000000c0003a06                memset
                0x00000000c0003a62                memcpy
                0x00000000c0003ace                memcmp
                0x00000000c0003b5f                strcpy
                0x00000000c0003bc1                strlen
                0x00000000c0003c17                strcmp
                0x00000000c0003c9e                strchr
                0x00000000c0003d03                strrchr
                0x00000000c0003d6c                strcat
                0x00000000c0003de3                strchrs
 .text          0x00000000c0003e50      0x746 build/thread.o
                0x00000000c0003e66                running_thread
                0x00000000c0003eca                fork_pid
                0x00000000c0003ed7                thread_create
                0x00000000c0003f44                init_thread
                0x00000000c000404d                thread_start
                0x00000000c00041c8                schedule
                0x00000000c0004318                thread_block
                0x00000000c000437f                thread_unblock
                0x00000000c000448a                thread_yield
                0x00000000c0004510                thread_init
 .text          0x00000000c0004596      0x1e3 build/list.o
                0x00000000c0004596                list_init
                0x00000000c00045c3                list_insert_before
                0x00000000c0004604                list_push
                0x00000000c0004621                list_append
                0x00000000c000463e                list_remove
                0x00000000c0004674                list_pop
                0x00000000c0004693                elem_find
                0x00000000c00046ce                list_traversal
                0x00000000c000472b                list_len
                0x00000000c0004760                list_empty
 *fill*         0x00000000c0004779        0x7 
 .text          0x00000000c0004780       0x15 build/switch.o
                0x00000000c0004780                switch_to
 .text          0x00000000c0004795       0x9a build/console.o
                0x00000000c0004795                console_init
                0x00000000c00047a9                console_acquire
                0x00000000c00047bd                console_release
                0x00000000c00047d1                console_put_str
                0x00000000c00047ee                console_put_char
                0x00000000c0004812                console_put_int
 .text          0x00000000c000482f      0x347 build/sync.o
                0x00000000c000482f                sema_init
                0x00000000c0004854                lock_init
                0x00000000c0004885                sema_down
                0x00000000c0004999                sema_up
                0x00000000c0004a4f                lock_acquire
                0x00000000c0004acb                lock_release
 .text          0x00000000c0004b76      0x2cb build/keyboard.o
                0x00000000c0004e01                keyboard_init
 .text          0x00000000c0004e41      0x309 build/ioqueue.o
                0x00000000c0004e41                ioqueue_init
                0x00000000c0004e98                ioq_full
                0x00000000c0004fd0                ioq_getchar
                0x00000000c000508c                ioq_putchar
 .text          0x00000000c000514a      0x1af build/tss.o
                0x00000000c000514a                update_tss_esp
                0x00000000c00051cb                tss_init
 .text          0x00000000c00052f9      0x356 build/process.o
                0x00000000c00052f9                start_process
                0x00000000c00053f0                page_dir_activate
                0x00000000c0005420                process_activate
                0x00000000c0005472                create_page_dir
                0x00000000c00054e3                create_user_vaddr_bitmap
                0x00000000c0005525                process_execute
 .text          0x00000000c000564f       0x64 build/syscall_init.o
                0x00000000c000564f                sys_getpid
                0x00000000c0005661                syscall_init
 .text          0x00000000c00056b3       0x88 build/syscall.o
                0x00000000c00056b3                getpid
                0x00000000c00056c8                write
                0x00000000c00056eb                malloc
                0x00000000c000570a                free
                0x00000000c0005726                fork
 .text          0x00000000c000573b      0x2bb build/stdio.o
                0x00000000c00057c2                vsprintf
                0x00000000c0005946                printf
                0x00000000c00059c2                sprintf
 .text          0x00000000c00059f6      0xe04 build/ide.o
                0x00000000c0005d10                ide_read
                0x00000000c0005e9e                ide_write
                0x00000000c0006530                intr_hd_handler
                0x00000000c00065f1                ide_init
 .text          0x00000000c00067fa       0x62 build/stdio_kernel.o
                0x00000000c00067fa                printk
 .text          0x00000000c000685c     0x2172 build/fs.o
                0x00000000c0006fc8                path_depth_cnt
                0x00000000c00072f2                sys_open
                0x00000000c000759f                sys_close
                0x00000000c00075f4                sys_write
                0x00000000c00076de                sys_read
                0x00000000c000775f                sys_lseek
                0x00000000c000784a                sys_unlink
                0x00000000c0007a6c                sys_mkdir
                0x00000000c0007e98                sys_opendir
                0x00000000c0007fb3                sys_closedir
                0x00000000c0007fdd                sys_readdir
                0x00000000c000801a                sys_rmdir
                0x00000000c0008142                sys_rewinddir
                0x00000000c00083ef                sys_getcwd
                0x00000000c0008613                sys_chdir
                0x00000000c00086a1                sys_stat
                0x00000000c00087c8                filesys_init
 .text          0x00000000c00089ce      0x825 build/inode.o
                0x00000000c0008a72                inode_sync
                0x00000000c0008be6                inode_open
                0x00000000c0008d41                inode_close
                0x00000000c0008db2                inode_delete
                0x00000000c0008f17                inode_release
                0x00000000c000919e                inode_init
 .text          0x00000000c00091f3     0x11db build/file.o
                0x00000000c00091f3                get_free_slot_in_global
                0x00000000c0009243                pcb_fd_install
                0x00000000c00092ac                inode_bitmap_alloc
                0x00000000c00092fa                block_bitmap_alloc
                0x00000000c0009353                bitmap_sync
                0x00000000c00093e7                file_create
                0x00000000c00096bc                file_open
                0x00000000c00097c4                file_close
                0x00000000c0009803                file_write
                0x00000000c000a00b                file_read
 .text          0x00000000c000a3ce      0xf63 build/dir.o
                0x00000000c000a3ce                open_root_dir
                0x00000000c000a3fd                dir_open
                0x00000000c000a438                dir_close
                0x00000000c000a463                search_dir_entry
                0x00000000c000a645                create_dir_entry
                0x00000000c000a6bb                sync_dir_entry
                0x00000000c000ab3f                delete_dir_entry
                0x00000000c000b029                dir_read
                0x00000000c000b23d                dir_is_empty
                0x00000000c000b268                dir_remove
 .text          0x00000000c000b331      0x52a build/fork.o
                0x00000000c000b723                sys_fork
 *(.gnu.warning)

.fini
 *(SORT(.fini))
                [!provide]                        PROVIDE (__etext, .)
                [!provide]                        PROVIDE (_etext, .)
                [!provide]                        PROVIDE (etext, .)

.rodata         0x00000000c000b85c     0x2202
 *(.rodata .rodata.* .gnu.linkonce.r.*)
 .rodata        0x00000000c000b85c       0xff build/main.o
 .rodata        0x00000000c000b95b        0xa build/init.o
 *fill*         0x00000000c000b965        0x3 
 .rodata        0x00000000c000b968      0x2cd build/interrupt.o
 *fill*         0x00000000c000bc35        0x3 
 .rodata        0x00000000c000bc38       0x87 build/timer.o
 .rodata        0x00000000c000bcbf       0x3f build/debug.o
 *fill*         0x00000000c000bcfe        0x2 
 .rodata        0x00000000c000bd00      0x3b0 build/memory.o
 .rodata        0x00000000c000c0b0       0x68 build/bitmap.o
 .rodata        0x00000000c000c118       0xa2 build/string.o
 *fill*         0x00000000c000c1ba        0x2 
 .rodata        0x00000000c000c1bc      0x2cd build/thread.o
 *fill*         0x00000000c000c489        0x3 
 .rodata        0x00000000c000c48c      0x12f build/sync.o
 .rodata        0x00000000c000c5bb       0x36 build/keyboard.o
 *fill*         0x00000000c000c5f1        0x3 
 .rodata        0x00000000c000c5f4       0x9d build/ioqueue.o
 .rodata        0x00000000c000c691       0x27 build/tss.o
 .rodata        0x00000000c000c6b8       0xdd build/process.o
 .rodata        0x00000000c000c795       0x27 build/syscall_init.o
 .rodata        0x00000000c000c7bc      0x1ec build/ide.o
 .rodata        0x00000000c000c9a8      0x8b8 build/fs.o
 .rodata        0x00000000c000d260       0xbb build/inode.o
 *fill*         0x00000000c000d31b        0x1 
 .rodata        0x00000000c000d31c      0x3fc build/file.o
 .rodata        0x00000000c000d718      0x203 build/dir.o
 *fill*         0x00000000c000d91b        0x1 
 .rodata        0x00000000c000d91c      0x142 build/fork.o

.rodata1
 *(.rodata1)

.eh_frame_hdr
 *(.eh_frame_hdr)
 *(.eh_frame_entry .eh_frame_entry.*)

.eh_frame       0x00000000c000da60     0x1a74
 *(.eh_frame)
 .eh_frame      0x00000000c000da60       0xc0 build/main.o
 .eh_frame      0x00000000c000db20       0x20 build/init.o
                                         0x38 (size before relaxing)
 .eh_frame      0x00000000c000db40      0x188 build/interrupt.o
                                        0x1a0 (size before relaxing)
 .eh_frame      0x00000000c000dcc8       0xcc build/timer.o
                                         0xe4 (size before relaxing)
 .eh_frame      0x00000000c000dd94       0x1c build/debug.o
                                         0x34 (size before relaxing)
 .eh_frame      0x00000000c000ddb0      0x2c0 build/memory.o
                                        0x2d8 (size before relaxing)
 .eh_frame      0x00000000c000e070       0x8c build/bitmap.o
                                         0xa4 (size before relaxing)
 .eh_frame      0x00000000c000e0fc      0x140 build/string.o
                                        0x158 (size before relaxing)
 .eh_frame      0x00000000c000e23c      0x1bc build/thread.o
                                        0x1d4 (size before relaxing)
 .eh_frame      0x00000000c000e3f8      0x140 build/list.o
                                        0x158 (size before relaxing)
 .eh_frame      0x00000000c000e538       0xc0 build/console.o
                                         0xd8 (size before relaxing)
 .eh_frame      0x00000000c000e5f8       0xc8 build/sync.o
                                         0xe0 (size before relaxing)
 .eh_frame      0x00000000c000e6c0       0x60 build/keyboard.o
                                         0x78 (size before relaxing)
 .eh_frame      0x00000000c000e720      0x100 build/ioqueue.o
                                        0x118 (size before relaxing)
 .eh_frame      0x00000000c000e820       0x64 build/tss.o
                                         0x7c (size before relaxing)
 .eh_frame      0x00000000c000e884       0xc0 build/process.o
                                         0xd8 (size before relaxing)
 .eh_frame      0x00000000c000e944       0x40 build/syscall_init.o
                                         0x58 (size before relaxing)
 .eh_frame      0x00000000c000e984       0xac build/syscall.o
                                         0xc4 (size before relaxing)
 .eh_frame      0x00000000c000ea30       0x94 build/stdio.o
                                         0xac (size before relaxing)
 .eh_frame      0x00000000c000eac4      0x258 build/ide.o
                                        0x270 (size before relaxing)
 .eh_frame      0x00000000c000ed1c       0x28 build/stdio_kernel.o
                                         0x40 (size before relaxing)
 .eh_frame      0x00000000c000ed44      0x340 build/fs.o
                                        0x358 (size before relaxing)
 .eh_frame      0x00000000c000f084       0xec build/inode.o
                                        0x104 (size before relaxing)
 .eh_frame      0x00000000c000f170      0x140 build/file.o
                                        0x158 (size before relaxing)
 .eh_frame      0x00000000c000f2b0      0x164 build/dir.o
                                        0x17c (size before relaxing)
 .eh_frame      0x00000000c000f414       0xc0 build/fork.o
                                         0xd8 (size before relaxing)
 *(.eh_frame.*)

.gcc_except_table
 *(.gcc_except_table .gcc_except_table.*)

.gnu_extab
 *(.gnu_extab*)

.exception_ranges
 *(.exception_ranges .exception_ranges*)
                0x00000000c0011000                . = DATA_SEGMENT_ALIGN (0x1000, 0x1000)

.eh_frame
 *(.eh_frame)
 *(.eh_frame.*)

.gnu_extab
 *(.gnu_extab)

.gcc_except_table
 *(.gcc_except_table .gcc_except_table.*)

.exception_ranges
 *(.exception_ranges .exception_ranges*)

.tdata
 *(.tdata .tdata.* .gnu.linkonce.td.*)

.tbss
 *(.tbss .tbss.* .gnu.linkonce.tb.*)
 *(.tcommon)

.preinit_array  0x00000000c0011000        0x0
                [!provide]                        PROVIDE (__preinit_array_start, .)
 *(.preinit_array)
                [!provide]                        PROVIDE (__preinit_array_end, .)

.init_array     0x00000000c0011000        0x0
                [!provide]                        PROVIDE (__init_array_start, .)
 *(SORT(.init_array.*) SORT(.ctors.*))
 *(.init_array EXCLUDE_FILE(*crtend?.o *crtend.o *crtbegin?.o *crtbegin.o) .ctors)
                [!provide]                        PROVIDE (__init_array_end, .)

.fini_array     0x00000000c0011000        0x0
                [!provide]                        PROVIDE (__fini_array_start, .)
 *(SORT(.fini_array.*) SORT(.dtors.*))
 *(.fini_array EXCLUDE_FILE(*crtend?.o *crtend.o *crtbegin?.o *crtbegin.o) .dtors)
                [!provide]                        PROVIDE (__fini_array_end, .)

.ctors
 *crtbegin.o(.ctors)
 *crtbegin?.o(.ctors)
 *(EXCLUDE_FILE(*crtend?.o *crtend.o) .ctors)
 *(SORT(.ctors.*))
 *(.ctors)

.dtors
 *crtbegin.o(.dtors)
 *crtbegin?.o(.dtors)
 *(EXCLUDE_FILE(*crtend?.o *crtend.o) .dtors)
 *(SORT(.dtors.*))
 *(.dtors)

.jcr
 *(.jcr)

.data.rel.ro
 *(.data.rel.ro.local* .gnu.linkonce.d.rel.ro.local.*)
 *(.data.rel.ro .data.rel.ro.* .gnu.linkonce.d.rel.ro.*)

.dynamic
 *(.dynamic)

.got
 *(.got)
 *(.igot)
                0x00000000c0011000                . = DATA_SEGMENT_RELRO_END (., (SIZEOF (.got.plt) >= 0xc)?0xc:0x0)

.got.plt        0x00000000c0011000        0x0
 *(.got.plt)
 *(.igot.plt)

.data           0x00000000c0011000      0x156
 *(.data .data.* .gnu.linkonce.d.*)
 .data          0x00000000c0011000        0x0 build/main.o
 .data          0x00000000c0011000        0x0 build/init.o
 .data          0x00000000c0011000        0x0 build/interrupt.o
 .data          0x00000000c0011000        0x0 build/timer.o
 .data          0x00000000c0011000       0xd2 build/kernel.o
                0x00000000c0011012                intr_entry_table
 *fill*         0x00000000c00110d2        0x2 
 .data          0x00000000c00110d4        0x8 build/print.o
 .data          0x00000000c00110dc        0x0 build/debug.o
 .data          0x00000000c00110dc        0x0 build/memory.o
 .data          0x00000000c00110dc        0x0 build/bitmap.o
 .data          0x00000000c00110dc        0x0 build/string.o
 .data          0x00000000c00110dc        0x0 build/thread.o
 .data          0x00000000c00110dc        0x0 build/list.o
 .data          0x00000000c00110dc        0x0 build/console.o
 .data          0x00000000c00110dc        0x0 build/sync.o
 *fill*         0x00000000c00110dc        0x4 
 .data          0x00000000c00110e0       0x76 build/keyboard.o
 .data          0x00000000c0011156        0x0 build/ioqueue.o
 .data          0x00000000c0011156        0x0 build/tss.o
 .data          0x00000000c0011156        0x0 build/process.o
 .data          0x00000000c0011156        0x0 build/syscall_init.o
 .data          0x00000000c0011156        0x0 build/syscall.o
 .data          0x00000000c0011156        0x0 build/stdio.o
 .data          0x00000000c0011156        0x0 build/ide.o
 .data          0x00000000c0011156        0x0 build/stdio_kernel.o
 .data          0x00000000c0011156        0x0 build/fs.o
 .data          0x00000000c0011156        0x0 build/inode.o
 .data          0x00000000c0011156        0x0 build/file.o
 .data          0x00000000c0011156        0x0 build/dir.o
 .data          0x00000000c0011156        0x0 build/fork.o

.data1
 *(.data1)
                0x00000000c0011156                _edata = .
                [!provide]                        PROVIDE (edata, .)
                0x00000000c0011156                . = .
                0x00000000c0011156                __bss_start = .

.bss            0x00000000c0011160     0x1c28
 *(.dynbss)
 *(.bss .bss.* .gnu.linkonce.b.*)
 .bss           0x00000000c0011160        0x8 build/main.o
                0x00000000c0011160                prog_a_pid
                0x00000000c0011164                prog_b_pid
 .bss           0x00000000c0011168        0x0 build/init.o
 *fill*         0x00000000c0011168       0x18 
 .bss           0x00000000c0011180      0x408 build/interrupt.o
 .bss           0x00000000c0011588        0x0 build/timer.o
 .bss           0x00000000c0011588        0x0 build/debug.o
 .bss           0x00000000c0011588        0x0 build/memory.o
 .bss           0x00000000c0011588        0x0 build/bitmap.o
 .bss           0x00000000c0011588        0x0 build/string.o
 .bss           0x00000000c0011588        0x6 build/thread.o
 .bss           0x00000000c001158e        0x0 build/list.o
 *fill*         0x00000000c001158e        0x2 
 .bss           0x00000000c0011590       0x1c build/console.o
 .bss           0x00000000c00115ac        0x0 build/sync.o
 .bss           0x00000000c00115ac       0x14 build/keyboard.o
 .bss           0x00000000c00115c0        0x0 build/ioqueue.o
 .bss           0x00000000c00115c0       0x6c build/tss.o
 .bss           0x00000000c001162c        0x0 build/process.o
 .bss           0x00000000c001162c        0x0 build/syscall_init.o
 .bss           0x00000000c001162c        0x0 build/syscall.o
 .bss           0x00000000c001162c        0x0 build/stdio.o
 .bss           0x00000000c001162c        0x6 build/ide.o
                0x00000000c001162c                ext_lba_base
                0x00000000c0011630                p_no
                0x00000000c0011631                l_no
 .bss           0x00000000c0011632        0x0 build/stdio_kernel.o
 .bss           0x00000000c0011632        0x0 build/fs.o
 .bss           0x00000000c0011632        0x0 build/inode.o
 .bss           0x00000000c0011632        0x0 build/file.o
 .bss           0x00000000c0011632        0x0 build/dir.o
 .bss           0x00000000c0011632        0x0 build/fork.o
 *(COMMON)
 *fill*         0x00000000c0011632        0xe 
 COMMON         0x00000000c0011640      0x424 build/interrupt.o
                0x00000000c0011640                intr_name
                0x00000000c0011860                idt_table
 COMMON         0x00000000c0011a64        0x4 build/timer.o
                0x00000000c0011a64                ticks
 *fill*         0x00000000c0011a68       0x18 
 COMMON         0x00000000c0011a80      0x12c build/memory.o
                0x00000000c0011a80                user_pool
                0x00000000c0011ac0                k_block_descs
                0x00000000c0011b68                kernel_vaddr
                0x00000000c0011b80                kernel_pool
 COMMON         0x00000000c0011bac       0x44 build/thread.o
                0x00000000c0011bac                thread_ready_list
                0x00000000c0011bbc                thread_all_list
                0x00000000c0011bcc                idle_thread
                0x00000000c0011bd0                main_thread
                0x00000000c0011bd4                pid_lock
 *fill*         0x00000000c0011bf0       0x10 
 COMMON         0x00000000c0011c00       0x6c build/keyboard.o
                0x00000000c0011c00                kbd_buf
 *fill*         0x00000000c0011c6c       0x14 
 COMMON         0x00000000c0011c80       0x80 build/syscall_init.o
                0x00000000c0011c80                syscall_table
 COMMON         0x00000000c0011d00      0xcf0 build/ide.o
                0x00000000c0011d00                channel_cnt
                0x00000000c0011d20                channels
                0x00000000c00129e0                partition_list
 COMMON         0x00000000c00129f0        0x4 build/fs.o
                0x00000000c00129f0                cur_part
 *fill*         0x00000000c00129f4        0xc 
 COMMON         0x00000000c0012a00      0x180 build/file.o
                0x00000000c0012a00                file_table
 COMMON         0x00000000c0012b80      0x208 build/dir.o
                0x00000000c0012b80                root_dir
                0x00000000c0012d88                . = ALIGN ((. != 0x0)?0x4:0x1)
                0x00000000c0012d88                . = ALIGN (0x4)
                0x00000000c0012d88                . = SEGMENT_START ("ldata-segment", .)
                0x00000000c0012d88                . = ALIGN (0x4)
                0x00000000c0012d88                _end = .
                [!provide]                        PROVIDE (end, .)
                0x00000000c0012d88                . = DATA_SEGMENT_END (.)

.stab
 *(.stab)

.stabstr
 *(.stabstr)

.stab.excl
 *(.stab.excl)

.stab.exclstr
 *(.stab.exclstr)

.stab.index
 *(.stab.index)

.stab.indexstr
 *(.stab.indexstr)

.comment        0x0000000000000000       0x2d
 *(.comment)
 .comment       0x0000000000000000       0x2d build/main.o
                                         0x2e (size before relaxing)
 .comment       0x000000000000002d       0x2e build/init.o
 .comment       0x000000000000002d       0x2e build/interrupt.o
 .comment       0x000000000000002d       0x2e build/timer.o
 .comment       0x000000000000002d       0x2e build/debug.o
 .comment       0x000000000000002d       0x2e build/memory.o
 .comment       0x000000000000002d       0x2e build/bitmap.o
 .comment       0x000000000000002d       0x2e build/string.o
 .comment       0x000000000000002d       0x2e build/thread.o
 .comment       0x000000000000002d       0x2e build/list.o
 .comment       0x000000000000002d       0x2e build/console.o
 .comment       0x000000000000002d       0x2e build/sync.o
 .comment       0x000000000000002d       0x2e build/keyboard.o
 .comment       0x000000000000002d       0x2e build/ioqueue.o
 .comment       0x000000000000002d       0x2e build/tss.o
 .comment       0x000000000000002d       0x2e build/process.o
 .comment       0x000000000000002d       0x2e build/syscall_init.o
 .comment       0x000000000000002d       0x2e build/syscall.o
 .comment       0x000000000000002d       0x2e build/stdio.o
 .comment       0x000000000000002d       0x2e build/ide.o
 .comment       0x000000000000002d       0x2e build/stdio_kernel.o
 .comment       0x000000000000002d       0x2e build/fs.o
 .comment       0x000000000000002d       0x2e build/inode.o
 .comment       0x000000000000002d       0x2e build/file.o
 .comment       0x000000000000002d       0x2e build/dir.o
 .comment       0x000000000000002d       0x2e build/fork.o

.debug
 *(.debug)

.line
 *(.line)

.debug_srcinfo
 *(.debug_srcinfo)

.debug_sfnames
 *(.debug_sfnames)

.debug_aranges
 *(.debug_aranges)

.debug_pubnames
 *(.debug_pubnames)

.debug_info
 *(.debug_info .gnu.linkonce.wi.*)

.debug_abbrev
 *(.debug_abbrev)

.debug_line
 *(.debug_line .debug_line.* .debug_line_end)

.debug_frame
 *(.debug_frame)

.debug_str
 *(.debug_str)

.debug_loc
 *(.debug_loc)

.debug_macinfo
 *(.debug_macinfo)

.debug_weaknames
 *(.debug_weaknames)

.debug_funcnames
 *(.debug_funcnames)

.debug_typenames
 *(.debug_typenames)

.debug_varnames
 *(.debug_varnames)

.debug_pubtypes
 *(.debug_pubtypes)

.debug_ranges
 *(.debug_ranges)

.debug_macro
 *(.debug_macro)

.gnu.attributes
 *(.gnu.attributes)

/DISCARD/
 *(.note.GNU-stack)
 *(.gnu_debuglink)
 *(.gnu.lto_*)
OUTPUT(build/kernel.bin elf32-i386)
