
Allocating common symbols
Common symbol       size              file

kbd_buf             0x6c              build/keyboard.o
thread_ready_list   0x10              build/thread.o
thread_all_list     0x10              build/thread.o
user_pool           0x2c              build/memory.o
intr_name           0x204             build/interrupt.o
main_thread         0x4               build/thread.o
ticks               0x4               build/timer.o
kernel_vaddr        0xc               build/memory.o
syscall_table       0x80              build/syscall_init.o
idt_table           0x204             build/interrupt.o
kernel_pool         0x2c              build/memory.o
pid_lock            0x1c              build/thread.o

Discarded input sections

 .note.GNU-stack
                0x0000000000000000        0x0 build/main.o
 .note.GNU-stack
                0x0000000000000000        0x0 build/init.o
 .note.GNU-stack
                0x0000000000000000        0x0 build/interrupt.o
 .note.GNU-stack
                0x0000000000000000        0x0 build/timer.o
 .note.GNU-stack
                0x0000000000000000        0x0 build/debug.o
 .note.GNU-stack
                0x0000000000000000        0x0 build/memory.o
 .note.GNU-stack
                0x0000000000000000        0x0 build/bitmap.o
 .note.GNU-stack
                0x0000000000000000        0x0 build/string.o
 .note.GNU-stack
                0x0000000000000000        0x0 build/thread.o
 .note.GNU-stack
                0x0000000000000000        0x0 build/list.o
 .note.GNU-stack
                0x0000000000000000        0x0 build/console.o
 .note.GNU-stack
                0x0000000000000000        0x0 build/sync.o
 .note.GNU-stack
                0x0000000000000000        0x0 build/keyboard.o
 .note.GNU-stack
                0x0000000000000000        0x0 build/ioqueue.o
 .note.GNU-stack
                0x0000000000000000        0x0 build/tss.o
 .note.GNU-stack
                0x0000000000000000        0x0 build/process.o
 .note.GNU-stack
                0x0000000000000000        0x0 build/syscall_init.o
 .note.GNU-stack
                0x0000000000000000        0x0 build/syscall.o
 .note.GNU-stack
                0x0000000000000000        0x0 build/stdio.o

Memory Configuration

Name             Origin             Length             Attributes
*default*        0x0000000000000000 0xffffffffffffffff

Linker script and memory map

Address of section .text set to 0xc0001500
LOAD build/main.o
LOAD build/init.o
LOAD build/interrupt.o
LOAD build/timer.o
LOAD build/kernel.o
LOAD build/print.o
LOAD build/debug.o
LOAD build/memory.o
LOAD build/bitmap.o
LOAD build/string.o
LOAD build/thread.o
LOAD build/list.o
LOAD build/switch.o
LOAD build/console.o
LOAD build/sync.o
LOAD build/keyboard.o
LOAD build/ioqueue.o
LOAD build/tss.o
LOAD build/process.o
LOAD build/syscall_init.o
LOAD build/syscall.o
LOAD build/stdio.o
                [!provide]                        PROVIDE (__executable_start, 0x8048000)
                0x0000000008048094                . = (0x8048000 + SIZEOF_HEADERS)

.interp
 *(.interp)

.note.gnu.build-id
 *(.note.gnu.build-id)

.hash
 *(.hash)

.gnu.hash
 *(.gnu.hash)

.dynsym
 *(.dynsym)

.dynstr
 *(.dynstr)

.gnu.version
 *(.gnu.version)

.gnu.version_d
 *(.gnu.version_d)

.gnu.version_r
 *(.gnu.version_r)

.rel.dyn        0x0000000008048094        0x0
 *(.rel.init)
 *(.rel.text .rel.text.* .rel.gnu.linkonce.t.*)
 .rel.text      0x0000000008048094        0x0 build/main.o
 *(.rel.fini)
 *(.rel.rodata .rel.rodata.* .rel.gnu.linkonce.r.*)
 *(.rel.data.rel.ro .rel.data.rel.ro.* .rel.gnu.linkonce.d.rel.ro.*)
 *(.rel.data .rel.data.* .rel.gnu.linkonce.d.*)
 *(.rel.tdata .rel.tdata.* .rel.gnu.linkonce.td.*)
 *(.rel.tbss .rel.tbss.* .rel.gnu.linkonce.tb.*)
 *(.rel.ctors)
 *(.rel.dtors)
 *(.rel.got)
 *(.rel.bss .rel.bss.* .rel.gnu.linkonce.b.*)
 *(.rel.ifunc)

.rel.plt        0x0000000008048094        0x0
 *(.rel.plt)
                [!provide]                        PROVIDE (__rel_iplt_start, .)
 *(.rel.iplt)
                [!provide]                        PROVIDE (__rel_iplt_end, .)

.init
 *(SORT(.init))

.plt
 *(.plt)
 *(.iplt)

.plt.got
 *(.plt.got)

.text           0x00000000c0001500     0x36a4
 *(.text.unlikely .text.*_unlikely .text.unlikely.*)
 *(.text.exit .text.exit.*)
 *(.text.startup .text.startup.*)
 *(.text.hot .text.hot.*)
 *(.text .stub .text.* .gnu.linkonce.t.*)
 .text          0x00000000c0001500      0x16a build/main.o
                0x00000000c0001500                main
                0x00000000c00015b6                k_thread_a
                0x00000000c00015e9                k_thread_b
                0x00000000c000161c                u_prog_a
                0x00000000c0001643                u_prog_b
 .text          0x00000000c000166a       0x3c build/init.o
                0x00000000c000166a                init_all
 .text          0x00000000c00016a6      0x480 build/interrupt.o
                0x00000000c0001a14                register_handler
                0x00000000c0001a30                idt_init
                0x00000000c0001a92                intr_enable
                0x00000000c0001abb                intr_disable
                0x00000000c0001ae4                intr_set_status
                0x00000000c0001b02                intr_get_status
 .text          0x00000000c0001b26      0x190 build/timer.o
                0x00000000c0001c56                timer_init
 *fill*         0x00000000c0001cb6        0xa 
 .text          0x00000000c0001cc0      0x55b build/kernel.o
                0x00000000c0001cc0                intr_exit
                0x00000000c00021f7                syscall_handler
 *fill*         0x00000000c000221b        0x5 
 .text          0x00000000c0002220      0x172 build/print.o
                0x00000000c0002220                put_str
                0x00000000c000223e                put_char
                0x00000000c000230b                put_int
                0x00000000c000236e                set_cursor
 .text          0x00000000c0002392       0xa5 build/debug.o
                0x00000000c0002392                panic_spin
 .text          0x00000000c0002437      0x81d build/memory.o
                0x00000000c0002567                pte_ptr
                0x00000000c0002597                pde_ptr
                0x00000000c0002737                malloc_page
                0x00000000c0002801                get_kernel_pages
                0x00000000c000285d                get_user_pages
                0x00000000c00028b9                get_a_page
                0x00000000c0002a31                addr_v2p
                0x00000000c0002c1f                mem_init
 .text          0x00000000c0002c54      0x266 build/bitmap.o
                0x00000000c0002c54                bitmap_init
                0x00000000c0002c7b                bitmap_scan_test
                0x00000000c0002cbb                bitmap_scan
                0x00000000c0002dff                bitmap_set
 .text          0x00000000c0002eba      0x44a build/string.o
                0x00000000c0002eba                memset
                0x00000000c0002f16                memcpy
                0x00000000c0002f82                memcmp
                0x00000000c0003013                strcpy
                0x00000000c0003075                strlen
                0x00000000c00030cb                strcmp
                0x00000000c0003152                strchr
                0x00000000c00031b7                strrchr
                0x00000000c0003220                strcat
                0x00000000c0003297                strchrs
 .text          0x00000000c0003304      0x5e1 build/thread.o
                0x00000000c0003304                running_thread
                0x00000000c0003368                thread_create
                0x00000000c00033d5                init_thread
                0x00000000c000347c                thread_start
                0x00000000c00035f7                schedule
                0x00000000c000372a                thread_block
                0x00000000c0003791                thread_unblock
                0x00000000c000389c                thread_init
 .text          0x00000000c00038e5      0x1e3 build/list.o
                0x00000000c00038e5                list_init
                0x00000000c0003912                list_insert_before
                0x00000000c0003953                list_push
                0x00000000c0003970                list_append
                0x00000000c000398d                list_remove
                0x00000000c00039c3                list_pop
                0x00000000c00039e2                elem_find
                0x00000000c0003a1d                list_traversal
                0x00000000c0003a7a                list_len
                0x00000000c0003aaf                list_empty
 *fill*         0x00000000c0003ac8        0x8 
 .text          0x00000000c0003ad0       0x15 build/switch.o
                0x00000000c0003ad0                switch_to
 .text          0x00000000c0003ae5       0x9a build/console.o
                0x00000000c0003ae5                console_init
                0x00000000c0003af9                console_acquire
                0x00000000c0003b0d                console_release
                0x00000000c0003b21                console_put_str
                0x00000000c0003b3e                console_put_char
                0x00000000c0003b62                console_put_int
 .text          0x00000000c0003b7f      0x347 build/sync.o
                0x00000000c0003b7f                sema_init
                0x00000000c0003ba4                lock_init
                0x00000000c0003bd5                sema_down
                0x00000000c0003ce9                sema_up
                0x00000000c0003d9f                lock_acquire
                0x00000000c0003e1b                lock_release
 .text          0x00000000c0003ec6      0x2bf build/keyboard.o
                0x00000000c0004151                keyboard_init
 .text          0x00000000c0004185      0x309 build/ioqueue.o
                0x00000000c0004185                ioqueue_init
                0x00000000c00041dc                ioq_full
                0x00000000c0004314                ioq_getchar
                0x00000000c00043d0                ioq_putchar
 .text          0x00000000c000448e      0x1af build/tss.o
                0x00000000c000448e                update_tss_esp
                0x00000000c000450f                tss_init
 .text          0x00000000c000463d      0x348 build/process.o
                0x00000000c000463d                start_process
                0x00000000c0004734                page_dir_activate
                0x00000000c0004764                process_activate
                0x00000000c00047b6                create_page_dir
                0x00000000c0004827                create_user_vaddr_bitmap
                0x00000000c0004869                process_execute
 .text          0x00000000c0004985       0x64 build/syscall_init.o
                0x00000000c0004985                sys_getpid
                0x00000000c0004997                sys_write
                0x00000000c00049b5                syscall_init
 .text          0x00000000c00049e9       0x34 build/syscall.o
                0x00000000c00049e9                getpid
                0x00000000c00049fe                write
 .text          0x00000000c0004a1d      0x187 build/stdio.o
                0x00000000c0004aa4                vsprintf
                0x00000000c0004b42                printf
 *(.gnu.warning)

.fini
 *(SORT(.fini))
                [!provide]                        PROVIDE (__etext, .)
                [!provide]                        PROVIDE (_etext, .)
                [!provide]                        PROVIDE (etext, .)

.rodata         0x00000000c0004ba4      0xce0
 *(.rodata .rodata.* .gnu.linkonce.r.*)
 .rodata        0x00000000c0004ba4       0x95 build/main.o
 .rodata        0x00000000c0004c39        0xa build/init.o
 *fill*         0x00000000c0004c43        0x1 
 .rodata        0x00000000c0004c44      0x2cd build/interrupt.o
 *fill*         0x00000000c0004f11        0x3 
 .rodata        0x00000000c0004f14       0x6b build/timer.o
 .rodata        0x00000000c0004f7f       0x3f build/debug.o
 *fill*         0x00000000c0004fbe        0x2 
 .rodata        0x00000000c0004fc0      0x1ce build/memory.o
 *fill*         0x00000000c000518e        0x2 
 .rodata        0x00000000c0005190       0x68 build/bitmap.o
 .rodata        0x00000000c00051f8       0xa2 build/string.o
 *fill*         0x00000000c000529a        0x2 
 .rodata        0x00000000c000529c      0x2b6 build/thread.o
 *fill*         0x00000000c0005552        0x2 
 .rodata        0x00000000c0005554      0x12f build/sync.o
 .rodata        0x00000000c0005683       0x36 build/keyboard.o
 *fill*         0x00000000c00056b9        0x3 
 .rodata        0x00000000c00056bc       0x9d build/ioqueue.o
 .rodata        0x00000000c0005759       0x27 build/tss.o
 .rodata        0x00000000c0005780       0xdd build/process.o
 .rodata        0x00000000c000585d       0x27 build/syscall_init.o

.rodata1
 *(.rodata1)

.eh_frame_hdr
 *(.eh_frame_hdr)
 *(.eh_frame_entry .eh_frame_entry.*)

.eh_frame       0x00000000c0005884      0xdfc
 *(.eh_frame)
 .eh_frame      0x00000000c0005884       0xa4 build/main.o
 .eh_frame      0x00000000c0005928       0x20 build/init.o
                                         0x38 (size before relaxing)
 .eh_frame      0x00000000c0005948      0x188 build/interrupt.o
                                        0x1a0 (size before relaxing)
 .eh_frame      0x00000000c0005ad0       0x8c build/timer.o
                                         0xa4 (size before relaxing)
 .eh_frame      0x00000000c0005b5c       0x1c build/debug.o
                                         0x34 (size before relaxing)
 .eh_frame      0x00000000c0005b78      0x180 build/memory.o
                                        0x198 (size before relaxing)
 .eh_frame      0x00000000c0005cf8       0x8c build/bitmap.o
                                         0xa4 (size before relaxing)
 .eh_frame      0x00000000c0005d84      0x140 build/string.o
                                        0x158 (size before relaxing)
 .eh_frame      0x00000000c0005ec4      0x160 build/thread.o
                                        0x178 (size before relaxing)
 .eh_frame      0x00000000c0006024      0x140 build/list.o
                                        0x158 (size before relaxing)
 .eh_frame      0x00000000c0006164       0xc0 build/console.o
                                         0xd8 (size before relaxing)
 .eh_frame      0x00000000c0006224       0xc8 build/sync.o
                                         0xe0 (size before relaxing)
 .eh_frame      0x00000000c00062ec       0x60 build/keyboard.o
                                         0x78 (size before relaxing)
 .eh_frame      0x00000000c000634c      0x100 build/ioqueue.o
                                        0x118 (size before relaxing)
 .eh_frame      0x00000000c000644c       0x64 build/tss.o
                                         0x7c (size before relaxing)
 .eh_frame      0x00000000c00064b0       0xc0 build/process.o
                                         0xd8 (size before relaxing)
 .eh_frame      0x00000000c0006570       0x60 build/syscall_init.o
                                         0x78 (size before relaxing)
 .eh_frame      0x00000000c00065d0       0x44 build/syscall.o
                                         0x5c (size before relaxing)
 .eh_frame      0x00000000c0006614       0x6c build/stdio.o
                                         0x84 (size before relaxing)
 *(.eh_frame.*)

.gcc_except_table
 *(.gcc_except_table .gcc_except_table.*)

.gnu_extab
 *(.gnu_extab*)

.exception_ranges
 *(.exception_ranges .exception_ranges*)
                0x00000000c0008000                . = DATA_SEGMENT_ALIGN (0x1000, 0x1000)

.eh_frame
 *(.eh_frame)
 *(.eh_frame.*)

.gnu_extab
 *(.gnu_extab)

.gcc_except_table
 *(.gcc_except_table .gcc_except_table.*)

.exception_ranges
 *(.exception_ranges .exception_ranges*)

.tdata
 *(.tdata .tdata.* .gnu.linkonce.td.*)

.tbss
 *(.tbss .tbss.* .gnu.linkonce.tb.*)
 *(.tcommon)

.preinit_array  0x00000000c0008000        0x0
                [!provide]                        PROVIDE (__preinit_array_start, .)
 *(.preinit_array)
                [!provide]                        PROVIDE (__preinit_array_end, .)

.init_array     0x00000000c0008000        0x0
                [!provide]                        PROVIDE (__init_array_start, .)
 *(SORT(.init_array.*) SORT(.ctors.*))
 *(.init_array EXCLUDE_FILE(*crtend?.o *crtend.o *crtbegin?.o *crtbegin.o) .ctors)
                [!provide]                        PROVIDE (__init_array_end, .)

.fini_array     0x00000000c0008000        0x0
                [!provide]                        PROVIDE (__fini_array_start, .)
 *(SORT(.fini_array.*) SORT(.dtors.*))
 *(.fini_array EXCLUDE_FILE(*crtend?.o *crtend.o *crtbegin?.o *crtbegin.o) .dtors)
                [!provide]                        PROVIDE (__fini_array_end, .)

.ctors
 *crtbegin.o(.ctors)
 *crtbegin?.o(.ctors)
 *(EXCLUDE_FILE(*crtend?.o *crtend.o) .ctors)
 *(SORT(.ctors.*))
 *(.ctors)

.dtors
 *crtbegin.o(.dtors)
 *crtbegin?.o(.dtors)
 *(EXCLUDE_FILE(*crtend?.o *crtend.o) .dtors)
 *(SORT(.dtors.*))
 *(.dtors)

.jcr
 *(.jcr)

.data.rel.ro
 *(.data.rel.ro.local* .gnu.linkonce.d.rel.ro.local.*)
 *(.data.rel.ro .data.rel.ro.* .gnu.linkonce.d.rel.ro.*)

.dynamic
 *(.dynamic)

.got
 *(.got)
 *(.igot)
                0x00000000c0008000                . = DATA_SEGMENT_RELRO_END (., (SIZEOF (.got.plt) >= 0xc)?0xc:0x0)

.got.plt        0x00000000c0008000        0x0
 *(.got.plt)
 *(.igot.plt)

.data           0x00000000c0008000      0x156
 *(.data .data.* .gnu.linkonce.d.*)
 .data          0x00000000c0008000        0x0 build/main.o
 .data          0x00000000c0008000        0x0 build/init.o
 .data          0x00000000c0008000        0x0 build/interrupt.o
 .data          0x00000000c0008000        0x0 build/timer.o
 .data          0x00000000c0008000       0xd2 build/kernel.o
                0x00000000c0008012                intr_entry_table
 *fill*         0x00000000c00080d2        0x2 
 .data          0x00000000c00080d4        0x8 build/print.o
 .data          0x00000000c00080dc        0x0 build/debug.o
 .data          0x00000000c00080dc        0x0 build/memory.o
 .data          0x00000000c00080dc        0x0 build/bitmap.o
 .data          0x00000000c00080dc        0x0 build/string.o
 .data          0x00000000c00080dc        0x0 build/thread.o
 .data          0x00000000c00080dc        0x0 build/list.o
 .data          0x00000000c00080dc        0x0 build/console.o
 .data          0x00000000c00080dc        0x0 build/sync.o
 *fill*         0x00000000c00080dc        0x4 
 .data          0x00000000c00080e0       0x76 build/keyboard.o
 .data          0x00000000c0008156        0x0 build/ioqueue.o
 .data          0x00000000c0008156        0x0 build/tss.o
 .data          0x00000000c0008156        0x0 build/process.o
 .data          0x00000000c0008156        0x0 build/syscall_init.o
 .data          0x00000000c0008156        0x0 build/syscall.o
 .data          0x00000000c0008156        0x0 build/stdio.o

.data1
 *(.data1)
                0x00000000c0008156                _edata = .
                [!provide]                        PROVIDE (edata, .)
                0x00000000c0008156                . = .
                0x00000000c0008156                __bss_start = .

.bss            0x00000000c0008160      0xae0
 *(.dynbss)
 *(.bss .bss.* .gnu.linkonce.b.*)
 .bss           0x00000000c0008160        0x8 build/main.o
                0x00000000c0008160                prog_a_pid
                0x00000000c0008164                prog_b_pid
 .bss           0x00000000c0008168        0x0 build/init.o
 *fill*         0x00000000c0008168       0x18 
 .bss           0x00000000c0008180      0x408 build/interrupt.o
 .bss           0x00000000c0008588        0x0 build/timer.o
 .bss           0x00000000c0008588        0x0 build/debug.o
 .bss           0x00000000c0008588        0x0 build/memory.o
 .bss           0x00000000c0008588        0x0 build/bitmap.o
 .bss           0x00000000c0008588        0x0 build/string.o
 .bss           0x00000000c0008588        0x6 build/thread.o
 .bss           0x00000000c000858e        0x0 build/list.o
 *fill*         0x00000000c000858e        0x2 
 .bss           0x00000000c0008590       0x1c build/console.o
 .bss           0x00000000c00085ac        0x0 build/sync.o
 .bss           0x00000000c00085ac       0x14 build/keyboard.o
 .bss           0x00000000c00085c0        0x0 build/ioqueue.o
 .bss           0x00000000c00085c0       0x6c build/tss.o
 .bss           0x00000000c000862c        0x0 build/process.o
 .bss           0x00000000c000862c        0x0 build/syscall_init.o
 .bss           0x00000000c000862c        0x0 build/syscall.o
 .bss           0x00000000c000862c        0x0 build/stdio.o
 *(COMMON)
 *fill*         0x00000000c000862c       0x14 
 COMMON         0x00000000c0008640      0x424 build/interrupt.o
                0x00000000c0008640                intr_name
                0x00000000c0008860                idt_table
 COMMON         0x00000000c0008a64        0x4 build/timer.o
                0x00000000c0008a64                ticks
 *fill*         0x00000000c0008a68       0x18 
 COMMON         0x00000000c0008a80       0x6c build/memory.o
                0x00000000c0008a80                user_pool
                0x00000000c0008aac                kernel_vaddr
                0x00000000c0008ac0                kernel_pool
 COMMON         0x00000000c0008aec       0x40 build/thread.o
                0x00000000c0008aec                thread_ready_list
                0x00000000c0008afc                thread_all_list
                0x00000000c0008b0c                main_thread
                0x00000000c0008b10                pid_lock
 *fill*         0x00000000c0008b2c       0x14 
 COMMON         0x00000000c0008b40       0x6c build/keyboard.o
                0x00000000c0008b40                kbd_buf
 *fill*         0x00000000c0008bac       0x14 
 COMMON         0x00000000c0008bc0       0x80 build/syscall_init.o
                0x00000000c0008bc0                syscall_table
                0x00000000c0008c40                . = ALIGN ((. != 0x0)?0x4:0x1)
                0x00000000c0008c40                . = ALIGN (0x4)
                0x00000000c0008c40                . = SEGMENT_START ("ldata-segment", .)
                0x00000000c0008c40                . = ALIGN (0x4)
                0x00000000c0008c40                _end = .
                [!provide]                        PROVIDE (end, .)
                0x00000000c0008c40                . = DATA_SEGMENT_END (.)

.stab
 *(.stab)

.stabstr
 *(.stabstr)

.stab.excl
 *(.stab.excl)

.stab.exclstr
 *(.stab.exclstr)

.stab.index
 *(.stab.index)

.stab.indexstr
 *(.stab.indexstr)

.comment        0x0000000000000000       0x2d
 *(.comment)
 .comment       0x0000000000000000       0x2d build/main.o
                                         0x2e (size before relaxing)
 .comment       0x000000000000002d       0x2e build/init.o
 .comment       0x000000000000002d       0x2e build/interrupt.o
 .comment       0x000000000000002d       0x2e build/timer.o
 .comment       0x000000000000002d       0x2e build/debug.o
 .comment       0x000000000000002d       0x2e build/memory.o
 .comment       0x000000000000002d       0x2e build/bitmap.o
 .comment       0x000000000000002d       0x2e build/string.o
 .comment       0x000000000000002d       0x2e build/thread.o
 .comment       0x000000000000002d       0x2e build/list.o
 .comment       0x000000000000002d       0x2e build/console.o
 .comment       0x000000000000002d       0x2e build/sync.o
 .comment       0x000000000000002d       0x2e build/keyboard.o
 .comment       0x000000000000002d       0x2e build/ioqueue.o
 .comment       0x000000000000002d       0x2e build/tss.o
 .comment       0x000000000000002d       0x2e build/process.o
 .comment       0x000000000000002d       0x2e build/syscall_init.o
 .comment       0x000000000000002d       0x2e build/syscall.o
 .comment       0x000000000000002d       0x2e build/stdio.o

.debug
 *(.debug)

.line
 *(.line)

.debug_srcinfo
 *(.debug_srcinfo)

.debug_sfnames
 *(.debug_sfnames)

.debug_aranges
 *(.debug_aranges)

.debug_pubnames
 *(.debug_pubnames)

.debug_info
 *(.debug_info .gnu.linkonce.wi.*)

.debug_abbrev
 *(.debug_abbrev)

.debug_line
 *(.debug_line .debug_line.* .debug_line_end)

.debug_frame
 *(.debug_frame)

.debug_str
 *(.debug_str)

.debug_loc
 *(.debug_loc)

.debug_macinfo
 *(.debug_macinfo)

.debug_weaknames
 *(.debug_weaknames)

.debug_funcnames
 *(.debug_funcnames)

.debug_typenames
 *(.debug_typenames)

.debug_varnames
 *(.debug_varnames)

.debug_pubtypes
 *(.debug_pubtypes)

.debug_ranges
 *(.debug_ranges)

.debug_macro
 *(.debug_macro)

.gnu.attributes
 *(.gnu.attributes)

/DISCARD/
 *(.note.GNU-stack)
 *(.gnu_debuglink)
 *(.gnu.lto_*)
OUTPUT(build/kernel.bin elf32-i386)
