
Allocating common symbols
Common symbol       size              file

thread_ready_list   0x10              build/thread.o
thread_all_list     0x10              build/thread.o
user_pool           0x10              build/memory.o
intr_name           0x84              build/interrupt.o
main_thread         0x4               build/thread.o
ticks               0x4               build/timer.o
kernel_vaddr        0xc               build/memory.o
idt_table           0x84              build/interrupt.o
kernel_pool         0x10              build/memory.o

Discarded input sections

 .note.GNU-stack
                0x0000000000000000        0x0 build/main.o
 .note.GNU-stack
                0x0000000000000000        0x0 build/init.o
 .note.GNU-stack
                0x0000000000000000        0x0 build/interrupt.o
 .note.GNU-stack
                0x0000000000000000        0x0 build/timer.o
 .note.GNU-stack
                0x0000000000000000        0x0 build/debug.o
 .note.GNU-stack
                0x0000000000000000        0x0 build/memory.o
 .note.GNU-stack
                0x0000000000000000        0x0 build/bitmap.o
 .note.GNU-stack
                0x0000000000000000        0x0 build/string.o
 .note.GNU-stack
                0x0000000000000000        0x0 build/thread.o
 .note.GNU-stack
                0x0000000000000000        0x0 build/list.o

Memory Configuration

Name             Origin             Length             Attributes
*default*        0x0000000000000000 0xffffffffffffffff

Linker script and memory map

Address of section .text set to 0xc0001500
LOAD build/main.o
LOAD build/init.o
LOAD build/interrupt.o
LOAD build/timer.o
LOAD build/kernel.o
LOAD build/print.o
LOAD build/debug.o
LOAD build/memory.o
LOAD build/bitmap.o
LOAD build/string.o
LOAD build/thread.o
LOAD build/list.o
LOAD build/switch.o
                [!provide]                        PROVIDE (__executable_start, 0x8048000)
                0x0000000008048094                . = (0x8048000 + SIZEOF_HEADERS)

.interp
 *(.interp)

.note.gnu.build-id
 *(.note.gnu.build-id)

.hash
 *(.hash)

.gnu.hash
 *(.gnu.hash)

.dynsym
 *(.dynsym)

.dynstr
 *(.dynstr)

.gnu.version
 *(.gnu.version)

.gnu.version_d
 *(.gnu.version_d)

.gnu.version_r
 *(.gnu.version_r)

.rel.dyn        0x0000000008048094        0x0
 *(.rel.init)
 *(.rel.text .rel.text.* .rel.gnu.linkonce.t.*)
 .rel.text      0x0000000008048094        0x0 build/main.o
 *(.rel.fini)
 *(.rel.rodata .rel.rodata.* .rel.gnu.linkonce.r.*)
 *(.rel.data.rel.ro .rel.data.rel.ro.* .rel.gnu.linkonce.d.rel.ro.*)
 *(.rel.data .rel.data.* .rel.gnu.linkonce.d.*)
 *(.rel.tdata .rel.tdata.* .rel.gnu.linkonce.td.*)
 *(.rel.tbss .rel.tbss.* .rel.gnu.linkonce.tb.*)
 *(.rel.ctors)
 *(.rel.dtors)
 *(.rel.got)
 *(.rel.bss .rel.bss.* .rel.gnu.linkonce.b.*)
 *(.rel.ifunc)

.rel.plt        0x0000000008048094        0x0
 *(.rel.plt)
                [!provide]                        PROVIDE (__rel_iplt_start, .)
 *(.rel.iplt)
                [!provide]                        PROVIDE (__rel_iplt_end, .)

.init
 *(SORT(.init))

.plt
 *(.plt)
 *(.iplt)

.plt.got
 *(.plt.got)

.text           0x00000000c0001500     0x1e95
 *(.text.unlikely .text.*_unlikely .text.unlikely.*)
 *(.text.exit .text.exit.*)
 *(.text.startup .text.startup.*)
 *(.text.hot .text.hot.*)
 *(.text .stub .text.* .gnu.linkonce.t.*)
 .text          0x00000000c0001500       0xc5 build/main.o
                0x00000000c0001500                main
                0x00000000c000157f                k_thread_a
                0x00000000c00015a2                k_thread_b
 .text          0x00000000c00015c5       0x28 build/init.o
                0x00000000c00015c5                init_all
 .text          0x00000000c00015ed      0x450 build/interrupt.o
                0x00000000c000192b                register_handler
                0x00000000c0001947                idt_init
                0x00000000c00019a9                intr_enable
                0x00000000c00019d2                intr_disable
                0x00000000c00019fb                intr_set_status
                0x00000000c0001a19                intr_get_status
 .text          0x00000000c0001a3d      0x190 build/timer.o
                0x00000000c0001b6d                timer_init
 *fill*         0x00000000c0001bcd        0x3 
 .text          0x00000000c0001bd0      0x393 build/kernel.o
                0x00000000c0001bd0                intr_exit
 *fill*         0x00000000c0001f63        0xd 
 .text          0x00000000c0001f70      0x172 build/print.o
                0x00000000c0001f70                put_str
                0x00000000c0001f8e                put_char
                0x00000000c000205b                put_int
                0x00000000c00020be                set_cursor
 .text          0x00000000c00020e2       0xa5 build/debug.o
                0x00000000c00020e2                panic_spin
 .text          0x00000000c0002187      0x547 build/memory.o
                0x00000000c0002211                pte_ptr
                0x00000000c0002241                pde_ptr
                0x00000000c00023e1                malloc_page
                0x00000000c00024ab                get_kernel_pages
                0x00000000c0002699                mem_init
 .text          0x00000000c00026ce      0x266 build/bitmap.o
                0x00000000c00026ce                bitmap_init
                0x00000000c00026f5                bitmap_scan_test
                0x00000000c0002735                bitmap_scan
                0x00000000c0002879                bitmap_set
 .text          0x00000000c0002934      0x44a build/string.o
                0x00000000c0002934                memset
                0x00000000c0002990                memcpy
                0x00000000c00029fc                memcmp
                0x00000000c0002a8d                strcpy
                0x00000000c0002aef                strlen
                0x00000000c0002b45                strcmp
                0x00000000c0002bcc                strchr
                0x00000000c0002c31                strrchr
                0x00000000c0002c9a                strcat
                0x00000000c0002d11                strchrs
 .text          0x00000000c0002d7e      0x418 build/thread.o
                0x00000000c0002d7e                running_thread
                0x00000000c0002dab                thread_create
                0x00000000c0002e1b                init_thread
                0x00000000c0002eb6                thread_start
                0x00000000c0003031                schedule
                0x00000000c0003159                thread_init
 .text          0x00000000c0003196      0x1e3 build/list.o
                0x00000000c0003196                list_init
                0x00000000c00031c3                list_insert_before
                0x00000000c0003204                list_push
                0x00000000c0003221                list_append
                0x00000000c000323e                list_remove
                0x00000000c0003274                list_pop
                0x00000000c0003293                elem_find
                0x00000000c00032ce                list_traversal
                0x00000000c000332b                list_len
                0x00000000c0003360                list_empty
 *fill*         0x00000000c0003379        0x7 
 .text          0x00000000c0003380       0x15 build/switch.o
                0x00000000c0003380                switch_to
 *(.gnu.warning)

.fini
 *(SORT(.fini))
                [!provide]                        PROVIDE (__etext, .)
                [!provide]                        PROVIDE (_etext, .)
                [!provide]                        PROVIDE (etext, .)

.rodata         0x00000000c0003398      0x780
 *(.rodata .rodata.* .gnu.linkonce.r.*)
 .rodata        0x00000000c0003398       0x35 build/main.o
 .rodata        0x00000000c00033cd        0xa build/init.o
 *fill*         0x00000000c00033d7        0x1 
 .rodata        0x00000000c00033d8      0x2cd build/interrupt.o
 *fill*         0x00000000c00036a5        0x3 
 .rodata        0x00000000c00036a8       0x6b build/timer.o
 .rodata        0x00000000c0003713       0x3f build/debug.o
 *fill*         0x00000000c0003752        0x2 
 .rodata        0x00000000c0003754      0x139 build/memory.o
 *fill*         0x00000000c000388d        0x3 
 .rodata        0x00000000c0003890       0x68 build/bitmap.o
 .rodata        0x00000000c00038f8       0xa2 build/string.o
 *fill*         0x00000000c000399a        0x2 
 .rodata        0x00000000c000399c      0x17c build/thread.o

.rodata1
 *(.rodata1)

.eh_frame_hdr
 *(.eh_frame_hdr)
 *(.eh_frame_entry .eh_frame_entry.*)

.eh_frame       0x00000000c0003b18      0x7e8
 *(.eh_frame)
 .eh_frame      0x00000000c0003b18       0x6c build/main.o
 .eh_frame      0x00000000c0003b84       0x20 build/init.o
                                         0x38 (size before relaxing)
 .eh_frame      0x00000000c0003ba4      0x188 build/interrupt.o
                                        0x1a0 (size before relaxing)
 .eh_frame      0x00000000c0003d2c       0x8c build/timer.o
                                         0xa4 (size before relaxing)
 .eh_frame      0x00000000c0003db8       0x1c build/debug.o
                                         0x34 (size before relaxing)
 .eh_frame      0x00000000c0003dd4      0x120 build/memory.o
                                        0x138 (size before relaxing)
 .eh_frame      0x00000000c0003ef4       0x8c build/bitmap.o
                                         0xa4 (size before relaxing)
 .eh_frame      0x00000000c0003f80      0x140 build/string.o
                                        0x158 (size before relaxing)
 .eh_frame      0x00000000c00040c0      0x100 build/thread.o
                                        0x118 (size before relaxing)
 .eh_frame      0x00000000c00041c0      0x140 build/list.o
                                        0x158 (size before relaxing)
 *(.eh_frame.*)

.gcc_except_table
 *(.gcc_except_table .gcc_except_table.*)

.gnu_extab
 *(.gnu_extab*)

.exception_ranges
 *(.exception_ranges .exception_ranges*)
                0x00000000c0006000                . = DATA_SEGMENT_ALIGN (0x1000, 0x1000)

.eh_frame
 *(.eh_frame)
 *(.eh_frame.*)

.gnu_extab
 *(.gnu_extab)

.gcc_except_table
 *(.gcc_except_table .gcc_except_table.*)

.exception_ranges
 *(.exception_ranges .exception_ranges*)

.tdata
 *(.tdata .tdata.* .gnu.linkonce.td.*)

.tbss
 *(.tbss .tbss.* .gnu.linkonce.tb.*)
 *(.tcommon)

.preinit_array  0x00000000c0006000        0x0
                [!provide]                        PROVIDE (__preinit_array_start, .)
 *(.preinit_array)
                [!provide]                        PROVIDE (__preinit_array_end, .)

.init_array     0x00000000c0006000        0x0
                [!provide]                        PROVIDE (__init_array_start, .)
 *(SORT(.init_array.*) SORT(.ctors.*))
 *(.init_array EXCLUDE_FILE(*crtend?.o *crtend.o *crtbegin?.o *crtbegin.o) .ctors)
                [!provide]                        PROVIDE (__init_array_end, .)

.fini_array     0x00000000c0006000        0x0
                [!provide]                        PROVIDE (__fini_array_start, .)
 *(SORT(.fini_array.*) SORT(.dtors.*))
 *(.fini_array EXCLUDE_FILE(*crtend?.o *crtend.o *crtbegin?.o *crtbegin.o) .dtors)
                [!provide]                        PROVIDE (__fini_array_end, .)

.ctors
 *crtbegin.o(.ctors)
 *crtbegin?.o(.ctors)
 *(EXCLUDE_FILE(*crtend?.o *crtend.o) .ctors)
 *(SORT(.ctors.*))
 *(.ctors)

.dtors
 *crtbegin.o(.dtors)
 *crtbegin?.o(.dtors)
 *(EXCLUDE_FILE(*crtend?.o *crtend.o) .dtors)
 *(SORT(.dtors.*))
 *(.dtors)

.jcr
 *(.jcr)

.data.rel.ro
 *(.data.rel.ro.local* .gnu.linkonce.d.rel.ro.local.*)
 *(.data.rel.ro .data.rel.ro.* .gnu.linkonce.d.rel.ro.*)

.dynamic
 *(.dynamic)

.got
 *(.got)
 *(.igot)
                0x00000000c0006000                . = DATA_SEGMENT_RELRO_END (., (SIZEOF (.got.plt) >= 0xc)?0xc:0x0)

.got.plt        0x00000000c0006000        0x0
 *(.got.plt)
 *(.igot.plt)

.data           0x00000000c0006000       0xa0
 *(.data .data.* .gnu.linkonce.d.*)
 .data          0x00000000c0006000        0x0 build/main.o
 .data          0x00000000c0006000        0x0 build/init.o
 .data          0x00000000c0006000        0x0 build/interrupt.o
 .data          0x00000000c0006000        0x0 build/timer.o
 .data          0x00000000c0006000       0x96 build/kernel.o
                0x00000000c0006012                intr_entry_table
 *fill*         0x00000000c0006096        0x2 
 .data          0x00000000c0006098        0x8 build/print.o
 .data          0x00000000c00060a0        0x0 build/debug.o
 .data          0x00000000c00060a0        0x0 build/memory.o
 .data          0x00000000c00060a0        0x0 build/bitmap.o
 .data          0x00000000c00060a0        0x0 build/string.o
 .data          0x00000000c00060a0        0x0 build/thread.o
 .data          0x00000000c00060a0        0x0 build/list.o

.data1
 *(.data1)
                0x00000000c00060a0                _edata = .
                [!provide]                        PROVIDE (edata, .)
                0x00000000c00060a0                . = .
                0x00000000c00060a0                __bss_start = .

.bss            0x00000000c00060a0      0x298
 *(.dynbss)
 *(.bss .bss.* .gnu.linkonce.b.*)
 .bss           0x00000000c00060a0        0x0 build/main.o
 .bss           0x00000000c00060a0        0x0 build/init.o
 .bss           0x00000000c00060a0      0x108 build/interrupt.o
 .bss           0x00000000c00061a8        0x0 build/timer.o
 .bss           0x00000000c00061a8        0x0 build/debug.o
 .bss           0x00000000c00061a8        0x0 build/memory.o
 .bss           0x00000000c00061a8        0x0 build/bitmap.o
 .bss           0x00000000c00061a8        0x0 build/string.o
 .bss           0x00000000c00061a8        0x4 build/thread.o
 .bss           0x00000000c00061ac        0x0 build/list.o
 *(COMMON)
 *fill*         0x00000000c00061ac       0x14 
 COMMON         0x00000000c00061c0      0x124 build/interrupt.o
                0x00000000c00061c0                intr_name
                0x00000000c0006260                idt_table
 COMMON         0x00000000c00062e4        0x4 build/timer.o
                0x00000000c00062e4                ticks
 COMMON         0x00000000c00062e8       0x2c build/memory.o
                0x00000000c00062e8                user_pool
                0x00000000c00062f8                kernel_vaddr
                0x00000000c0006304                kernel_pool
 COMMON         0x00000000c0006314       0x24 build/thread.o
                0x00000000c0006314                thread_ready_list
                0x00000000c0006324                thread_all_list
                0x00000000c0006334                main_thread
                0x00000000c0006338                . = ALIGN ((. != 0x0)?0x4:0x1)
                0x00000000c0006338                . = ALIGN (0x4)
                0x00000000c0006338                . = SEGMENT_START ("ldata-segment", .)
                0x00000000c0006338                . = ALIGN (0x4)
                0x00000000c0006338                _end = .
                [!provide]                        PROVIDE (end, .)
                0x00000000c0006338                . = DATA_SEGMENT_END (.)

.stab
 *(.stab)

.stabstr
 *(.stabstr)

.stab.excl
 *(.stab.excl)

.stab.exclstr
 *(.stab.exclstr)

.stab.index
 *(.stab.index)

.stab.indexstr
 *(.stab.indexstr)

.comment        0x0000000000000000       0x2d
 *(.comment)
 .comment       0x0000000000000000       0x2d build/main.o
                                         0x2e (size before relaxing)
 .comment       0x000000000000002d       0x2e build/init.o
 .comment       0x000000000000002d       0x2e build/interrupt.o
 .comment       0x000000000000002d       0x2e build/timer.o
 .comment       0x000000000000002d       0x2e build/debug.o
 .comment       0x000000000000002d       0x2e build/memory.o
 .comment       0x000000000000002d       0x2e build/bitmap.o
 .comment       0x000000000000002d       0x2e build/string.o
 .comment       0x000000000000002d       0x2e build/thread.o
 .comment       0x000000000000002d       0x2e build/list.o

.debug
 *(.debug)

.line
 *(.line)

.debug_srcinfo
 *(.debug_srcinfo)

.debug_sfnames
 *(.debug_sfnames)

.debug_aranges
 *(.debug_aranges)

.debug_pubnames
 *(.debug_pubnames)

.debug_info
 *(.debug_info .gnu.linkonce.wi.*)

.debug_abbrev
 *(.debug_abbrev)

.debug_line
 *(.debug_line .debug_line.* .debug_line_end)

.debug_frame
 *(.debug_frame)

.debug_str
 *(.debug_str)

.debug_loc
 *(.debug_loc)

.debug_macinfo
 *(.debug_macinfo)

.debug_weaknames
 *(.debug_weaknames)

.debug_funcnames
 *(.debug_funcnames)

.debug_typenames
 *(.debug_typenames)

.debug_varnames
 *(.debug_varnames)

.debug_pubtypes
 *(.debug_pubtypes)

.debug_ranges
 *(.debug_ranges)

.debug_macro
 *(.debug_macro)

.gnu.attributes
 *(.gnu.attributes)

/DISCARD/
 *(.note.GNU-stack)
 *(.gnu_debuglink)
 *(.gnu.lto_*)
OUTPUT(build/kernel.bin elf32-i386)
