
Allocating common symbols
Common symbol       size              file

argv                0x40              build/shell.o
kbd_buf             0x6c              build/keyboard.o
root_dir            0x208             build/dir.o
thread_ready_list   0x10              build/thread.o
thread_all_list     0x10              build/thread.o
user_pool           0x2c              build/memory.o
channel_cnt         0x1               build/ide.o
cur_part            0x4               build/fs.o
k_block_descs       0xa8              build/memory.o
idle_thread         0x4               build/thread.o
intr_name           0x204             build/interrupt.o
main_thread         0x4               build/thread.o
channels            0xcc0             build/ide.o
ticks               0x4               build/timer.o
kernel_vaddr        0xc               build/memory.o
syscall_table       0x80              build/syscall_init.o
idt_table           0x204             build/interrupt.o
file_table          0x180             build/file.o
partition_list      0x10              build/ide.o
kernel_pool         0x2c              build/memory.o
pid_lock            0x1c              build/thread.o

Discarded input sections

 .note.GNU-stack
                0x0000000000000000        0x0 build/main.o
 .note.GNU-stack
                0x0000000000000000        0x0 build/init.o
 .note.GNU-stack
                0x0000000000000000        0x0 build/interrupt.o
 .note.GNU-stack
                0x0000000000000000        0x0 build/timer.o
 .note.GNU-stack
                0x0000000000000000        0x0 build/debug.o
 .note.GNU-stack
                0x0000000000000000        0x0 build/memory.o
 .note.GNU-stack
                0x0000000000000000        0x0 build/bitmap.o
 .note.GNU-stack
                0x0000000000000000        0x0 build/string.o
 .note.GNU-stack
                0x0000000000000000        0x0 build/thread.o
 .note.GNU-stack
                0x0000000000000000        0x0 build/list.o
 .note.GNU-stack
                0x0000000000000000        0x0 build/console.o
 .note.GNU-stack
                0x0000000000000000        0x0 build/sync.o
 .note.GNU-stack
                0x0000000000000000        0x0 build/keyboard.o
 .note.GNU-stack
                0x0000000000000000        0x0 build/ioqueue.o
 .note.GNU-stack
                0x0000000000000000        0x0 build/tss.o
 .note.GNU-stack
                0x0000000000000000        0x0 build/process.o
 .note.GNU-stack
                0x0000000000000000        0x0 build/syscall_init.o
 .note.GNU-stack
                0x0000000000000000        0x0 build/syscall.o
 .note.GNU-stack
                0x0000000000000000        0x0 build/stdio.o
 .note.GNU-stack
                0x0000000000000000        0x0 build/ide.o
 .note.GNU-stack
                0x0000000000000000        0x0 build/stdio_kernel.o
 .note.GNU-stack
                0x0000000000000000        0x0 build/fs.o
 .note.GNU-stack
                0x0000000000000000        0x0 build/inode.o
 .note.GNU-stack
                0x0000000000000000        0x0 build/file.o
 .note.GNU-stack
                0x0000000000000000        0x0 build/dir.o
 .note.GNU-stack
                0x0000000000000000        0x0 build/fork.o
 .note.GNU-stack
                0x0000000000000000        0x0 build/shell.o
 .note.GNU-stack
                0x0000000000000000        0x0 build/assert.o
 .note.GNU-stack
                0x0000000000000000        0x0 build/buildin_cmd.o
 .note.GNU-stack
                0x0000000000000000        0x0 build/exec.o

Memory Configuration

Name             Origin             Length             Attributes
*default*        0x0000000000000000 0xffffffffffffffff

Linker script and memory map

Address of section .text set to 0xc0001500
LOAD build/main.o
LOAD build/init.o
LOAD build/interrupt.o
LOAD build/timer.o
LOAD build/kernel.o
LOAD build/print.o
LOAD build/debug.o
LOAD build/memory.o
LOAD build/bitmap.o
LOAD build/string.o
LOAD build/thread.o
LOAD build/list.o
LOAD build/switch.o
LOAD build/console.o
LOAD build/sync.o
LOAD build/keyboard.o
LOAD build/ioqueue.o
LOAD build/tss.o
LOAD build/process.o
LOAD build/syscall_init.o
LOAD build/syscall.o
LOAD build/stdio.o
LOAD build/ide.o
LOAD build/stdio_kernel.o
LOAD build/fs.o
LOAD build/inode.o
LOAD build/file.o
LOAD build/dir.o
LOAD build/fork.o
LOAD build/shell.o
LOAD build/assert.o
LOAD build/buildin_cmd.o
LOAD build/exec.o
                [!provide]                        PROVIDE (__executable_start, 0x8048000)
                0x0000000008048094                . = (0x8048000 + SIZEOF_HEADERS)

.interp
 *(.interp)

.note.gnu.build-id
 *(.note.gnu.build-id)

.hash
 *(.hash)

.gnu.hash
 *(.gnu.hash)

.dynsym
 *(.dynsym)

.dynstr
 *(.dynstr)

.gnu.version
 *(.gnu.version)

.gnu.version_d
 *(.gnu.version_d)

.gnu.version_r
 *(.gnu.version_r)

.rel.dyn        0x0000000008048094        0x0
 *(.rel.init)
 *(.rel.text .rel.text.* .rel.gnu.linkonce.t.*)
 .rel.text      0x0000000008048094        0x0 build/main.o
 *(.rel.fini)
 *(.rel.rodata .rel.rodata.* .rel.gnu.linkonce.r.*)
 *(.rel.data.rel.ro .rel.data.rel.ro.* .rel.gnu.linkonce.d.rel.ro.*)
 *(.rel.data .rel.data.* .rel.gnu.linkonce.d.*)
 *(.rel.tdata .rel.tdata.* .rel.gnu.linkonce.td.*)
 *(.rel.tbss .rel.tbss.* .rel.gnu.linkonce.tb.*)
 *(.rel.ctors)
 *(.rel.dtors)
 *(.rel.got)
 *(.rel.bss .rel.bss.* .rel.gnu.linkonce.b.*)
 *(.rel.ifunc)

.rel.plt        0x0000000008048094        0x0
 *(.rel.plt)
                [!provide]                        PROVIDE (__rel_iplt_start, .)
 *(.rel.iplt)
                [!provide]                        PROVIDE (__rel_iplt_end, .)

.init
 *(SORT(.init))

.plt
 *(.plt)
 *(.iplt)

.plt.got
 *(.plt.got)

.text           0x00000000c0001500     0xbd38
 *(.text.unlikely .text.*_unlikely .text.unlikely.*)
 *(.text.exit .text.exit.*)
 *(.text.startup .text.startup.*)
 *(.text.hot .text.hot.*)
 *(.text .stub .text.* .gnu.linkonce.t.*)
 .text          0x00000000c0001500      0x335 build/main.o
                0x00000000c0001500                main
                0x00000000c00015db                init
                0x00000000c00015f9                k_thread_a
                0x00000000c000168b                k_thread_b
                0x00000000c000171d                u_prog_a
                0x00000000c00017a9                u_prog_b
 .text          0x00000000c0001835       0x4b build/init.o
                0x00000000c0001835                init_all
 .text          0x00000000c0001880      0x480 build/interrupt.o
                0x00000000c0001bee                register_handler
                0x00000000c0001c0a                idt_init
                0x00000000c0001c6c                intr_enable
                0x00000000c0001c95                intr_disable
                0x00000000c0001cbe                intr_set_status
                0x00000000c0001cdc                intr_get_status
 .text          0x00000000c0001d00      0x209 build/timer.o
                0x00000000c0001e57                mtime_sleep
                0x00000000c0001ea9                timer_init
 *fill*         0x00000000c0001f09        0x7 
 .text          0x00000000c0001f10      0x55b build/kernel.o
                0x00000000c0001f10                intr_exit
                0x00000000c0002447                syscall_handler
 *fill*         0x00000000c000246b        0x5 
 .text          0x00000000c0002470      0x1b1 build/print.o
                0x00000000c0002470                put_str
                0x00000000c000248e                put_char
                0x00000000c000255b                cls_screen
                0x00000000c000259a                put_int
                0x00000000c00025fd                set_cursor
 .text          0x00000000c0002621       0xa5 build/debug.o
                0x00000000c0002621                panic_spin
 .text          0x00000000c00026c6     0x11a9 build/memory.o
                0x00000000c00028a9                pte_ptr
                0x00000000c00028d9                pde_ptr
                0x00000000c0002950                pfree
                0x00000000c0002b09                malloc_page
                0x00000000c0002bd3                mfree_page
                0x00000000c0002db0                get_kernel_pages
                0x00000000c0002e0c                get_user_pages
                0x00000000c0002e68                get_a_page
                0x00000000c0002fe0                get_a_page_without_opvaddrbitmap
                0x00000000c000305b                addr_v2p
                0x00000000c0003270                sys_malloc
                0x00000000c000359f                sys_free
                0x00000000c00037a0                block_desc_init
                0x00000000c000382e                mem_init
 .text          0x00000000c000386f      0x266 build/bitmap.o
                0x00000000c000386f                bitmap_init
                0x00000000c0003896                bitmap_scan_test
                0x00000000c00038d6                bitmap_scan
                0x00000000c0003a1a                bitmap_set
 .text          0x00000000c0003ad5      0x442 build/string.o
                0x00000000c0003ad5                memset
                0x00000000c0003b31                memcpy
                0x00000000c0003b9b                memcmp
                0x00000000c0003c2b                strcpy
                0x00000000c0003c8b                strlen
                0x00000000c0003ce1                strcmp
                0x00000000c0003d67                strchr
                0x00000000c0003dcc                strrchr
                0x00000000c0003e35                strcat
                0x00000000c0003eaa                strchrs
 .text          0x00000000c0003f17      0xaf5 build/thread.o
                0x00000000c0003f2d                running_thread
                0x00000000c0003f91                fork_pid
                0x00000000c0003f9e                thread_create
                0x00000000c000400b                init_thread
                0x00000000c0004114                thread_start
                0x00000000c000428f                schedule
                0x00000000c00043df                thread_block
                0x00000000c0004446                thread_unblock
                0x00000000c0004551                thread_yield
                0x00000000c0004939                sys_ps
                0x00000000c0004986                thread_init
 .text          0x00000000c0004a0c      0x1e3 build/list.o
                0x00000000c0004a0c                list_init
                0x00000000c0004a39                list_insert_before
                0x00000000c0004a7a                list_push
                0x00000000c0004a97                list_append
                0x00000000c0004ab4                list_remove
                0x00000000c0004aea                list_pop
                0x00000000c0004b09                elem_find
                0x00000000c0004b44                list_traversal
                0x00000000c0004ba1                list_len
                0x00000000c0004bd6                list_empty
 *fill*         0x00000000c0004bef        0x1 
 .text          0x00000000c0004bf0       0x15 build/switch.o
                0x00000000c0004bf0                switch_to
 .text          0x00000000c0004c05       0x9a build/console.o
                0x00000000c0004c05                console_init
                0x00000000c0004c19                console_acquire
                0x00000000c0004c2d                console_release
                0x00000000c0004c41                console_put_str
                0x00000000c0004c5e                console_put_char
                0x00000000c0004c82                console_put_int
 .text          0x00000000c0004c9f      0x347 build/sync.o
                0x00000000c0004c9f                sema_init
                0x00000000c0004cc4                lock_init
                0x00000000c0004cf5                sema_down
                0x00000000c0004e09                sema_up
                0x00000000c0004ebf                lock_acquire
                0x00000000c0004f3b                lock_release
 .text          0x00000000c0004fe6      0x2de build/keyboard.o
                0x00000000c0005284                keyboard_init
 .text          0x00000000c00052c4      0x309 build/ioqueue.o
                0x00000000c00052c4                ioqueue_init
                0x00000000c000531b                ioq_full
                0x00000000c0005453                ioq_getchar
                0x00000000c000550f                ioq_putchar
 .text          0x00000000c00055cd      0x1af build/tss.o
                0x00000000c00055cd                update_tss_esp
                0x00000000c000564e                tss_init
 .text          0x00000000c000577c      0x356 build/process.o
                0x00000000c000577c                start_process
                0x00000000c0005873                page_dir_activate
                0x00000000c00058a3                process_activate
                0x00000000c00058f5                create_page_dir
                0x00000000c0005966                create_user_vaddr_bitmap
                0x00000000c00059a8                process_execute
 .text          0x00000000c0005ad2      0x118 build/syscall_init.o
                0x00000000c0005ad2                sys_getpid
                0x00000000c0005ae4                syscall_init
 .text          0x00000000c0005bea      0x2bf build/syscall.o
                0x00000000c0005bea                getpid
                0x00000000c0005bff                write
                0x00000000c0005c22                malloc
                0x00000000c0005c41                free
                0x00000000c0005c5d                fork
                0x00000000c0005c72                read
                0x00000000c0005c95                putchar
                0x00000000c0005cb8                clear
                0x00000000c0005cca                getcwd
                0x00000000c0005cec                open
                0x00000000c0005d15                close
                0x00000000c0005d34                lseek
                0x00000000c0005d5e                unlink
                0x00000000c0005d7d                mkdir
                0x00000000c0005d9c                opendir
                0x00000000c0005dbb                closedir
                0x00000000c0005dda                rmdir
                0x00000000c0005df9                readdir
                0x00000000c0005e18                rewinddir
                0x00000000c0005e34                stat
                0x00000000c0005e56                chdir
                0x00000000c0005e75                ps
                0x00000000c0005e87                execv
 .text          0x00000000c0005ea9      0x2bb build/stdio.o
                0x00000000c0005f30                vsprintf
                0x00000000c00060b4                printf
                0x00000000c0006130                sprintf
 .text          0x00000000c0006164      0xe04 build/ide.o
                0x00000000c000647e                ide_read
                0x00000000c000660c                ide_write
                0x00000000c0006c9e                intr_hd_handler
                0x00000000c0006d5f                ide_init
 .text          0x00000000c0006f68       0x62 build/stdio_kernel.o
                0x00000000c0006f68                printk
 .text          0x00000000c0006fca     0x21fc build/fs.o
                0x00000000c00076d8                path_parse
                0x00000000c0007736                path_depth_cnt
                0x00000000c0007a60                sys_open
                0x00000000c0007d0d                sys_close
                0x00000000c0007d62                sys_write
                0x00000000c0007e4c                sys_read
                0x00000000c0007f2f                sys_lseek
                0x00000000c000801a                sys_unlink
                0x00000000c000823c                sys_mkdir
                0x00000000c0008668                sys_opendir
                0x00000000c0008783                sys_closedir
                0x00000000c00087ad                sys_readdir
                0x00000000c00087ea                sys_rmdir
                0x00000000c0008912                sys_rewinddir
                0x00000000c0008bbf                sys_getcwd
                0x00000000c0008dee                sys_chdir
                0x00000000c0008e7c                sys_stat
                0x00000000c0008fa3                sys_putchar
                0x00000000c0008fc0                filesys_init
 .text          0x00000000c00091c6      0x825 build/inode.o
                0x00000000c000926a                inode_sync
                0x00000000c00093de                inode_open
                0x00000000c0009539                inode_close
                0x00000000c00095aa                inode_delete
                0x00000000c000970f                inode_release
                0x00000000c0009996                inode_init
 .text          0x00000000c00099eb     0x11db build/file.o
                0x00000000c00099eb                get_free_slot_in_global
                0x00000000c0009a3b                pcb_fd_install
                0x00000000c0009aa4                inode_bitmap_alloc
                0x00000000c0009af2                block_bitmap_alloc
                0x00000000c0009b4b                bitmap_sync
                0x00000000c0009bdf                file_create
                0x00000000c0009eb4                file_open
                0x00000000c0009fbc                file_close
                0x00000000c0009ffb                file_write
                0x00000000c000a803                file_read
 .text          0x00000000c000abc6      0xf63 build/dir.o
                0x00000000c000abc6                open_root_dir
                0x00000000c000abf5                dir_open
                0x00000000c000ac30                dir_close
                0x00000000c000ac5b                search_dir_entry
                0x00000000c000ae3d                create_dir_entry
                0x00000000c000aeb3                sync_dir_entry
                0x00000000c000b337                delete_dir_entry
                0x00000000c000b821                dir_read
                0x00000000c000ba35                dir_is_empty
                0x00000000c000ba60                dir_remove
 .text          0x00000000c000bb29      0x52a build/fork.o
                0x00000000c000bf1b                sys_fork
 .text          0x00000000c000c053      0x576 build/shell.o
                0x00000000c000c053                print_prompt
                0x00000000c000c28f                my_shell
 .text          0x00000000c000c5c9       0x30 build/assert.o
                0x00000000c000c5c9                user_spin
 .text          0x00000000c000c5f9      0x8ce build/buildin_cmd.o
                0x00000000c000c77d                make_clear_abs_path
                0x00000000c000c840                buildin_pwd
                0x00000000c000c896                buildin_cd
                0x00000000c000c916                buildin_ls
                0x00000000c000ccf0                buildin_ps
                0x00000000c000cd11                buildin_clear
                0x00000000c000cd32                buildin_mkdir
                0x00000000c000cdb9                buildin_rmdir
                0x00000000c000ce40                buildin_rm
 .text          0x00000000c000cec7      0x371 build/exec.o
                0x00000000c000d18a                sys_execv
 *(.gnu.warning)

.fini
 *(SORT(.fini))
                [!provide]                        PROVIDE (__etext, .)
                [!provide]                        PROVIDE (_etext, .)
                [!provide]                        PROVIDE (etext, .)

.rodata         0x00000000c000d238     0x274a
 *(.rodata .rodata.* .gnu.linkonce.r.*)
 .rodata        0x00000000c000d238       0xdb build/main.o
 .rodata        0x00000000c000d313        0xa build/init.o
 *fill*         0x00000000c000d31d        0x3 
 .rodata        0x00000000c000d320      0x2cd build/interrupt.o
 *fill*         0x00000000c000d5ed        0x3 
 .rodata        0x00000000c000d5f0       0x87 build/timer.o
 .rodata        0x00000000c000d677       0x3f build/debug.o
 *fill*         0x00000000c000d6b6        0x2 
 .rodata        0x00000000c000d6b8      0x3b4 build/memory.o
 .rodata        0x00000000c000da6c       0x68 build/bitmap.o
 .rodata        0x00000000c000dad4       0xa2 build/string.o
 *fill*         0x00000000c000db76        0x2 
 .rodata        0x00000000c000db78      0x391 build/thread.o
 *fill*         0x00000000c000df09        0x3 
 .rodata        0x00000000c000df0c      0x12f build/sync.o
 .rodata        0x00000000c000e03b       0x36 build/keyboard.o
 *fill*         0x00000000c000e071        0x3 
 .rodata        0x00000000c000e074       0x9d build/ioqueue.o
 .rodata        0x00000000c000e111       0x27 build/tss.o
 .rodata        0x00000000c000e138       0xdd build/process.o
 .rodata        0x00000000c000e215       0x27 build/syscall_init.o
 .rodata        0x00000000c000e23c      0x1ec build/ide.o
 .rodata        0x00000000c000e428      0x8b8 build/fs.o
 .rodata        0x00000000c000ece0       0xbb build/inode.o
 *fill*         0x00000000c000ed9b        0x1 
 .rodata        0x00000000c000ed9c      0x3fc build/file.o
 .rodata        0x00000000c000f198      0x203 build/dir.o
 *fill*         0x00000000c000f39b        0x1 
 .rodata        0x00000000c000f39c      0x142 build/fork.o
 *fill*         0x00000000c000f4de        0x2 
 .rodata        0x00000000c000f4e0      0x15f build/shell.o
 *fill*         0x00000000c000f63f        0x1 
 .rodata        0x00000000c000f640       0x32 build/assert.o
 *fill*         0x00000000c000f672        0x2 
 .rodata        0x00000000c000f674      0x306 build/buildin_cmd.o
 .rodata        0x00000000c000f97a        0x8 build/exec.o

.rodata1
 *(.rodata1)

.eh_frame_hdr
 *(.eh_frame_hdr)
 *(.eh_frame_entry .eh_frame_entry.*)

.eh_frame       0x00000000c000f984     0x1fc0
 *(.eh_frame)
 .eh_frame      0x00000000c000f984       0xc0 build/main.o
 .eh_frame      0x00000000c000fa44       0x20 build/init.o
                                         0x38 (size before relaxing)
 .eh_frame      0x00000000c000fa64      0x188 build/interrupt.o
                                        0x1a0 (size before relaxing)
 .eh_frame      0x00000000c000fbec       0xcc build/timer.o
                                         0xe4 (size before relaxing)
 .eh_frame      0x00000000c000fcb8       0x1c build/debug.o
                                         0x34 (size before relaxing)
 .eh_frame      0x00000000c000fcd4      0x2c0 build/memory.o
                                        0x2d8 (size before relaxing)
 .eh_frame      0x00000000c000ff94       0x8c build/bitmap.o
                                         0xa4 (size before relaxing)
 .eh_frame      0x00000000c0010020      0x140 build/string.o
                                        0x158 (size before relaxing)
 .eh_frame      0x00000000c0010160      0x21c build/thread.o
                                        0x234 (size before relaxing)
 .eh_frame      0x00000000c001037c      0x140 build/list.o
                                        0x158 (size before relaxing)
 .eh_frame      0x00000000c00104bc       0xc0 build/console.o
                                         0xd8 (size before relaxing)
 .eh_frame      0x00000000c001057c       0xc8 build/sync.o
                                         0xe0 (size before relaxing)
 .eh_frame      0x00000000c0010644       0x60 build/keyboard.o
                                         0x78 (size before relaxing)
 .eh_frame      0x00000000c00106a4      0x100 build/ioqueue.o
                                        0x118 (size before relaxing)
 .eh_frame      0x00000000c00107a4       0x64 build/tss.o
                                         0x7c (size before relaxing)
 .eh_frame      0x00000000c0010808       0xc0 build/process.o
                                         0xd8 (size before relaxing)
 .eh_frame      0x00000000c00108c8       0x40 build/syscall_init.o
                                         0x58 (size before relaxing)
 .eh_frame      0x00000000c0010908      0x32c build/syscall.o
                                        0x344 (size before relaxing)
 .eh_frame      0x00000000c0010c34       0x94 build/stdio.o
                                         0xac (size before relaxing)
 .eh_frame      0x00000000c0010cc8      0x258 build/ide.o
                                        0x270 (size before relaxing)
 .eh_frame      0x00000000c0010f20       0x28 build/stdio_kernel.o
                                         0x40 (size before relaxing)
 .eh_frame      0x00000000c0010f48      0x360 build/fs.o
                                        0x378 (size before relaxing)
 .eh_frame      0x00000000c00112a8       0xec build/inode.o
                                        0x104 (size before relaxing)
 .eh_frame      0x00000000c0011394      0x140 build/file.o
                                        0x158 (size before relaxing)
 .eh_frame      0x00000000c00114d4      0x164 build/dir.o
                                        0x17c (size before relaxing)
 .eh_frame      0x00000000c0011638       0xc0 build/fork.o
                                         0xd8 (size before relaxing)
 .eh_frame      0x00000000c00116f8       0x7c build/shell.o
                                         0x94 (size before relaxing)
 .eh_frame      0x00000000c0011774       0x1c build/assert.o
                                         0x34 (size before relaxing)
 .eh_frame      0x00000000c0011790      0x154 build/buildin_cmd.o
                                        0x16c (size before relaxing)
 .eh_frame      0x00000000c00118e4       0x60 build/exec.o
                                         0x78 (size before relaxing)
 *(.eh_frame.*)

.gcc_except_table
 *(.gcc_except_table .gcc_except_table.*)

.gnu_extab
 *(.gnu_extab*)

.exception_ranges
 *(.exception_ranges .exception_ranges*)
                0x00000000c0013000                . = DATA_SEGMENT_ALIGN (0x1000, 0x1000)

.eh_frame
 *(.eh_frame)
 *(.eh_frame.*)

.gnu_extab
 *(.gnu_extab)

.gcc_except_table
 *(.gcc_except_table .gcc_except_table.*)

.exception_ranges
 *(.exception_ranges .exception_ranges*)

.tdata
 *(.tdata .tdata.* .gnu.linkonce.td.*)

.tbss
 *(.tbss .tbss.* .gnu.linkonce.tb.*)
 *(.tcommon)

.preinit_array  0x00000000c0013000        0x0
                [!provide]                        PROVIDE (__preinit_array_start, .)
 *(.preinit_array)
                [!provide]                        PROVIDE (__preinit_array_end, .)

.init_array     0x00000000c0013000        0x0
                [!provide]                        PROVIDE (__init_array_start, .)
 *(SORT(.init_array.*) SORT(.ctors.*))
 *(.init_array EXCLUDE_FILE(*crtend?.o *crtend.o *crtbegin?.o *crtbegin.o) .ctors)
                [!provide]                        PROVIDE (__init_array_end, .)

.fini_array     0x00000000c0013000        0x0
                [!provide]                        PROVIDE (__fini_array_start, .)
 *(SORT(.fini_array.*) SORT(.dtors.*))
 *(.fini_array EXCLUDE_FILE(*crtend?.o *crtend.o *crtbegin?.o *crtbegin.o) .dtors)
                [!provide]                        PROVIDE (__fini_array_end, .)

.ctors
 *crtbegin.o(.ctors)
 *crtbegin?.o(.ctors)
 *(EXCLUDE_FILE(*crtend?.o *crtend.o) .ctors)
 *(SORT(.ctors.*))
 *(.ctors)

.dtors
 *crtbegin.o(.dtors)
 *crtbegin?.o(.dtors)
 *(EXCLUDE_FILE(*crtend?.o *crtend.o) .dtors)
 *(SORT(.dtors.*))
 *(.dtors)

.jcr
 *(.jcr)

.data.rel.ro
 *(.data.rel.ro.local* .gnu.linkonce.d.rel.ro.local.*)
 *(.data.rel.ro .data.rel.ro.* .gnu.linkonce.d.rel.ro.*)

.dynamic
 *(.dynamic)

.got
 *(.got)
 *(.igot)
                0x00000000c0013000                . = DATA_SEGMENT_RELRO_END (., (SIZEOF (.got.plt) >= 0xc)?0xc:0x0)

.got.plt        0x00000000c0013000        0x0
 *(.got.plt)
 *(.igot.plt)

.data           0x00000000c0013000      0x15c
 *(.data .data.* .gnu.linkonce.d.*)
 .data          0x00000000c0013000        0x0 build/main.o
 .data          0x00000000c0013000        0x0 build/init.o
 .data          0x00000000c0013000        0x0 build/interrupt.o
 .data          0x00000000c0013000        0x0 build/timer.o
 .data          0x00000000c0013000       0xd2 build/kernel.o
                0x00000000c0013012                intr_entry_table
 *fill*         0x00000000c00130d2        0x2 
 .data          0x00000000c00130d4        0x8 build/print.o
 .data          0x00000000c00130dc        0x0 build/debug.o
 .data          0x00000000c00130dc        0x0 build/memory.o
 .data          0x00000000c00130dc        0x0 build/bitmap.o
 .data          0x00000000c00130dc        0x0 build/string.o
 .data          0x00000000c00130dc        0x0 build/thread.o
 .data          0x00000000c00130dc        0x0 build/list.o
 .data          0x00000000c00130dc        0x0 build/console.o
 .data          0x00000000c00130dc        0x0 build/sync.o
 *fill*         0x00000000c00130dc        0x4 
 .data          0x00000000c00130e0       0x76 build/keyboard.o
 .data          0x00000000c0013156        0x0 build/ioqueue.o
 .data          0x00000000c0013156        0x0 build/tss.o
 .data          0x00000000c0013156        0x0 build/process.o
 .data          0x00000000c0013156        0x0 build/syscall_init.o
 .data          0x00000000c0013156        0x0 build/syscall.o
 .data          0x00000000c0013156        0x0 build/stdio.o
 .data          0x00000000c0013156        0x0 build/ide.o
 .data          0x00000000c0013156        0x0 build/stdio_kernel.o
 .data          0x00000000c0013156        0x0 build/fs.o
 .data          0x00000000c0013156        0x0 build/inode.o
 .data          0x00000000c0013156        0x0 build/file.o
 .data          0x00000000c0013156        0x0 build/dir.o
 .data          0x00000000c0013156        0x0 build/fork.o
 *fill*         0x00000000c0013156        0x2 
 .data          0x00000000c0013158        0x4 build/shell.o
                0x00000000c0013158                argc
 .data          0x00000000c001315c        0x0 build/assert.o
 .data          0x00000000c001315c        0x0 build/buildin_cmd.o
 .data          0x00000000c001315c        0x0 build/exec.o

.data1
 *(.data1)
                0x00000000c001315c                _edata = .
                [!provide]                        PROVIDE (edata, .)
                0x00000000c001315c                . = .
                0x00000000c001315c                __bss_start = .

.bss            0x00000000c0013160     0x2100
 *(.dynbss)
 *(.bss .bss.* .gnu.linkonce.b.*)
 .bss           0x00000000c0013160        0x8 build/main.o
                0x00000000c0013160                prog_a_pid
                0x00000000c0013164                prog_b_pid
 .bss           0x00000000c0013168        0x0 build/init.o
 *fill*         0x00000000c0013168       0x18 
 .bss           0x00000000c0013180      0x408 build/interrupt.o
 .bss           0x00000000c0013588        0x0 build/timer.o
 .bss           0x00000000c0013588        0x0 build/debug.o
 .bss           0x00000000c0013588        0x0 build/memory.o
 .bss           0x00000000c0013588        0x0 build/bitmap.o
 .bss           0x00000000c0013588        0x0 build/string.o
 .bss           0x00000000c0013588        0x6 build/thread.o
 .bss           0x00000000c001358e        0x0 build/list.o
 *fill*         0x00000000c001358e        0x2 
 .bss           0x00000000c0013590       0x1c build/console.o
 .bss           0x00000000c00135ac        0x0 build/sync.o
 .bss           0x00000000c00135ac       0x14 build/keyboard.o
 .bss           0x00000000c00135c0        0x0 build/ioqueue.o
 .bss           0x00000000c00135c0       0x6c build/tss.o
 .bss           0x00000000c001362c        0x0 build/process.o
 .bss           0x00000000c001362c        0x0 build/syscall_init.o
 .bss           0x00000000c001362c        0x0 build/syscall.o
 .bss           0x00000000c001362c        0x0 build/stdio.o
 .bss           0x00000000c001362c        0x6 build/ide.o
                0x00000000c001362c                ext_lba_base
                0x00000000c0013630                p_no
                0x00000000c0013631                l_no
 .bss           0x00000000c0013632        0x0 build/stdio_kernel.o
 .bss           0x00000000c0013632        0x0 build/fs.o
 .bss           0x00000000c0013632        0x0 build/inode.o
 .bss           0x00000000c0013632        0x0 build/file.o
 .bss           0x00000000c0013632        0x0 build/dir.o
 .bss           0x00000000c0013632        0x0 build/fork.o
 *fill*         0x00000000c0013632        0xe 
 .bss           0x00000000c0013640      0x480 build/shell.o
                0x00000000c0013640                final_path
                0x00000000c0013840                cwd_cache
 .bss           0x00000000c0013ac0        0x0 build/assert.o
 .bss           0x00000000c0013ac0        0x0 build/buildin_cmd.o
 .bss           0x00000000c0013ac0        0x0 build/exec.o
 *(COMMON)
 COMMON         0x00000000c0013ac0      0x424 build/interrupt.o
                0x00000000c0013ac0                intr_name
                0x00000000c0013ce0                idt_table
 COMMON         0x00000000c0013ee4        0x4 build/timer.o
                0x00000000c0013ee4                ticks
 *fill*         0x00000000c0013ee8       0x18 
 COMMON         0x00000000c0013f00      0x12c build/memory.o
                0x00000000c0013f00                user_pool
                0x00000000c0013f40                k_block_descs
                0x00000000c0013fe8                kernel_vaddr
                0x00000000c0014000                kernel_pool
 COMMON         0x00000000c001402c       0x44 build/thread.o
                0x00000000c001402c                thread_ready_list
                0x00000000c001403c                thread_all_list
                0x00000000c001404c                idle_thread
                0x00000000c0014050                main_thread
                0x00000000c0014054                pid_lock
 *fill*         0x00000000c0014070       0x10 
 COMMON         0x00000000c0014080       0x6c build/keyboard.o
                0x00000000c0014080                kbd_buf
 *fill*         0x00000000c00140ec       0x14 
 COMMON         0x00000000c0014100       0x80 build/syscall_init.o
                0x00000000c0014100                syscall_table
 COMMON         0x00000000c0014180      0xcf0 build/ide.o
                0x00000000c0014180                channel_cnt
                0x00000000c00141a0                channels
                0x00000000c0014e60                partition_list
 COMMON         0x00000000c0014e70        0x4 build/fs.o
                0x00000000c0014e70                cur_part
 *fill*         0x00000000c0014e74        0xc 
 COMMON         0x00000000c0014e80      0x180 build/file.o
                0x00000000c0014e80                file_table
 COMMON         0x00000000c0015000      0x208 build/dir.o
                0x00000000c0015000                root_dir
 *fill*         0x00000000c0015208       0x18 
 COMMON         0x00000000c0015220       0x40 build/shell.o
                0x00000000c0015220                argv
                0x00000000c0015260                . = ALIGN ((. != 0x0)?0x4:0x1)
                0x00000000c0015260                . = ALIGN (0x4)
                0x00000000c0015260                . = SEGMENT_START ("ldata-segment", .)
                0x00000000c0015260                . = ALIGN (0x4)
                0x00000000c0015260                _end = .
                [!provide]                        PROVIDE (end, .)
                0x00000000c0015260                . = DATA_SEGMENT_END (.)

.stab
 *(.stab)

.stabstr
 *(.stabstr)

.stab.excl
 *(.stab.excl)

.stab.exclstr
 *(.stab.exclstr)

.stab.index
 *(.stab.index)

.stab.indexstr
 *(.stab.indexstr)

.comment        0x0000000000000000       0x2d
 *(.comment)
 .comment       0x0000000000000000       0x2d build/main.o
                                         0x2e (size before relaxing)
 .comment       0x000000000000002d       0x2e build/init.o
 .comment       0x000000000000002d       0x2e build/interrupt.o
 .comment       0x000000000000002d       0x2e build/timer.o
 .comment       0x000000000000002d       0x2e build/debug.o
 .comment       0x000000000000002d       0x2e build/memory.o
 .comment       0x000000000000002d       0x2e build/bitmap.o
 .comment       0x000000000000002d       0x2e build/string.o
 .comment       0x000000000000002d       0x2e build/thread.o
 .comment       0x000000000000002d       0x2e build/list.o
 .comment       0x000000000000002d       0x2e build/console.o
 .comment       0x000000000000002d       0x2e build/sync.o
 .comment       0x000000000000002d       0x2e build/keyboard.o
 .comment       0x000000000000002d       0x2e build/ioqueue.o
 .comment       0x000000000000002d       0x2e build/tss.o
 .comment       0x000000000000002d       0x2e build/process.o
 .comment       0x000000000000002d       0x2e build/syscall_init.o
 .comment       0x000000000000002d       0x2e build/syscall.o
 .comment       0x000000000000002d       0x2e build/stdio.o
 .comment       0x000000000000002d       0x2e build/ide.o
 .comment       0x000000000000002d       0x2e build/stdio_kernel.o
 .comment       0x000000000000002d       0x2e build/fs.o
 .comment       0x000000000000002d       0x2e build/inode.o
 .comment       0x000000000000002d       0x2e build/file.o
 .comment       0x000000000000002d       0x2e build/dir.o
 .comment       0x000000000000002d       0x2e build/fork.o
 .comment       0x000000000000002d       0x2e build/shell.o
 .comment       0x000000000000002d       0x2e build/assert.o
 .comment       0x000000000000002d       0x2e build/buildin_cmd.o
 .comment       0x000000000000002d       0x2e build/exec.o

.debug
 *(.debug)

.line
 *(.line)

.debug_srcinfo
 *(.debug_srcinfo)

.debug_sfnames
 *(.debug_sfnames)

.debug_aranges
 *(.debug_aranges)

.debug_pubnames
 *(.debug_pubnames)

.debug_info
 *(.debug_info .gnu.linkonce.wi.*)

.debug_abbrev
 *(.debug_abbrev)

.debug_line
 *(.debug_line .debug_line.* .debug_line_end)

.debug_frame
 *(.debug_frame)

.debug_str
 *(.debug_str)

.debug_loc
 *(.debug_loc)

.debug_macinfo
 *(.debug_macinfo)

.debug_weaknames
 *(.debug_weaknames)

.debug_funcnames
 *(.debug_funcnames)

.debug_typenames
 *(.debug_typenames)

.debug_varnames
 *(.debug_varnames)

.debug_pubtypes
 *(.debug_pubtypes)

.debug_ranges
 *(.debug_ranges)

.debug_macro
 *(.debug_macro)

.gnu.attributes
 *(.gnu.attributes)

/DISCARD/
 *(.note.GNU-stack)
 *(.gnu_debuglink)
 *(.gnu.lto_*)
OUTPUT(build/kernel.bin elf32-i386)
