
Allocating common symbols
Common symbol       size              file

kbd_buf             0x6c              build/keyboard.o
thread_ready_list   0x10              build/thread.o
thread_all_list     0x10              build/thread.o
user_pool           0x2c              build/memory.o
intr_name           0xc0              build/interrupt.o
main_thread         0x4               build/thread.o
ticks               0x4               build/timer.o
kernel_vaddr        0xc               build/memory.o
idt_table           0xc0              build/interrupt.o
kernel_pool         0x2c              build/memory.o

Discarded input sections

 .note.GNU-stack
                0x0000000000000000        0x0 build/main.o
 .note.GNU-stack
                0x0000000000000000        0x0 build/init.o
 .note.GNU-stack
                0x0000000000000000        0x0 build/interrupt.o
 .note.GNU-stack
                0x0000000000000000        0x0 build/timer.o
 .note.GNU-stack
                0x0000000000000000        0x0 build/debug.o
 .note.GNU-stack
                0x0000000000000000        0x0 build/memory.o
 .note.GNU-stack
                0x0000000000000000        0x0 build/bitmap.o
 .note.GNU-stack
                0x0000000000000000        0x0 build/string.o
 .note.GNU-stack
                0x0000000000000000        0x0 build/thread.o
 .note.GNU-stack
                0x0000000000000000        0x0 build/list.o
 .note.GNU-stack
                0x0000000000000000        0x0 build/console.o
 .note.GNU-stack
                0x0000000000000000        0x0 build/sync.o
 .note.GNU-stack
                0x0000000000000000        0x0 build/keyboard.o
 .note.GNU-stack
                0x0000000000000000        0x0 build/ioqueue.o
 .note.GNU-stack
                0x0000000000000000        0x0 build/tss.o
 .note.GNU-stack
                0x0000000000000000        0x0 build/process.o

Memory Configuration

Name             Origin             Length             Attributes
*default*        0x0000000000000000 0xffffffffffffffff

Linker script and memory map

Address of section .text set to 0xc0001500
LOAD build/main.o
LOAD build/init.o
LOAD build/interrupt.o
LOAD build/timer.o
LOAD build/kernel.o
LOAD build/print.o
LOAD build/debug.o
LOAD build/memory.o
LOAD build/bitmap.o
LOAD build/string.o
LOAD build/thread.o
LOAD build/list.o
LOAD build/switch.o
LOAD build/console.o
LOAD build/sync.o
LOAD build/keyboard.o
LOAD build/ioqueue.o
LOAD build/tss.o
LOAD build/process.o
                [!provide]                        PROVIDE (__executable_start, 0x8048000)
                0x0000000008048094                . = (0x8048000 + SIZEOF_HEADERS)

.interp
 *(.interp)

.note.gnu.build-id
 *(.note.gnu.build-id)

.hash
 *(.hash)

.gnu.hash
 *(.gnu.hash)

.dynsym
 *(.dynsym)

.dynstr
 *(.dynstr)

.gnu.version
 *(.gnu.version)

.gnu.version_d
 *(.gnu.version_d)

.gnu.version_r
 *(.gnu.version_r)

.rel.dyn        0x0000000008048094        0x0
 *(.rel.init)
 *(.rel.text .rel.text.* .rel.gnu.linkonce.t.*)
 .rel.text      0x0000000008048094        0x0 build/main.o
 *(.rel.fini)
 *(.rel.rodata .rel.rodata.* .rel.gnu.linkonce.r.*)
 *(.rel.data.rel.ro .rel.data.rel.ro.* .rel.gnu.linkonce.d.rel.ro.*)
 *(.rel.data .rel.data.* .rel.gnu.linkonce.d.*)
 *(.rel.tdata .rel.tdata.* .rel.gnu.linkonce.td.*)
 *(.rel.tbss .rel.tbss.* .rel.gnu.linkonce.tb.*)
 *(.rel.ctors)
 *(.rel.dtors)
 *(.rel.got)
 *(.rel.bss .rel.bss.* .rel.gnu.linkonce.b.*)
 *(.rel.ifunc)

.rel.plt        0x0000000008048094        0x0
 *(.rel.plt)
                [!provide]                        PROVIDE (__rel_iplt_start, .)
 *(.rel.iplt)
                [!provide]                        PROVIDE (__rel_iplt_end, .)

.init
 *(SORT(.init))

.plt
 *(.plt)
 *(.iplt)

.plt.got
 *(.plt.got)

.text           0x00000000c0001500     0x3371
 *(.text.unlikely .text.*_unlikely .text.unlikely.*)
 *(.text.exit .text.exit.*)
 *(.text.startup .text.startup.*)
 *(.text.hot .text.hot.*)
 *(.text .stub .text.* .gnu.linkonce.t.*)
 .text          0x00000000c0001500       0xf7 build/main.o
                0x00000000c0001500                main
                0x00000000c0001591                k_thread_a
                0x00000000c00015b2                k_thread_b
                0x00000000c00015d3                u_prog_a
                0x00000000c00015e5                u_prog_b
 .text          0x00000000c00015f7       0x37 build/init.o
                0x00000000c00015f7                init_all
 .text          0x00000000c000162e      0x450 build/interrupt.o
                0x00000000c000196c                register_handler
                0x00000000c0001988                idt_init
                0x00000000c00019ea                intr_enable
                0x00000000c0001a13                intr_disable
                0x00000000c0001a3c                intr_set_status
                0x00000000c0001a5a                intr_get_status
 .text          0x00000000c0001a7e      0x190 build/timer.o
                0x00000000c0001bae                timer_init
 *fill*         0x00000000c0001c0e        0x2 
 .text          0x00000000c0001c10      0x537 build/kernel.o
                0x00000000c0001c10                intr_exit
 *fill*         0x00000000c0002147        0x9 
 .text          0x00000000c0002150      0x172 build/print.o
                0x00000000c0002150                put_str
                0x00000000c000216e                put_char
                0x00000000c000223b                put_int
                0x00000000c000229e                set_cursor
 .text          0x00000000c00022c2       0xa5 build/debug.o
                0x00000000c00022c2                panic_spin
 .text          0x00000000c0002367      0x81d build/memory.o
                0x00000000c0002497                pte_ptr
                0x00000000c00024c7                pde_ptr
                0x00000000c0002667                malloc_page
                0x00000000c0002731                get_kernel_pages
                0x00000000c000278d                get_user_pages
                0x00000000c00027e9                get_a_page
                0x00000000c0002961                addr_v2p
                0x00000000c0002b4f                mem_init
 .text          0x00000000c0002b84      0x266 build/bitmap.o
                0x00000000c0002b84                bitmap_init
                0x00000000c0002bab                bitmap_scan_test
                0x00000000c0002beb                bitmap_scan
                0x00000000c0002d2f                bitmap_set
 .text          0x00000000c0002dea      0x44a build/string.o
                0x00000000c0002dea                memset
                0x00000000c0002e46                memcpy
                0x00000000c0002eb2                memcmp
                0x00000000c0002f43                strcpy
                0x00000000c0002fa5                strlen
                0x00000000c0002ffb                strcmp
                0x00000000c0003082                strchr
                0x00000000c00030e7                strrchr
                0x00000000c0003150                strcat
                0x00000000c00031c7                strchrs
 .text          0x00000000c0003234      0x592 build/thread.o
                0x00000000c0003234                running_thread
                0x00000000c0003261                thread_create
                0x00000000c00032ce                init_thread
                0x00000000c0003369                thread_start
                0x00000000c00034e4                schedule
                0x00000000c0003617                thread_block
                0x00000000c000367e                thread_unblock
                0x00000000c0003789                thread_init
 .text          0x00000000c00037c6      0x1e3 build/list.o
                0x00000000c00037c6                list_init
                0x00000000c00037f3                list_insert_before
                0x00000000c0003834                list_push
                0x00000000c0003851                list_append
                0x00000000c000386e                list_remove
                0x00000000c00038a4                list_pop
                0x00000000c00038c3                elem_find
                0x00000000c00038fe                list_traversal
                0x00000000c000395b                list_len
                0x00000000c0003990                list_empty
 *fill*         0x00000000c00039a9        0x7 
 .text          0x00000000c00039b0       0x15 build/switch.o
                0x00000000c00039b0                switch_to
 .text          0x00000000c00039c5       0x9a build/console.o
                0x00000000c00039c5                console_init
                0x00000000c00039d9                console_acquire
                0x00000000c00039ed                console_release
                0x00000000c0003a01                console_put_str
                0x00000000c0003a1e                console_put_char
                0x00000000c0003a42                console_put_int
 .text          0x00000000c0003a5f      0x347 build/sync.o
                0x00000000c0003a5f                sema_init
                0x00000000c0003a84                lock_init
                0x00000000c0003ab5                sema_down
                0x00000000c0003bc9                sema_up
                0x00000000c0003c7f                lock_acquire
                0x00000000c0003cfb                lock_release
 .text          0x00000000c0003da6      0x2cb build/keyboard.o
                0x00000000c0004031                keyboard_init
 .text          0x00000000c0004071      0x309 build/ioqueue.o
                0x00000000c0004071                ioqueue_init
                0x00000000c00040c8                ioq_full
                0x00000000c0004200                ioq_getchar
                0x00000000c00042bc                ioq_putchar
 .text          0x00000000c000437a      0x1af build/tss.o
                0x00000000c000437a                update_tss_esp
                0x00000000c00043fb                tss_init
 .text          0x00000000c0004529      0x348 build/process.o
                0x00000000c0004529                start_process
                0x00000000c0004620                page_dir_activate
                0x00000000c0004650                process_activate
                0x00000000c00046a2                create_page_dir
                0x00000000c0004713                create_user_vaddr_bitmap
                0x00000000c0004755                process_execute
 *(.gnu.warning)

.fini
 *(SORT(.fini))
                [!provide]                        PROVIDE (__etext, .)
                [!provide]                        PROVIDE (_etext, .)
                [!provide]                        PROVIDE (etext, .)

.rodata         0x00000000c0004874      0xc7d
 *(.rodata .rodata.* .gnu.linkonce.r.*)
 .rodata        0x00000000c0004874       0x57 build/main.o
 .rodata        0x00000000c00048cb        0xa build/init.o
 *fill*         0x00000000c00048d5        0x3 
 .rodata        0x00000000c00048d8      0x2cd build/interrupt.o
 *fill*         0x00000000c0004ba5        0x3 
 .rodata        0x00000000c0004ba8       0x6b build/timer.o
 .rodata        0x00000000c0004c13       0x3f build/debug.o
 *fill*         0x00000000c0004c52        0x2 
 .rodata        0x00000000c0004c54      0x1ce build/memory.o
 *fill*         0x00000000c0004e22        0x2 
 .rodata        0x00000000c0004e24       0x68 build/bitmap.o
 .rodata        0x00000000c0004e8c       0xa2 build/string.o
 *fill*         0x00000000c0004f2e        0x2 
 .rodata        0x00000000c0004f30      0x2b6 build/thread.o
 *fill*         0x00000000c00051e6        0x2 
 .rodata        0x00000000c00051e8      0x12f build/sync.o
 .rodata        0x00000000c0005317       0x36 build/keyboard.o
 *fill*         0x00000000c000534d        0x3 
 .rodata        0x00000000c0005350       0x9d build/ioqueue.o
 .rodata        0x00000000c00053ed       0x27 build/tss.o
 .rodata        0x00000000c0005414       0xdd build/process.o

.rodata1
 *(.rodata1)

.eh_frame_hdr
 *(.eh_frame_hdr)
 *(.eh_frame_entry .eh_frame_entry.*)

.eh_frame       0x00000000c00054f4      0xccc
 *(.eh_frame)
 .eh_frame      0x00000000c00054f4       0xa4 build/main.o
 .eh_frame      0x00000000c0005598       0x20 build/init.o
                                         0x38 (size before relaxing)
 .eh_frame      0x00000000c00055b8      0x188 build/interrupt.o
                                        0x1a0 (size before relaxing)
 .eh_frame      0x00000000c0005740       0x8c build/timer.o
                                         0xa4 (size before relaxing)
 .eh_frame      0x00000000c00057cc       0x1c build/debug.o
                                         0x34 (size before relaxing)
 .eh_frame      0x00000000c00057e8      0x180 build/memory.o
                                        0x198 (size before relaxing)
 .eh_frame      0x00000000c0005968       0x8c build/bitmap.o
                                         0xa4 (size before relaxing)
 .eh_frame      0x00000000c00059f4      0x140 build/string.o
                                        0x158 (size before relaxing)
 .eh_frame      0x00000000c0005b34      0x140 build/thread.o
                                        0x158 (size before relaxing)
 .eh_frame      0x00000000c0005c74      0x140 build/list.o
                                        0x158 (size before relaxing)
 .eh_frame      0x00000000c0005db4       0xc0 build/console.o
                                         0xd8 (size before relaxing)
 .eh_frame      0x00000000c0005e74       0xc8 build/sync.o
                                         0xe0 (size before relaxing)
 .eh_frame      0x00000000c0005f3c       0x60 build/keyboard.o
                                         0x78 (size before relaxing)
 .eh_frame      0x00000000c0005f9c      0x100 build/ioqueue.o
                                        0x118 (size before relaxing)
 .eh_frame      0x00000000c000609c       0x64 build/tss.o
                                         0x7c (size before relaxing)
 .eh_frame      0x00000000c0006100       0xc0 build/process.o
                                         0xd8 (size before relaxing)
 *(.eh_frame.*)

.gcc_except_table
 *(.gcc_except_table .gcc_except_table.*)

.gnu_extab
 *(.gnu_extab*)

.exception_ranges
 *(.exception_ranges .exception_ranges*)
                0x00000000c0008000                . = DATA_SEGMENT_ALIGN (0x1000, 0x1000)

.eh_frame
 *(.eh_frame)
 *(.eh_frame.*)

.gnu_extab
 *(.gnu_extab)

.gcc_except_table
 *(.gcc_except_table .gcc_except_table.*)

.exception_ranges
 *(.exception_ranges .exception_ranges*)

.tdata
 *(.tdata .tdata.* .gnu.linkonce.td.*)

.tbss
 *(.tbss .tbss.* .gnu.linkonce.tb.*)
 *(.tcommon)

.preinit_array  0x00000000c0008000        0x0
                [!provide]                        PROVIDE (__preinit_array_start, .)
 *(.preinit_array)
                [!provide]                        PROVIDE (__preinit_array_end, .)

.init_array     0x00000000c0008000        0x0
                [!provide]                        PROVIDE (__init_array_start, .)
 *(SORT(.init_array.*) SORT(.ctors.*))
 *(.init_array EXCLUDE_FILE(*crtend?.o *crtend.o *crtbegin?.o *crtbegin.o) .ctors)
                [!provide]                        PROVIDE (__init_array_end, .)

.fini_array     0x00000000c0008000        0x0
                [!provide]                        PROVIDE (__fini_array_start, .)
 *(SORT(.fini_array.*) SORT(.dtors.*))
 *(.fini_array EXCLUDE_FILE(*crtend?.o *crtend.o *crtbegin?.o *crtbegin.o) .dtors)
                [!provide]                        PROVIDE (__fini_array_end, .)

.ctors
 *crtbegin.o(.ctors)
 *crtbegin?.o(.ctors)
 *(EXCLUDE_FILE(*crtend?.o *crtend.o) .ctors)
 *(SORT(.ctors.*))
 *(.ctors)

.dtors
 *crtbegin.o(.dtors)
 *crtbegin?.o(.dtors)
 *(EXCLUDE_FILE(*crtend?.o *crtend.o) .dtors)
 *(SORT(.dtors.*))
 *(.dtors)

.jcr
 *(.jcr)

.data.rel.ro
 *(.data.rel.ro.local* .gnu.linkonce.d.rel.ro.local.*)
 *(.data.rel.ro .data.rel.ro.* .gnu.linkonce.d.rel.ro.*)

.dynamic
 *(.dynamic)

.got
 *(.got)
 *(.igot)
                0x00000000c0008000                . = DATA_SEGMENT_RELRO_END (., (SIZEOF (.got.plt) >= 0xc)?0xc:0x0)

.got.plt        0x00000000c0008000        0x0
 *(.got.plt)
 *(.igot.plt)

.data           0x00000000c0008000      0x156
 *(.data .data.* .gnu.linkonce.d.*)
 .data          0x00000000c0008000        0x0 build/main.o
 .data          0x00000000c0008000        0x0 build/init.o
 .data          0x00000000c0008000        0x0 build/interrupt.o
 .data          0x00000000c0008000        0x0 build/timer.o
 .data          0x00000000c0008000       0xd2 build/kernel.o
                0x00000000c0008012                intr_entry_table
 *fill*         0x00000000c00080d2        0x2 
 .data          0x00000000c00080d4        0x8 build/print.o
 .data          0x00000000c00080dc        0x0 build/debug.o
 .data          0x00000000c00080dc        0x0 build/memory.o
 .data          0x00000000c00080dc        0x0 build/bitmap.o
 .data          0x00000000c00080dc        0x0 build/string.o
 .data          0x00000000c00080dc        0x0 build/thread.o
 .data          0x00000000c00080dc        0x0 build/list.o
 .data          0x00000000c00080dc        0x0 build/console.o
 .data          0x00000000c00080dc        0x0 build/sync.o
 *fill*         0x00000000c00080dc        0x4 
 .data          0x00000000c00080e0       0x76 build/keyboard.o
 .data          0x00000000c0008156        0x0 build/ioqueue.o
 .data          0x00000000c0008156        0x0 build/tss.o
 .data          0x00000000c0008156        0x0 build/process.o

.data1
 *(.data1)
                0x00000000c0008156                _edata = .
                [!provide]                        PROVIDE (edata, .)
                0x00000000c0008156                . = .
                0x00000000c0008156                __bss_start = .

.bss            0x00000000c0008160      0x50c
 *(.dynbss)
 *(.bss .bss.* .gnu.linkonce.b.*)
 .bss           0x00000000c0008160        0x8 build/main.o
                0x00000000c0008160                test_var_a
                0x00000000c0008164                test_var_b
 .bss           0x00000000c0008168        0x0 build/init.o
 *fill*         0x00000000c0008168       0x18 
 .bss           0x00000000c0008180      0x180 build/interrupt.o
 .bss           0x00000000c0008300        0x0 build/timer.o
 .bss           0x00000000c0008300        0x0 build/debug.o
 .bss           0x00000000c0008300        0x0 build/memory.o
 .bss           0x00000000c0008300        0x0 build/bitmap.o
 .bss           0x00000000c0008300        0x0 build/string.o
 .bss           0x00000000c0008300        0x4 build/thread.o
 .bss           0x00000000c0008304        0x0 build/list.o
 .bss           0x00000000c0008304       0x1c build/console.o
 .bss           0x00000000c0008320        0x0 build/sync.o
 .bss           0x00000000c0008320       0x14 build/keyboard.o
 .bss           0x00000000c0008334        0x0 build/ioqueue.o
 *fill*         0x00000000c0008334        0xc 
 .bss           0x00000000c0008340       0x6c build/tss.o
 .bss           0x00000000c00083ac        0x0 build/process.o
 *(COMMON)
 *fill*         0x00000000c00083ac       0x14 
 COMMON         0x00000000c00083c0      0x180 build/interrupt.o
                0x00000000c00083c0                intr_name
                0x00000000c0008480                idt_table
 COMMON         0x00000000c0008540        0x4 build/timer.o
                0x00000000c0008540                ticks
 *fill*         0x00000000c0008544       0x1c 
 COMMON         0x00000000c0008560       0x6c build/memory.o
                0x00000000c0008560                user_pool
                0x00000000c000858c                kernel_vaddr
                0x00000000c00085a0                kernel_pool
 COMMON         0x00000000c00085cc       0x24 build/thread.o
                0x00000000c00085cc                thread_ready_list
                0x00000000c00085dc                thread_all_list
                0x00000000c00085ec                main_thread
 *fill*         0x00000000c00085f0       0x10 
 COMMON         0x00000000c0008600       0x6c build/keyboard.o
                0x00000000c0008600                kbd_buf
                0x00000000c000866c                . = ALIGN ((. != 0x0)?0x4:0x1)
                0x00000000c000866c                . = ALIGN (0x4)
                0x00000000c000866c                . = SEGMENT_START ("ldata-segment", .)
                0x00000000c000866c                . = ALIGN (0x4)
                0x00000000c000866c                _end = .
                [!provide]                        PROVIDE (end, .)
                0x00000000c000866c                . = DATA_SEGMENT_END (.)

.stab
 *(.stab)

.stabstr
 *(.stabstr)

.stab.excl
 *(.stab.excl)

.stab.exclstr
 *(.stab.exclstr)

.stab.index
 *(.stab.index)

.stab.indexstr
 *(.stab.indexstr)

.comment        0x0000000000000000       0x2d
 *(.comment)
 .comment       0x0000000000000000       0x2d build/main.o
                                         0x2e (size before relaxing)
 .comment       0x000000000000002d       0x2e build/init.o
 .comment       0x000000000000002d       0x2e build/interrupt.o
 .comment       0x000000000000002d       0x2e build/timer.o
 .comment       0x000000000000002d       0x2e build/debug.o
 .comment       0x000000000000002d       0x2e build/memory.o
 .comment       0x000000000000002d       0x2e build/bitmap.o
 .comment       0x000000000000002d       0x2e build/string.o
 .comment       0x000000000000002d       0x2e build/thread.o
 .comment       0x000000000000002d       0x2e build/list.o
 .comment       0x000000000000002d       0x2e build/console.o
 .comment       0x000000000000002d       0x2e build/sync.o
 .comment       0x000000000000002d       0x2e build/keyboard.o
 .comment       0x000000000000002d       0x2e build/ioqueue.o
 .comment       0x000000000000002d       0x2e build/tss.o
 .comment       0x000000000000002d       0x2e build/process.o

.debug
 *(.debug)

.line
 *(.line)

.debug_srcinfo
 *(.debug_srcinfo)

.debug_sfnames
 *(.debug_sfnames)

.debug_aranges
 *(.debug_aranges)

.debug_pubnames
 *(.debug_pubnames)

.debug_info
 *(.debug_info .gnu.linkonce.wi.*)

.debug_abbrev
 *(.debug_abbrev)

.debug_line
 *(.debug_line .debug_line.* .debug_line_end)

.debug_frame
 *(.debug_frame)

.debug_str
 *(.debug_str)

.debug_loc
 *(.debug_loc)

.debug_macinfo
 *(.debug_macinfo)

.debug_weaknames
 *(.debug_weaknames)

.debug_funcnames
 *(.debug_funcnames)

.debug_typenames
 *(.debug_typenames)

.debug_varnames
 *(.debug_varnames)

.debug_pubtypes
 *(.debug_pubtypes)

.debug_ranges
 *(.debug_ranges)

.debug_macro
 *(.debug_macro)

.gnu.attributes
 *(.gnu.attributes)

/DISCARD/
 *(.note.GNU-stack)
 *(.gnu_debuglink)
 *(.gnu.lto_*)
OUTPUT(build/kernel.bin elf32-i386)
